Archive member included to satisfy reference by file (symbol)

../libDaisy/build\libdaisy.a(daisy_seed.o)
                              build/Perspective.o (daisy::DaisySeed::Configure())
../libDaisy/build\libdaisy.a(codec_ak4556.o)
                              ../libDaisy/build\libdaisy.a(daisy_seed.o) (daisy::Ak4556::Init(daisy::Pin))
../libDaisy/build\libdaisy.a(codec_wm8731.o)
                              ../libDaisy/build\libdaisy.a(daisy_seed.o) (daisy::Wm8731::Init(daisy::Wm8731::Config const&, daisy::I2CHandle))
../libDaisy/build\libdaisy.a(sdram.o)
                              ../libDaisy/build\libdaisy.a(daisy_seed.o) (SdramHandle::Init())
../libDaisy/build\libdaisy.a(audio.o)
                              ../libDaisy/build\libdaisy.a(daisy_seed.o) (daisy::AudioHandle::Init(daisy::AudioHandle::Config const&, daisy::SaiHandle))
../libDaisy/build\libdaisy.a(gpio.o)
                              ../libDaisy/build\libdaisy.a(daisy_seed.o) (daisy::GPIO::Init(daisy::GPIO::Config const&))
../libDaisy/build\libdaisy.a(i2c.o)
                              ../libDaisy/build\libdaisy.a(daisy_seed.o) (daisy::I2CHandle::Init(daisy::I2CHandle::Config const&))
../libDaisy/build\libdaisy.a(qspi.o)
                              ../libDaisy/build\libdaisy.a(daisy_seed.o) (daisy::QSPIHandle::Init(daisy::QSPIHandle::Config const&))
../libDaisy/build\libdaisy.a(sai.o)
                              ../libDaisy/build\libdaisy.a(daisy_seed.o) (daisy::SaiHandle::Init(daisy::SaiHandle::Config const&))
../libDaisy/build\libdaisy.a(system.o)
                              ../libDaisy/build\libdaisy.a(daisy_seed.o) (daisy::System::DeInit())
../libDaisy/build\libdaisy.a(system_stm32h7xx.o)
                              build/startup_stm32h750xx.o (SystemInit)
../libDaisy/build\libdaisy.a(usbd_conf.o)
                              ../libDaisy/build\libdaisy.a(system.o) (hpcd_USB_OTG_HS)
../libDaisy/build\libdaisy.a(usbh_conf.o)
                              ../libDaisy/build\libdaisy.a(system.o) (hhcd_USB_OTG_HS)
../libDaisy/build\libdaisy.a(stm32h7xx_hal.o)
                              ../libDaisy/build\libdaisy.a(system.o) (HAL_Init)
../libDaisy/build\libdaisy.a(stm32h7xx_hal_cortex.o)
                              ../libDaisy/build\libdaisy.a(stm32h7xx_hal.o) (HAL_NVIC_SetPriorityGrouping)
../libDaisy/build\libdaisy.a(stm32h7xx_hal_dma.o)
                              ../libDaisy/build\libdaisy.a(i2c.o) (HAL_DMA_Init)
../libDaisy/build\libdaisy.a(stm32h7xx_hal_gpio.o)
                              ../libDaisy/build\libdaisy.a(sdram.o) (HAL_GPIO_Init)
../libDaisy/build\libdaisy.a(stm32h7xx_hal_hcd.o)
                              ../libDaisy/build\libdaisy.a(usbh_conf.o) (HAL_HCD_HC_Init)
../libDaisy/build\libdaisy.a(stm32h7xx_hal_i2c.o)
                              ../libDaisy/build\libdaisy.a(i2c.o) (HAL_I2C_Init)
../libDaisy/build\libdaisy.a(stm32h7xx_hal_i2c_ex.o)
                              ../libDaisy/build\libdaisy.a(i2c.o) (HAL_I2CEx_ConfigAnalogFilter)
../libDaisy/build\libdaisy.a(stm32h7xx_hal_pcd.o)
                              ../libDaisy/build\libdaisy.a(usbd_conf.o) (HAL_PCD_Init)
../libDaisy/build\libdaisy.a(stm32h7xx_hal_pcd_ex.o)
                              ../libDaisy/build\libdaisy.a(usbd_conf.o) (HAL_PCDEx_SetTxFiFo)
../libDaisy/build\libdaisy.a(stm32h7xx_hal_pwr_ex.o)
                              ../libDaisy/build\libdaisy.a(system.o) (HAL_PWREx_ConfigSupply)
../libDaisy/build\libdaisy.a(stm32h7xx_hal_qspi.o)
                              ../libDaisy/build\libdaisy.a(qspi.o) (HAL_QSPI_Init)
../libDaisy/build\libdaisy.a(stm32h7xx_hal_rcc.o)
                              ../libDaisy/build\libdaisy.a(system.o) (HAL_RCC_OscConfig)
../libDaisy/build\libdaisy.a(stm32h7xx_hal_rcc_ex.o)
                              ../libDaisy/build\libdaisy.a(system.o) (HAL_RCCEx_PeriphCLKConfig)
../libDaisy/build\libdaisy.a(stm32h7xx_hal_sai.o)
                              ../libDaisy/build\libdaisy.a(sai.o) (HAL_SAI_InitProtocol)
../libDaisy/build\libdaisy.a(stm32h7xx_hal_sdram.o)
                              ../libDaisy/build\libdaisy.a(sdram.o) (HAL_SDRAM_Init)
../libDaisy/build\libdaisy.a(stm32h7xx_ll_fmc.o)
                              ../libDaisy/build\libdaisy.a(stm32h7xx_hal_sdram.o) (FMC_SDRAM_Init)
../libDaisy/build\libdaisy.a(stm32h7xx_ll_usb.o)
                              ../libDaisy/build\libdaisy.a(stm32h7xx_hal_hcd.o) (USB_CoreInit)
../libDaisy/build\libdaisy.a(usbd_core.o)
                              ../libDaisy/build\libdaisy.a(usbd_conf.o) (USBD_LL_SetupStage)
../libDaisy/build\libdaisy.a(usbd_ctlreq.o)
                              ../libDaisy/build\libdaisy.a(usbd_core.o) (USBD_StdDevReq)
../libDaisy/build\libdaisy.a(usbd_ioreq.o)
                              ../libDaisy/build\libdaisy.a(usbd_ctlreq.o) (USBD_CtlSendData)
../libDaisy/build\libdaisy.a(usbh_core.o)
                              ../libDaisy/build\libdaisy.a(usbh_conf.o) (USBH_LL_SetTimer)
[...]
Memory Configuration

Name             Origin             Length             Attributes
FLASH            0x08000000         0x00020000         xr
DTCMRAM          0x20000000         0x00020000         xrw
SRAM             0x24000000         0x00080000         xrw
RAM_D2           0x30000000         0x00048000         xrw
RAM_D3           0x38000000         0x00010000         xrw
BACKUP_SRAM      0x38800000         0x00001000         xrw
ITCMRAM          0x00000000         0x00010000         xrw
SDRAM            0xc0000000         0x04000000         xrw
QSPIFLASH        0x90000000         0x00800000         xr
*default*        0x00000000         0xffffffff

Linker script and memory map

LOAD C:/Program Files (x86)/Arm GNU Toolchain arm-none-eabi/14.3 rel1/bin/../lib/gcc/arm-none-eabi/14.3.1/thumb/v7e-m+dp/hard/crti.o
LOAD C:/Program Files (x86)/Arm GNU Toolchain arm-none-eabi/14.3 rel1/bin/../lib/gcc/arm-none-eabi/14.3.1/thumb/v7e-m+dp/hard/crtbegin.o
LOAD C:/Program Files (x86)/Arm GNU Toolchain arm-none-eabi/14.3 rel1/bin/../lib/gcc/arm-none-eabi/14.3.1/../../../../arm-none-eabi/lib/thumb/v7e-m+dp/hard/crt0.o
LOAD build/startup_stm32h750xx.o
LOAD build/Perspective.o
LOAD ../libDaisy/build\libdaisy.a
LOAD C:/Program Files (x86)/Arm GNU Toolchain arm-none-eabi/14.3 rel1/bin/../lib/gcc/arm-none-eabi/14.3.1/../../../../arm-none-eabi/lib/thumb/v7e-m+dp/hard\libnosys.a
LOAD ../DaisySP/build\libdaisysp.a
LOAD C:/Program Files (x86)/Arm GNU Toolchain arm-none-eabi/14.3 rel1/bin/../lib/gcc/arm-none-eabi/14.3.1/../../../../arm-none-eabi/lib/thumb/v7e-m+dp/hard\libstdc++_nano.a
LOAD C:/Program Files (x86)/Arm GNU Toolchain arm-none-eabi/14.3 rel1/bin/../lib/gcc/arm-none-eabi/14.3.1/../../../../arm-none-eabi/lib/thumb/v7e-m+dp/hard\libm.a
LOAD C:/Program Files (x86)/Arm GNU Toolchain arm-none-eabi/14.3 rel1/bin/../lib/gcc/arm-none-eabi/14.3.1/../../../../arm-none-eabi/lib/thumb/v7e-m+dp/hard\libc_nano.a
START GROUP
LOAD C:/Program Files (x86)/Arm GNU Toolchain arm-none-eabi/14.3 rel1/bin/../lib/gcc/arm-none-eabi/14.3.1/thumb/v7e-m+dp/hard\libgcc.a
LOAD C:/Program Files (x86)/Arm GNU Toolchain arm-none-eabi/14.3 rel1/bin/../lib/gcc/arm-none-eabi/14.3.1/../../../../arm-none-eabi/lib/thumb/v7e-m+dp/hard\libc_nano.a
END GROUP
START GROUP
LOAD C:/Program Files (x86)/Arm GNU Toolchain arm-none-eabi/14.3 rel1/bin/../lib/gcc/arm-none-eabi/14.3.1/thumb/v7e-m+dp/hard\libgcc.a
LOAD C:/Program Files (x86)/Arm GNU Toolchain arm-none-eabi/14.3 rel1/bin/../lib/gcc/arm-none-eabi/14.3.1/../../../../arm-none-eabi/lib/thumb/v7e-m+dp/hard\libc_nano.a
LOAD C:/Program Files (x86)/Arm GNU Toolchain arm-none-eabi/14.3 rel1/bin/../lib/gcc/arm-none-eabi/14.3.1/../../../../arm-none-eabi/lib/thumb/v7e-m+dp/hard\libnosys.a
END GROUP
START GROUP
LOAD C:/Program Files (x86)/Arm GNU Toolchain arm-none-eabi/14.3 rel1/bin/../lib/gcc/arm-none-eabi/14.3.1/thumb/v7e-m+dp/hard\libgcc.a
LOAD C:/Program Files (x86)/Arm GNU Toolchain arm-none-eabi/14.3 rel1/bin/../lib/gcc/arm-none-eabi/14.3.1/../../../../arm-none-eabi/lib/thumb/v7e-m+dp/hard\libc_nano.a
LOAD C:/Program Files (x86)/Arm GNU Toolchain arm-none-eabi/14.3 rel1/bin/../lib/gcc/arm-none-eabi/14.3.1/../../../../arm-none-eabi/lib/thumb/v7e-m+dp/hard\libnosys.a
END GROUP
LOAD C:/Program Files (x86)/Arm GNU Toolchain arm-none-eabi/14.3 rel1/bin/../lib/gcc/arm-none-eabi/14.3.1/thumb/v7e-m+dp/hard/crtend.o
LOAD C:/Program Files (x86)/Arm GNU Toolchain arm-none-eabi/14.3 rel1/bin/../lib/gcc/arm-none-eabi/14.3.1/thumb/v7e-m+dp/hard/crtn.o
                0x20020000                        _estack = 0x20020000

.isr_vector     0x08000000      0x298
                0x08000000                        . = ALIGN (0x4)
 *(.isr_vector)
 .isr_vector    0x08000000      0x298 build/startup_stm32h750xx.o
                0x08000000                g_pfnVectors
                0x08000298                        . = ALIGN (0x4)

.text           0x08000298    0x10254
                0x08000298                        . = ALIGN (0x4)
                0x08000298                        _stext = .
 *(.text)
 .text          0x08000298       0x30 C:/Program Files (x86)/Arm GNU Toolchain arm-none-eabi/14.3 rel1/bin/../lib/gcc/arm-none-eabi/14.3.1/thumb/v7e-m+dp/hard\libgcc.a(_aeabi_uldivmod.o)
                0x08000298                __aeabi_uldivmod
 .text          0x080002c8        0x4 C:/Program Files (x86)/Arm GNU Toolchain arm-none-eabi/14.3 rel1/bin/../lib/gcc/arm-none-eabi/14.3.1/thumb/v7e-m+dp/hard\libgcc.a(_dvmd_tls.o)
                0x080002c8                __aeabi_idiv0
                0x080002c8                __aeabi_ldiv0
 *(.text*)
 .text.deregister_tm_clones
                0x080002cc       0x1c C:/Program Files (x86)/Arm GNU Toolchain arm-none-eabi/14.3 rel1/bin/../lib/gcc/arm-none-eabi/14.3.1/thumb/v7e-m+dp/hard/crtbegin.o
 .text.register_tm_clones
                0x080002e8       0x24 C:/Program Files (x86)/Arm GNU Toolchain arm-none-eabi/14.3 rel1/bin/../lib/gcc/arm-none-eabi/14.3.1/thumb/v7e-m+dp/hard/crtbegin.o
 .text.__do_global_dtors_aux
                0x0800030c       0x28 C:/Program Files (x86)/Arm GNU Toolchain arm-none-eabi/14.3 rel1/bin/../lib/gcc/arm-none-eabi/14.3.1/thumb/v7e-m+dp/hard/crtbegin.o
 .text.frame_dummy
                0x08000334       0x24 C:/Program Files (x86)/Arm GNU Toolchain arm-none-eabi/14.3 rel1/bin/../lib/gcc/arm-none-eabi/14.3.1/thumb/v7e-m+dp/hard/crtbegin.o
 .text.Default_Handler
                0x08000358        0xc build/startup_stm32h750xx.o
                0x08000358                RTC_Alarm_IRQHandler
                0x08000358                HASH_RNG_IRQHandler
                0x08000358                EXTI2_IRQHandler
                0x08000358                TIM8_CC_IRQHandler
                0x08000358                HRTIM1_Master_IRQHandler
                0x08000358                DebugMon_Handler
                0x08000358                TIM1_CC_IRQHandler
                0x08000358                BDMA_Channel6_IRQHandler
                0x08000358                DMA2_Stream5_IRQHandler
                0x08000358                HRTIM1_FLT_IRQHandler
                0x08000358                JPEG_IRQHandler
                0x08000358                BDMA_Channel1_IRQHandler
                0x08000358                HRTIM1_TIMD_IRQHandler
                0x08000358                TAMP_STAMP_IRQHandler
                0x08000358                PendSV_Handler
                0x08000358                NMI_Handler
                0x08000358                EXTI3_IRQHandler
                0x08000358                LPTIM4_IRQHandler
                0x08000358                TIM8_TRG_COM_TIM14_IRQHandler
                0x08000358                LPTIM2_IRQHandler
                0x08000358                DFSDM1_FLT1_IRQHandler
                0x08000358                DMAMUX2_OVR_IRQHandler
                0x08000358                TIM8_UP_TIM13_IRQHandler
                0x08000358                I2C3_ER_IRQHandler
                0x08000358                DFSDM1_FLT2_IRQHandler
                0x08000358                MDMA_IRQHandler
                0x08000358                LPTIM3_IRQHandler
                0x08000358                HSEM1_IRQHandler
                0x08000358                EXTI0_IRQHandler
                0x08000358                DMA1_Stream2_IRQHandler
                0x08000358                FPU_IRQHandler
                0x08000358                OTG_HS_WKUP_IRQHandler
                0x08000358                FDCAN1_IT1_IRQHandler
                0x08000358                UsageFault_Handler
                0x08000358                LTDC_ER_IRQHandler
                0x08000358                HRTIM1_TIME_IRQHandler
                0x08000358                TIM6_DAC_IRQHandler
                0x08000358                DCMI_IRQHandler
                0x08000358                HRTIM1_TIMC_IRQHandler
                0x08000358                SAI2_IRQHandler
                0x08000358                DFSDM1_FLT3_IRQHandler
                0x08000358                TIM17_IRQHandler
                0x08000358                CRYP_IRQHandler
                0x08000358                BDMA_Channel7_IRQHandler
                0x08000358                LPTIM5_IRQHandler
                0x08000358                ADC3_IRQHandler
                0x08000358                DMA2_Stream0_IRQHandler
                0x08000358                BDMA_Channel2_IRQHandler
                0x08000358                DMAMUX1_OVR_IRQHandler
                0x08000358                TIM16_IRQHandler
                0x08000358                BDMA_Channel5_IRQHandler
                0x08000358                RCC_IRQHandler
                0x08000358                TIM8_BRK_TIM12_IRQHandler
                0x08000358                TIM1_TRG_COM_IRQHandler
                0x08000358                Default_Handler
                0x08000358                ECC_IRQHandler
                0x08000358                CEC_IRQHandler
                0x08000358                EXTI15_10_IRQHandler
                0x08000358                BDMA_Channel0_IRQHandler
                0x08000358                ADC_IRQHandler
                0x08000358                DMA1_Stream7_IRQHandler
                0x08000358                HRTIM1_TIMA_IRQHandler
                0x08000358                TIM7_IRQHandler
                0x08000358                SDMMC1_IRQHandler
                0x08000358                DMA2_Stream7_IRQHandler
                0x08000358                TIM15_IRQHandler
                0x08000358                PVD_AVD_IRQHandler
                0x08000358                EXTI9_5_IRQHandler
                0x08000358                RTC_WKUP_IRQHandler
                0x08000358                LTDC_IRQHandler
                0x08000358                SAI3_IRQHandler
                0x08000358                ETH_WKUP_IRQHandler
                0x08000358                SPDIF_RX_IRQHandler
                0x08000358                MemManage_Handler
                0x08000358                SVC_Handler
                0x08000358                CRS_IRQHandler
                0x08000358                EXTI4_IRQHandler
                0x08000358                HRTIM1_TIMB_IRQHandler
                0x08000358                FDCAN2_IT1_IRQHandler
                0x08000358                ETH_IRQHandler
                0x08000358                TIM1_UP_IRQHandler
                0x08000358                BDMA_Channel4_IRQHandler
                0x08000358                WWDG_IRQHandler
                0x08000358                SPI6_IRQHandler
                0x08000358                I2C4_EV_IRQHandler
                0x08000358                MDIOS_IRQHandler
                0x08000358                FDCAN2_IT0_IRQHandler
                0x08000358                FDCAN1_IT0_IRQHandler
                0x08000358                OTG_FS_WKUP_IRQHandler
                0x08000358                DMA2D_IRQHandler
                0x08000358                TIM1_BRK_IRQHandler
                0x08000358                EXTI1_IRQHandler
                0x08000358                SDMMC2_IRQHandler
                0x08000358                OTG_FS_EP1_OUT_IRQHandler
                0x08000358                BDMA_Channel3_IRQHandler
                0x08000358                MDIOS_WKUP_IRQHandler
                0x08000358                DFSDM1_FLT0_IRQHandler
                0x08000358                SAI4_IRQHandler
                0x08000358                I2C2_ER_IRQHandler
                0x08000358                DMA2_Stream1_IRQHandler
                0x08000358                FLASH_IRQHandler
                0x08000358                BusFault_Handler
                0x08000358                OTG_FS_IRQHandler
                0x08000358                WAKEUP_PIN_IRQHandler
                0x08000358                OTG_FS_EP1_IN_IRQHandler
                0x08000358                I2C1_ER_IRQHandler
                0x08000358                FMC_IRQHandler
                0x08000358                FDCAN_CAL_IRQHandler
                0x08000358                SWPMI1_IRQHandler
                0x08000358                COMP1_IRQHandler
                0x08000358                LPTIM1_IRQHandler
                0x08000358                I2C4_ER_IRQHandler
                0x08000358                DMA2_Stream6_IRQHandler
                0x08000358                SAI1_IRQHandler
 .text.Reset_Handler
                0x08000364       0x48 build/startup_stm32h750xx.o
                0x08000364                Reset_Handler
 .text._ZN5daisy9DaisySeedD2Ev
                0x080003ac        0x4 build/Perspective.o
                0x080003ac                daisy::DaisySeed::~DaisySeed()
                0x080003ac                daisy::DaisySeed::~DaisySeed()
 .text.startup.main
                0x080003b0       0x2c build/Perspective.o
                0x080003b0                main
 .text.startup._GLOBAL__sub_I_hardware
                0x080003dc       0x50 build/Perspective.o
 .text._ZN5daisy9DaisySeed9ConfigureEv
                0x0800042c        0x4 ../libDaisy/build\libdaisy.a(daisy_seed.o)
                0x0800042c                daisy::DaisySeed::Configure()
 .text._ZN5daisy9DaisySeed6SetLedEb
                0x08000430        0x8 ../libDaisy/build\libdaisy.a(daisy_seed.o)
                0x08000430                daisy::DaisySeed::SetLed(bool)
 .text._ZN5daisy9DaisySeed17CheckBoardVersionEv
                0x08000438       0x6c ../libDaisy/build\libdaisy.a(daisy_seed.o)
                0x08000438                daisy::DaisySeed::CheckBoardVersion()
 .text._ZN5daisy9DaisySeed14ConfigureAudioEv
                0x080004a4      0x108 ../libDaisy/build\libdaisy.a(daisy_seed.o)
                0x080004a4                daisy::DaisySeed::ConfigureAudio()
 .text._ZN5daisy9DaisySeed4InitEb
                0x080005ac       0xf0 ../libDaisy/build\libdaisy.a(daisy_seed.o)
                0x080005ac                daisy::DaisySeed::Init(bool)
 .text._ZN5daisy6Ak45564InitENS_3PinE
                0x0800069c       0x44 ../libDaisy/build\libdaisy.a(codec_ak4556.o)
                0x0800069c                daisy::Ak4556::Init(daisy::Pin)
 .text._ZN5daisy6Wm873120WriteControlRegisterEht
                0x080006e0       0x3c ../libDaisy/build\libdaisy.a(codec_wm8731.o)
                0x080006e0                daisy::Wm8731::WriteControlRegister(unsigned char, unsigned short)
 .text._ZN5daisy6Wm87314InitERKNS0_6ConfigENS_9I2CHandleE
                0x0800071c      0x1ac ../libDaisy/build\libdaisy.a(codec_wm8731.o)
                0x0800071c                daisy::Wm8731::Init(daisy::Wm8731::Config const&, daisy::I2CHandle)
 .text._ZN11SdramHandle10DeviceInitEv
                0x080008c8       0x88 ../libDaisy/build\libdaisy.a(sdram.o)
                0x080008c8                SdramHandle::DeviceInit()
 .text._ZN11SdramHandle4InitEv
                0x08000950       0x80 ../libDaisy/build\libdaisy.a(sdram.o)
                0x08000950                SdramHandle::Init()
 .text.HAL_SDRAM_MspInit
                0x080009d0      0x19c ../libDaisy/build\libdaisy.a(sdram.o)
                0x080009d0                HAL_SDRAM_MspInit
 .text._ZN5daisy11AudioHandle4InitERKNS0_6ConfigENS_9SaiHandleE
                0x08000b6c       0x70 ../libDaisy/build\libdaisy.a(audio.o)
                0x08000b6c                daisy::AudioHandle::Init(daisy::AudioHandle::Config const&, daisy::SaiHandle)
 .text._ZNK5daisy11AudioHandle9GetConfigEv
                0x08000bdc        0x8 ../libDaisy/build\libdaisy.a(audio.o)
                0x08000bdc                daisy::AudioHandle::GetConfig() const
 .text._ZN5daisy11AudioHandle13GetSampleRateEv
                0x08000be4        0x8 ../libDaisy/build\libdaisy.a(audio.o)
                0x08000be4                daisy::AudioHandle::GetSampleRate()
 .text.startup._GLOBAL__sub_I__ZN5daisy11AudioHandle4Impl4InitENS0_6ConfigENS_9SaiHandleE
                0x08000bec       0x20 ../libDaisy/build\libdaisy.a(audio.o)
 .text._ZN5daisy4GPIO4InitERKNS0_6ConfigE
                0x08000c0c      0x220 ../libDaisy/build\libdaisy.a(gpio.o)
                0x08000c0c                daisy::GPIO::Init(daisy::GPIO::Config const&)
 .text._ZN5daisy4GPIO4InitENS_3PinENS0_4ModeENS0_4PullENS0_5SpeedE
                0x08000e2c      0x21c ../libDaisy/build\libdaisy.a(gpio.o)
                0x08000e2c                daisy::GPIO::Init(daisy::Pin, daisy::GPIO::Mode, daisy::GPIO::Pull, daisy::GPIO::Speed)
 .text._ZN5daisy4GPIO4ReadEv
                0x08001048       0x18 ../libDaisy/build\libdaisy.a(gpio.o)
                0x08001048                daisy::GPIO::Read()
 .text._ZN5daisy4GPIO5WriteEb
                0x08001060       0x14 ../libDaisy/build\libdaisy.a(gpio.o)
                0x08001060                daisy::GPIO::Write(bool)
 .text._ZN5daisy9I2CHandle4Impl8InitPinsEv
                0x08001074       0x70 ../libDaisy/build\libdaisy.a(i2c.o)
                0x08001074                daisy::I2CHandle::Impl::InitPins()
 .text.HAL_I2C_MspInit
                0x080010e4      0x1b4 ../libDaisy/build\libdaisy.a(i2c.o)
                0x080010e4                HAL_I2C_MspInit
 .text.dsy_i2c_global_init
                0x08001298       0x70 ../libDaisy/build\libdaisy.a(i2c.o)
                0x08001298                dsy_i2c_global_init
 .text.DMA1_Stream6_IRQHandler
                0x08001308       0x34 ../libDaisy/build\libdaisy.a(i2c.o)
                0x08001308                DMA1_Stream6_IRQHandler
 .text.I2C1_EV_IRQHandler
                0x0800133c        0xc ../libDaisy/build\libdaisy.a(i2c.o)
                0x0800133c                I2C1_EV_IRQHandler
 .text.I2C2_EV_IRQHandler
                0x08001348        0xc ../libDaisy/build\libdaisy.a(i2c.o)
                0x08001348                I2C2_EV_IRQHandler
 .text.I2C3_EV_IRQHandler
                0x08001354        0xc ../libDaisy/build\libdaisy.a(i2c.o)
                0x08001354                I2C3_EV_IRQHandler
 .text._ZN5daisy9I2CHandle4InitERKNS0_6ConfigE
                0x08001360      0x128 ../libDaisy/build\libdaisy.a(i2c.o)
                0x08001360                daisy::I2CHandle::Init(daisy::I2CHandle::Config const&)
 .text._ZN5daisy9I2CHandle16TransmitBlockingEtPhtm
                0x08001488       0x50 ../libDaisy/build\libdaisy.a(i2c.o)
                0x08001488                daisy::I2CHandle::TransmitBlocking(unsigned short, unsigned char*, unsigned short, unsigned long)
 .text.startup._GLOBAL__sub_I__ZN5daisy9I2CHandle4Impl10GlobalInitEv
                0x080014d8       0x2c ../libDaisy/build\libdaisy.a(i2c.o)
 .text._ZN5daisy10QSPIHandle4Impl11WriteEnableEv
                0x08001504       0x88 ../libDaisy/build\libdaisy.a(qspi.o)
                0x08001504                daisy::QSPIHandle::Impl::WriteEnable()
 *fill*         0x0800158c        0x4 
 .text._ZN5daisy10QSPIHandle4Impl17DummyCyclesConfigENS0_6Config6DeviceE
                0x08001590      0x108 ../libDaisy/build\libdaisy.a(qspi.o)
                0x08001590                daisy::QSPIHandle::Impl::DummyCyclesConfig(daisy::QSPIHandle::Config::Device)
 .text._ZN5daisy10QSPIHandle4Impl10QuadEnableEv
                0x08001698      0x148 ../libDaisy/build\libdaisy.a(qspi.o)
                0x08001698                daisy::QSPIHandle::Impl::QuadEnable()
 .text._ZN5daisy10QSPIHandle4Impl21DefaultStatusRegisterEv
                0x080017e0      0x148 ../libDaisy/build\libdaisy.a(qspi.o)
                0x080017e0                daisy::QSPIHandle::Impl::DefaultStatusRegister()
 .text._ZN5daisy10QSPIHandle4Impl7PreInitEm
                0x08001928      0x190 ../libDaisy/build\libdaisy.a(qspi.o)
                0x08001928                daisy::QSPIHandle::Impl::PreInit(unsigned long)
 .text._ZN5daisy10QSPIHandle4InitERKNS0_6ConfigE
                0x08001ab8      0x1b4 ../libDaisy/build\libdaisy.a(qspi.o)
                0x08001ab8                daisy::QSPIHandle::Init(daisy::QSPIHandle::Config const&)
 .text.HAL_QSPI_MspInit
                0x08001c6c      0x190 ../libDaisy/build\libdaisy.a(qspi.o)
                0x08001c6c                HAL_QSPI_MspInit
 .text.HAL_QSPI_MspDeInit
                0x08001dfc      0x14c ../libDaisy/build\libdaisy.a(qspi.o)
                0x08001dfc                HAL_QSPI_MspDeInit
 .text.QUADSPI_IRQHandler
                0x08001f48        0xc ../libDaisy/build\libdaisy.a(qspi.o)
                0x08001f48                QUADSPI_IRQHandler
 .text.startup._GLOBAL__sub_I__ZN5daisy10QSPIHandle4Impl7PreInitEm
                0x08001f54       0x40 ../libDaisy/build\libdaisy.a(qspi.o)
 .text._ZN5daisy9SaiHandle4Impl8InitPinsEv
                0x08001f94       0xc8 ../libDaisy/build\libdaisy.a(sai.o)
                0x08001f94                daisy::SaiHandle::Impl::InitPins()
 .text.HAL_SAI_MspInit
                0x0800205c      0x2a8 ../libDaisy/build\libdaisy.a(sai.o)
                0x0800205c                HAL_SAI_MspInit
 .text.DMA1_Stream0_IRQHandler
                0x08002304        0xc ../libDaisy/build\libdaisy.a(sai.o)
                0x08002304                DMA1_Stream0_IRQHandler
 .text.DMA1_Stream1_IRQHandler
                0x08002310        0xc ../libDaisy/build\libdaisy.a(sai.o)
                0x08002310                DMA1_Stream1_IRQHandler
 .text.DMA1_Stream3_IRQHandler
                0x0800231c        0xc ../libDaisy/build\libdaisy.a(sai.o)
                0x0800231c                DMA1_Stream3_IRQHandler
 .text.DMA1_Stream4_IRQHandler
                0x08002328        0xc ../libDaisy/build\libdaisy.a(sai.o)
                0x08002328                DMA1_Stream4_IRQHandler
 *fill*         0x08002334        0x4 
 .text._ZN5daisy9SaiHandle4InitERKNS0_6ConfigE
                0x08002338      0x1fc ../libDaisy/build\libdaisy.a(sai.o)
                0x08002338                daisy::SaiHandle::Init(daisy::SaiHandle::Config const&)
 .text._ZNK5daisy9SaiHandle9GetConfigEv
                0x08002534        0x4 ../libDaisy/build\libdaisy.a(sai.o)
                0x08002534                daisy::SaiHandle::GetConfig() const
 .text._ZN5daisy9SaiHandle13GetSampleRateEv
                0x08002538       0x24 ../libDaisy/build\libdaisy.a(sai.o)
                0x08002538                daisy::SaiHandle::GetSampleRate()
 .text.startup._GLOBAL__sub_I__ZN5daisy9SaiHandle4Impl4InitERKNS0_6ConfigE
                0x0800255c       0x20 ../libDaisy/build\libdaisy.a(sai.o)
 .text._ZN5daisy11TimerHandleD2Ev
                0x0800257c        0x4 ../libDaisy/build\libdaisy.a(system.o)
                0x0800257c                daisy::TimerHandle::~TimerHandle()
                0x0800257c                daisy::TimerHandle::~TimerHandle()
 .text.SysTick_Handler
                0x08002580       0x10 ../libDaisy/build\libdaisy.a(system.o)
                0x08002580                SysTick_Handler
 .text.OTG_HS_EP1_OUT_IRQHandler
                0x08002590       0x24 ../libDaisy/build\libdaisy.a(system.o)
                0x08002590                OTG_HS_EP1_OUT_IRQHandler
 .text.OTG_HS_EP1_IN_IRQHandler
                0x080025b4       0x24 ../libDaisy/build\libdaisy.a(system.o)
                0x080025b4                OTG_HS_EP1_IN_IRQHandler
 .text.OTG_HS_IRQHandler
                0x080025d8       0x24 ../libDaisy/build\libdaisy.a(system.o)
                0x080025d8                OTG_HS_IRQHandler
 .text.HardFault_Handler
                0x080025fc       0xe0 ../libDaisy/build\libdaisy.a(system.o)
                0x080025fc                HardFault_Handler
 .text._ZN5daisy6System5DelayEm
                0x080026dc        0x4 ../libDaisy/build\libdaisy.a(system.o)
                0x080026dc                daisy::System::Delay(unsigned long)
 .text._ZN5daisy6System20GetBootloaderVersionEv
                0x080026e0       0x34 ../libDaisy/build\libdaisy.a(system.o)
                0x080026e0                daisy::System::GetBootloaderVersion()
 *fill*         0x08002714        0x4 
 .text._ZN5daisy6System15ConfigureClocksEv
                0x08002718      0x1ac ../libDaisy/build\libdaisy.a(system.o)
                0x08002718                daisy::System::ConfigureClocks()
 .text._ZN5daisy6System12ConfigureMpuEv
                0x080028c4       0x7c ../libDaisy/build\libdaisy.a(system.o)
                0x080028c4                daisy::System::ConfigureMpu()
 .text._ZN5daisy6System4InitERKNS0_6ConfigE
                0x08002940       0xf8 ../libDaisy/build\libdaisy.a(system.o)
                0x08002940                daisy::System::Init(daisy::System::Config const&)
 .text._ZN5daisy6System12GetPClk1FreqEv
                0x08002a38        0x4 ../libDaisy/build\libdaisy.a(system.o)
                0x08002a38                daisy::System::GetPClk1Freq()
 .text._ZN5daisy6System22GetProgramMemoryRegionEv
                0x08002a3c       0x78 ../libDaisy/build\libdaisy.a(system.o)
                0x08002a3c                daisy::System::GetProgramMemoryRegion()
 .text.startup._GLOBAL__sub_I__ZN5daisy9boot_infoE
                0x08002ab4       0x20 ../libDaisy/build\libdaisy.a(system.o)
 .text.SystemInit
                0x08002ad4       0x98 ../libDaisy/build\libdaisy.a(system_stm32h7xx.o)
                0x08002ad4                SystemInit
 .text.HAL_PCD_SetupStageCallback
                0x08002b6c        0xc ../libDaisy/build\libdaisy.a(usbd_conf.o)
                0x08002b6c                HAL_PCD_SetupStageCallback
 .text.HAL_PCD_DataOutStageCallback
                0x08002b78       0x14 ../libDaisy/build\libdaisy.a(usbd_conf.o)
                0x08002b78                HAL_PCD_DataOutStageCallback
 .text.HAL_PCD_DataInStageCallback
                0x08002b8c       0x14 ../libDaisy/build\libdaisy.a(usbd_conf.o)
                0x08002b8c                HAL_PCD_DataInStageCallback
 .text.HAL_PCD_SOFCallback
                0x08002ba0        0x8 ../libDaisy/build\libdaisy.a(usbd_conf.o)
                0x08002ba0                HAL_PCD_SOFCallback
 .text.HAL_PCD_ResetCallback
                0x08002ba8       0x24 ../libDaisy/build\libdaisy.a(usbd_conf.o)
                0x08002ba8                HAL_PCD_ResetCallback
 .text.HAL_PCD_SuspendCallback
                0x08002bcc       0x30 ../libDaisy/build\libdaisy.a(usbd_conf.o)
                0x08002bcc                HAL_PCD_SuspendCallback
 .text.HAL_PCD_ResumeCallback
                0x08002bfc        0x8 ../libDaisy/build\libdaisy.a(usbd_conf.o)
                0x08002bfc                HAL_PCD_ResumeCallback
 .text.HAL_PCD_ISOOUTIncompleteCallback
                0x08002c04        0x8 ../libDaisy/build\libdaisy.a(usbd_conf.o)
                0x08002c04                HAL_PCD_ISOOUTIncompleteCallback
 .text.HAL_PCD_ISOINIncompleteCallback
                0x08002c0c        0x8 ../libDaisy/build\libdaisy.a(usbd_conf.o)
                0x08002c0c                HAL_PCD_ISOINIncompleteCallback
 .text.HAL_PCD_ConnectCallback
                0x08002c14        0x8 ../libDaisy/build\libdaisy.a(usbd_conf.o)
                0x08002c14                HAL_PCD_ConnectCallback
 .text.HAL_PCD_DisconnectCallback
                0x08002c1c        0x8 ../libDaisy/build\libdaisy.a(usbd_conf.o)
                0x08002c1c                HAL_PCD_DisconnectCallback
 .text.USBD_LL_OpenEP
                0x08002c24       0x1c ../libDaisy/build\libdaisy.a(usbd_conf.o)
                0x08002c24                USBD_LL_OpenEP
 .text.USBD_LL_StallEP
                0x08002c40       0x18 ../libDaisy/build\libdaisy.a(usbd_conf.o)
                0x08002c40                USBD_LL_StallEP
 .text.USBD_LL_ClearStallEP
                0x08002c58       0x18 ../libDaisy/build\libdaisy.a(usbd_conf.o)
                0x08002c58                USBD_LL_ClearStallEP
 .text.USBD_LL_IsStallEP
                0x08002c70       0x28 ../libDaisy/build\libdaisy.a(usbd_conf.o)
                0x08002c70                USBD_LL_IsStallEP
 .text.USBD_LL_SetUSBAddress
                0x08002c98       0x18 ../libDaisy/build\libdaisy.a(usbd_conf.o)
                0x08002c98                USBD_LL_SetUSBAddress
 .text.USBD_LL_Transmit
                0x08002cb0       0x18 ../libDaisy/build\libdaisy.a(usbd_conf.o)
                0x08002cb0                USBD_LL_Transmit
 .text.USBD_LL_PrepareReceive
                0x08002cc8       0x18 ../libDaisy/build\libdaisy.a(usbd_conf.o)
                0x08002cc8                USBD_LL_PrepareReceive
 .text.HAL_HCD_SOF_Callback
                0x08002ce0        0x8 ../libDaisy/build\libdaisy.a(usbh_conf.o)
                0x08002ce0                HAL_HCD_SOF_Callback
 .text.HAL_HCD_Connect_Callback
                0x08002ce8        0x8 ../libDaisy/build\libdaisy.a(usbh_conf.o)
                0x08002ce8                HAL_HCD_Connect_Callback
 .text.HAL_HCD_Disconnect_Callback
                0x08002cf0        0x8 ../libDaisy/build\libdaisy.a(usbh_conf.o)
                0x08002cf0                HAL_HCD_Disconnect_Callback
 .text.HAL_HCD_HC_NotifyURBChange_Callback
                0x08002cf8        0x4 ../libDaisy/build\libdaisy.a(usbh_conf.o)
                0x08002cf8                HAL_HCD_HC_NotifyURBChange_Callback
 .text.HAL_HCD_PortEnabled_Callback
                0x08002cfc        0x8 ../libDaisy/build\libdaisy.a(usbh_conf.o)
                0x08002cfc                HAL_HCD_PortEnabled_Callback
 .text.HAL_HCD_PortDisabled_Callback
                0x08002d04        0x8 ../libDaisy/build\libdaisy.a(usbh_conf.o)
                0x08002d04                HAL_HCD_PortDisabled_Callback
 .text.USBH_LL_Stop
                0x08002d0c       0x18 ../libDaisy/build\libdaisy.a(usbh_conf.o)
                0x08002d0c                USBH_LL_Stop
 .text.HAL_MspInit
                0x08002d24        0x4 ../libDaisy/build\libdaisy.a(stm32h7xx_hal.o)
                0x08002d24                HAL_MspInit
 .text.HAL_InitTick
                0x08002d28       0x4c ../libDaisy/build\libdaisy.a(stm32h7xx_hal.o)
                0x08002d28                HAL_InitTick
 .text.HAL_Init
                0x08002d74       0x60 ../libDaisy/build\libdaisy.a(stm32h7xx_hal.o)
                0x08002d74                HAL_Init
 .text.HAL_IncTick
                0x08002dd4       0x18 ../libDaisy/build\libdaisy.a(stm32h7xx_hal.o)
                0x08002dd4                HAL_IncTick
 .text.HAL_GetTick
                0x08002dec        0xc ../libDaisy/build\libdaisy.a(stm32h7xx_hal.o)
                0x08002dec                HAL_GetTick
 .text.HAL_Delay
                0x08002df8       0x24 ../libDaisy/build\libdaisy.a(stm32h7xx_hal.o)
                0x08002df8                HAL_Delay
 .text.HAL_GetREVID
                0x08002e1c        0xc ../libDaisy/build\libdaisy.a(stm32h7xx_hal.o)
                0x08002e1c                HAL_GetREVID
 .text.HAL_NVIC_SetPriorityGrouping
                0x08002e28       0x24 ../libDaisy/build\libdaisy.a(stm32h7xx_hal_cortex.o)
                0x08002e28                HAL_NVIC_SetPriorityGrouping
 .text.HAL_NVIC_SetPriority
                0x08002e4c       0x78 ../libDaisy/build\libdaisy.a(stm32h7xx_hal_cortex.o)
                0x08002e4c                HAL_NVIC_SetPriority
 .text.HAL_NVIC_EnableIRQ
                0x08002ec4       0x1c ../libDaisy/build\libdaisy.a(stm32h7xx_hal_cortex.o)
                0x08002ec4                HAL_NVIC_EnableIRQ
 .text.HAL_NVIC_DisableIRQ
                0x08002ee0       0x24 ../libDaisy/build\libdaisy.a(stm32h7xx_hal_cortex.o)
                0x08002ee0                HAL_NVIC_DisableIRQ
 .text.HAL_SYSTICK_Config
                0x08002f04       0x2c ../libDaisy/build\libdaisy.a(stm32h7xx_hal_cortex.o)
                0x08002f04                HAL_SYSTICK_Config
 .text.HAL_MPU_Disable
                0x08002f30       0x1c ../libDaisy/build\libdaisy.a(stm32h7xx_hal_cortex.o)
                0x08002f30                HAL_MPU_Disable
 .text.HAL_MPU_Enable
                0x08002f4c       0x20 ../libDaisy/build\libdaisy.a(stm32h7xx_hal_cortex.o)
                0x08002f4c                HAL_MPU_Enable
 .text.HAL_MPU_ConfigRegion
                0x08002f6c       0x64 ../libDaisy/build\libdaisy.a(stm32h7xx_hal_cortex.o)
                0x08002f6c                HAL_MPU_ConfigRegion
 .text.HAL_SYSTICK_Callback
                0x08002fd0        0x4 ../libDaisy/build\libdaisy.a(stm32h7xx_hal_cortex.o)
                0x08002fd0                HAL_SYSTICK_Callback
 .text.HAL_SYSTICK_IRQHandler
                0x08002fd4        0x8 ../libDaisy/build\libdaisy.a(stm32h7xx_hal_cortex.o)
                0x08002fd4                HAL_SYSTICK_IRQHandler
 .text.DMA_CalcBaseAndBitshift
                0x08002fdc      0x100 ../libDaisy/build\libdaisy.a(stm32h7xx_hal_dma.o)
 .text.DMA_CalcDMAMUXChannelBaseAndMask
                0x080030dc       0xd4 ../libDaisy/build\libdaisy.a(stm32h7xx_hal_dma.o)
 .text.HAL_DMA_Init
                0x080031b0      0x520 ../libDaisy/build\libdaisy.a(stm32h7xx_hal_dma.o)
                0x080031b0                HAL_DMA_Init
 .text.HAL_DMA_Start_IT
                0x080036d0      0x62c ../libDaisy/build\libdaisy.a(stm32h7xx_hal_dma.o)
                0x080036d0                HAL_DMA_Start_IT
 .text.HAL_DMA_Abort
                0x08003cfc      0x36c ../libDaisy/build\libdaisy.a(stm32h7xx_hal_dma.o)
                0x08003cfc                HAL_DMA_Abort
 .text.HAL_DMA_Abort_IT
                0x08004068      0x198 ../libDaisy/build\libdaisy.a(stm32h7xx_hal_dma.o)
                0x08004068                HAL_DMA_Abort_IT
 .text.HAL_DMA_IRQHandler
                0x08004200      0x424 ../libDaisy/build\libdaisy.a(stm32h7xx_hal_dma.o)
                0x08004200                HAL_DMA_IRQHandler
 .text.HAL_DMA_GetError
                0x08004624        0x4 ../libDaisy/build\libdaisy.a(stm32h7xx_hal_dma.o)
                0x08004624                HAL_DMA_GetError
 .text.HAL_GPIO_Init
                0x08004628      0x408 ../libDaisy/build\libdaisy.a(stm32h7xx_hal_gpio.o)
                0x08004628                HAL_GPIO_Init
 .text.HAL_GPIO_DeInit
                0x08004a30      0x260 ../libDaisy/build\libdaisy.a(stm32h7xx_hal_gpio.o)
                0x08004a30                HAL_GPIO_DeInit
 .text.HAL_GPIO_ReadPin
                0x08004c90        0xc ../libDaisy/build\libdaisy.a(stm32h7xx_hal_gpio.o)
                0x08004c90                HAL_GPIO_ReadPin
 .text.HAL_GPIO_WritePin
                0x08004c9c        0x8 ../libDaisy/build\libdaisy.a(stm32h7xx_hal_gpio.o)
                0x08004c9c                HAL_GPIO_WritePin
 .text.HAL_HCD_IRQHandler
                0x08004ca4      0x93c ../libDaisy/build\libdaisy.a(stm32h7xx_hal_hcd.o)
                0x08004ca4                HAL_HCD_IRQHandler
 .text.HAL_HCD_Stop
                0x080055e0       0x28 ../libDaisy/build\libdaisy.a(stm32h7xx_hal_hcd.o)
                0x080055e0                HAL_HCD_Stop
 .text.I2C_WaitOnTXISFlagUntilTimeout
                0x08005608      0x17c ../libDaisy/build\libdaisy.a(stm32h7xx_hal_i2c.o)
 .text.I2C_WaitOnSTOPFlagUntilTimeout
                0x08005784      0x198 ../libDaisy/build\libdaisy.a(stm32h7xx_hal_i2c.o)
 .text.HAL_I2C_Init
                0x0800591c       0xac ../libDaisy/build\libdaisy.a(stm32h7xx_hal_i2c.o)
                0x0800591c                HAL_I2C_Init
 .text.HAL_I2C_Master_Transmit
                0x080059c8      0x398 ../libDaisy/build\libdaisy.a(stm32h7xx_hal_i2c.o)
                0x080059c8                HAL_I2C_Master_Transmit
 .text.HAL_I2C_Slave_Transmit
                0x08005d60      0x27c ../libDaisy/build\libdaisy.a(stm32h7xx_hal_i2c.o)
                0x08005d60                HAL_I2C_Slave_Transmit
 .text.HAL_I2C_EV_IRQHandler
                0x08005fdc       0x10 ../libDaisy/build\libdaisy.a(stm32h7xx_hal_i2c.o)
                0x08005fdc                HAL_I2C_EV_IRQHandler
 .text.HAL_I2C_GetState
                0x08005fec        0x8 ../libDaisy/build\libdaisy.a(stm32h7xx_hal_i2c.o)
                0x08005fec                HAL_I2C_GetState
 .text.HAL_I2CEx_ConfigAnalogFilter
                0x08005ff4       0x54 ../libDaisy/build\libdaisy.a(stm32h7xx_hal_i2c_ex.o)
                0x08005ff4                HAL_I2CEx_ConfigAnalogFilter
 .text.HAL_I2CEx_ConfigDigitalFilter
                0x08006048       0x58 ../libDaisy/build\libdaisy.a(stm32h7xx_hal_i2c_ex.o)
                0x08006048                HAL_I2CEx_ConfigDigitalFilter
 .text.HAL_PCD_IRQHandler
                0x080060a0      0xb6c ../libDaisy/build\libdaisy.a(stm32h7xx_hal_pcd.o)
                0x080060a0                HAL_PCD_IRQHandler
 .text.HAL_PCD_SetAddress
                0x08006c0c       0x2c ../libDaisy/build\libdaisy.a(stm32h7xx_hal_pcd.o)
                0x08006c0c                HAL_PCD_SetAddress
 .text.HAL_PCD_EP_Open
                0x08006c38       0x70 ../libDaisy/build\libdaisy.a(stm32h7xx_hal_pcd.o)
                0x08006c38                HAL_PCD_EP_Open
 .text.HAL_PCD_EP_Receive
                0x08006ca8       0x44 ../libDaisy/build\libdaisy.a(stm32h7xx_hal_pcd.o)
                0x08006ca8                HAL_PCD_EP_Receive
 .text.HAL_PCD_EP_Transmit
                0x08006cec       0x44 ../libDaisy/build\libdaisy.a(stm32h7xx_hal_pcd.o)
                0x08006cec                HAL_PCD_EP_Transmit
 .text.HAL_PCD_EP_SetStall
                0x08006d30       0x84 ../libDaisy/build\libdaisy.a(stm32h7xx_hal_pcd.o)
                0x08006d30                HAL_PCD_EP_SetStall
 .text.HAL_PCD_EP_ClrStall
                0x08006db4       0x70 ../libDaisy/build\libdaisy.a(stm32h7xx_hal_pcd.o)
                0x08006db4                HAL_PCD_EP_ClrStall
 .text.HAL_PCDEx_LPM_Callback
                0x08006e24        0x4 ../libDaisy/build\libdaisy.a(stm32h7xx_hal_pcd_ex.o)
                0x08006e24                HAL_PCDEx_LPM_Callback
 .text.HAL_PWREx_ConfigSupply
                0x08006e28       0x48 ../libDaisy/build\libdaisy.a(stm32h7xx_hal_pwr_ex.o)
                0x08006e28                HAL_PWREx_ConfigSupply
 .text.HAL_PWREx_EnableUSBVoltageDetector
                0x08006e70       0x10 ../libDaisy/build\libdaisy.a(stm32h7xx_hal_pwr_ex.o)
                0x08006e70                HAL_PWREx_EnableUSBVoltageDetector
 .text.QSPI_Config
                0x08006e80      0x188 ../libDaisy/build\libdaisy.a(stm32h7xx_hal_qspi.o)
 .text.HAL_QSPI_Init
                0x08007008       0xc8 ../libDaisy/build\libdaisy.a(stm32h7xx_hal_qspi.o)
                0x08007008                HAL_QSPI_Init
 .text.HAL_QSPI_DeInit
                0x080070d0       0x24 ../libDaisy/build\libdaisy.a(stm32h7xx_hal_qspi.o)
                0x080070d0                HAL_QSPI_DeInit
 .text.HAL_QSPI_Command
                0x080070f4       0xf8 ../libDaisy/build\libdaisy.a(stm32h7xx_hal_qspi.o)
                0x080070f4                HAL_QSPI_Command
 .text.HAL_QSPI_Transmit
                0x080071ec      0x11c ../libDaisy/build\libdaisy.a(stm32h7xx_hal_qspi.o)
                0x080071ec                HAL_QSPI_Transmit
 .text.HAL_QSPI_Receive
                0x08007308      0x124 ../libDaisy/build\libdaisy.a(stm32h7xx_hal_qspi.o)
                0x08007308                HAL_QSPI_Receive
 .text.HAL_QSPI_AutoPolling
                0x0800742c      0x11c ../libDaisy/build\libdaisy.a(stm32h7xx_hal_qspi.o)
                0x0800742c                HAL_QSPI_AutoPolling
 .text.HAL_QSPI_MemoryMapped
                0x08007548       0xc4 ../libDaisy/build\libdaisy.a(stm32h7xx_hal_qspi.o)
                0x08007548                HAL_QSPI_MemoryMapped
 .text.HAL_QSPI_ErrorCallback
                0x0800760c        0x4 ../libDaisy/build\libdaisy.a(stm32h7xx_hal_qspi.o)
                0x0800760c                HAL_QSPI_ErrorCallback
 .text.QSPI_DMAAbortCplt
                0x08007610       0x38 ../libDaisy/build\libdaisy.a(stm32h7xx_hal_qspi.o)
 .text.HAL_QSPI_AbortCpltCallback
                0x08007648        0x4 ../libDaisy/build\libdaisy.a(stm32h7xx_hal_qspi.o)
                0x08007648                HAL_QSPI_AbortCpltCallback
 .text.HAL_QSPI_CmdCpltCallback
                0x0800764c        0x4 ../libDaisy/build\libdaisy.a(stm32h7xx_hal_qspi.o)
                0x0800764c                HAL_QSPI_CmdCpltCallback
 .text.HAL_QSPI_RxCpltCallback
                0x08007650        0x4 ../libDaisy/build\libdaisy.a(stm32h7xx_hal_qspi.o)
                0x08007650                HAL_QSPI_RxCpltCallback
 .text.HAL_QSPI_TxCpltCallback
                0x08007654        0x4 ../libDaisy/build\libdaisy.a(stm32h7xx_hal_qspi.o)
                0x08007654                HAL_QSPI_TxCpltCallback
 .text.HAL_QSPI_FifoThresholdCallback
                0x08007658        0x4 ../libDaisy/build\libdaisy.a(stm32h7xx_hal_qspi.o)
                0x08007658                HAL_QSPI_FifoThresholdCallback
 .text.HAL_QSPI_StatusMatchCallback
                0x0800765c        0x4 ../libDaisy/build\libdaisy.a(stm32h7xx_hal_qspi.o)
                0x0800765c                HAL_QSPI_StatusMatchCallback
 .text.HAL_QSPI_TimeOutCallback
                0x08007660        0x4 ../libDaisy/build\libdaisy.a(stm32h7xx_hal_qspi.o)
                0x08007660                HAL_QSPI_TimeOutCallback
 .text.HAL_QSPI_IRQHandler
                0x08007664      0x210 ../libDaisy/build\libdaisy.a(stm32h7xx_hal_qspi.o)
                0x08007664                HAL_QSPI_IRQHandler
 .text.HAL_RCC_GetSysClockFreq.part.0
                0x08007874       0xe4 ../libDaisy/build\libdaisy.a(stm32h7xx_hal_rcc.o)
 .text.HAL_RCC_OscConfig
                0x08007958      0x5e0 ../libDaisy/build\libdaisy.a(stm32h7xx_hal_rcc.o)
                0x08007958                HAL_RCC_OscConfig
 .text.HAL_RCC_GetSysClockFreq
                0x08007f38      0x11c ../libDaisy/build\libdaisy.a(stm32h7xx_hal_rcc.o)
                0x08007f38                HAL_RCC_GetSysClockFreq
 .text.HAL_RCC_ClockConfig
                0x08008054      0x254 ../libDaisy/build\libdaisy.a(stm32h7xx_hal_rcc.o)
                0x08008054                HAL_RCC_ClockConfig
 .text.HAL_RCC_GetHCLKFreq
                0x080082a8       0x80 ../libDaisy/build\libdaisy.a(stm32h7xx_hal_rcc.o)
                0x080082a8                HAL_RCC_GetHCLKFreq
 .text.HAL_RCC_GetPCLK1Freq
                0x08008328       0x90 ../libDaisy/build\libdaisy.a(stm32h7xx_hal_rcc.o)
                0x08008328                HAL_RCC_GetPCLK1Freq
 .text.HAL_RCC_GetPCLK2Freq
                0x080083b8       0x90 ../libDaisy/build\libdaisy.a(stm32h7xx_hal_rcc.o)
                0x080083b8                HAL_RCC_GetPCLK2Freq
 .text.RCCEx_PLL2_Config.part.0
                0x08008448       0xe0 ../libDaisy/build\libdaisy.a(stm32h7xx_hal_rcc_ex.o)
 .text.RCCEx_PLL3_Config.part.0
                0x08008528       0xe0 ../libDaisy/build\libdaisy.a(stm32h7xx_hal_rcc_ex.o)
 .text.HAL_RCCEx_PeriphCLKConfig
                0x08008608      0xe6c ../libDaisy/build\libdaisy.a(stm32h7xx_hal_rcc_ex.o)
                0x08008608                HAL_RCCEx_PeriphCLKConfig
 .text.HAL_RCCEx_GetD3PCLK1Freq
                0x08009474       0x24 ../libDaisy/build\libdaisy.a(stm32h7xx_hal_rcc_ex.o)
                0x08009474                HAL_RCCEx_GetD3PCLK1Freq
 .text.HAL_RCCEx_GetPLL2ClockFreq
                0x08009498      0x134 ../libDaisy/build\libdaisy.a(stm32h7xx_hal_rcc_ex.o)
                0x08009498                HAL_RCCEx_GetPLL2ClockFreq
 .text.HAL_RCCEx_GetPLL3ClockFreq
                0x080095cc      0x134 ../libDaisy/build\libdaisy.a(stm32h7xx_hal_rcc_ex.o)
                0x080095cc                HAL_RCCEx_GetPLL3ClockFreq
 .text.HAL_RCCEx_GetPLL1ClockFreq
                0x08009700      0x134 ../libDaisy/build\libdaisy.a(stm32h7xx_hal_rcc_ex.o)
                0x08009700                HAL_RCCEx_GetPLL1ClockFreq
 .text.HAL_RCCEx_GetPeriphCLKFreq
                0x08009834      0x6f8 ../libDaisy/build\libdaisy.a(stm32h7xx_hal_rcc_ex.o)
                0x08009834                HAL_RCCEx_GetPeriphCLKFreq
 .text.HAL_SAI_Init
                0x08009f2c      0x3c8 ../libDaisy/build\libdaisy.a(stm32h7xx_hal_sai.o)
                0x08009f2c                HAL_SAI_Init
 .text.HAL_SAI_InitProtocol
                0x0800a2f4      0x138 ../libDaisy/build\libdaisy.a(stm32h7xx_hal_sai.o)
                0x0800a2f4                HAL_SAI_InitProtocol
 .text.HAL_SDRAM_Init
                0x0800a42c       0x54 ../libDaisy/build\libdaisy.a(stm32h7xx_hal_sdram.o)
                0x0800a42c                HAL_SDRAM_Init
 .text.HAL_SDRAM_SendCommand
                0x0800a480       0x40 ../libDaisy/build\libdaisy.a(stm32h7xx_hal_sdram.o)
                0x0800a480                HAL_SDRAM_SendCommand
 .text.HAL_SDRAM_ProgramRefreshRate
                0x0800a4c0       0x30 ../libDaisy/build\libdaisy.a(stm32h7xx_hal_sdram.o)
                0x0800a4c0                HAL_SDRAM_ProgramRefreshRate
 .text.FMC_SDRAM_Init
                0x0800a4f0       0x6c ../libDaisy/build\libdaisy.a(stm32h7xx_ll_fmc.o)
                0x0800a4f0                FMC_SDRAM_Init
 .text.FMC_SDRAM_Timing_Init
                0x0800a55c       0x7c ../libDaisy/build\libdaisy.a(stm32h7xx_ll_fmc.o)
                0x0800a55c                FMC_SDRAM_Timing_Init
 .text.FMC_SDRAM_SendCommand
                0x0800a5d8       0x34 ../libDaisy/build\libdaisy.a(stm32h7xx_ll_fmc.o)
                0x0800a5d8                FMC_SDRAM_SendCommand
 .text.FMC_SDRAM_ProgramRefreshRate
                0x0800a60c       0x14 ../libDaisy/build\libdaisy.a(stm32h7xx_ll_fmc.o)
                0x0800a60c                FMC_SDRAM_ProgramRefreshRate
 .text.USB_SetTurnaroundTime
                0x0800a620       0xf4 ../libDaisy/build\libdaisy.a(stm32h7xx_ll_usb.o)
                0x0800a620                USB_SetTurnaroundTime
 .text.USB_FlushTxFifo
                0x0800a714       0x54 ../libDaisy/build\libdaisy.a(stm32h7xx_ll_usb.o)
                0x0800a714                USB_FlushTxFifo
 .text.USB_FlushRxFifo
                0x0800a768       0x50 ../libDaisy/build\libdaisy.a(stm32h7xx_ll_usb.o)
                0x0800a768                USB_FlushRxFifo
 .text.USB_GetDevSpeed
                0x0800a7b8       0x18 ../libDaisy/build\libdaisy.a(stm32h7xx_ll_usb.o)
                0x0800a7b8                USB_GetDevSpeed
 .text.USB_ActivateEndpoint
                0x0800a7d0       0x8c ../libDaisy/build\libdaisy.a(stm32h7xx_ll_usb.o)
                0x0800a7d0                USB_ActivateEndpoint
 .text.USB_EPStartXfer
                0x0800a85c      0x23c ../libDaisy/build\libdaisy.a(stm32h7xx_ll_usb.o)
                0x0800a85c                USB_EPStartXfer
 .text.USB_EPStopXfer
                0x0800aa98       0x94 ../libDaisy/build\libdaisy.a(stm32h7xx_ll_usb.o)
                0x0800aa98                USB_EPStopXfer
 .text.USB_WritePacket
                0x0800ab2c       0x2c ../libDaisy/build\libdaisy.a(stm32h7xx_ll_usb.o)
                0x0800ab2c                USB_WritePacket
 .text.USB_ReadPacket
                0x0800ab58       0x4c ../libDaisy/build\libdaisy.a(stm32h7xx_ll_usb.o)
                0x0800ab58                USB_ReadPacket
 .text.USB_EPSetStall
                0x0800aba4       0x70 ../libDaisy/build\libdaisy.a(stm32h7xx_ll_usb.o)
                0x0800aba4                USB_EPSetStall
 .text.USB_EPClearStall
                0x0800ac14       0x58 ../libDaisy/build\libdaisy.a(stm32h7xx_ll_usb.o)
                0x0800ac14                USB_EPClearStall
 .text.USB_SetDevAddress
                0x0800ac6c       0x24 ../libDaisy/build\libdaisy.a(stm32h7xx_ll_usb.o)
                0x0800ac6c                USB_SetDevAddress
 .text.USB_ReadInterrupts
                0x0800ac90        0x8 ../libDaisy/build\libdaisy.a(stm32h7xx_ll_usb.o)
                0x0800ac90                USB_ReadInterrupts
 .text.USB_ReadChInterrupts
                0x0800ac98       0x10 ../libDaisy/build\libdaisy.a(stm32h7xx_ll_usb.o)
                0x0800ac98                USB_ReadChInterrupts
 .text.USB_ReadDevAllOutEpInterrupt
                0x0800aca8       0x10 ../libDaisy/build\libdaisy.a(stm32h7xx_ll_usb.o)
                0x0800aca8                USB_ReadDevAllOutEpInterrupt
 .text.USB_ReadDevAllInEpInterrupt
                0x0800acb8       0x10 ../libDaisy/build\libdaisy.a(stm32h7xx_ll_usb.o)
                0x0800acb8                USB_ReadDevAllInEpInterrupt
 .text.USB_ReadDevOutEPInterrupt
                0x0800acc8       0x10 ../libDaisy/build\libdaisy.a(stm32h7xx_ll_usb.o)
                0x0800acc8                USB_ReadDevOutEPInterrupt
 .text.USB_ReadDevInEPInterrupt
                0x0800acd8       0x20 ../libDaisy/build\libdaisy.a(stm32h7xx_ll_usb.o)
                0x0800acd8                USB_ReadDevInEPInterrupt
 .text.USB_GetMode
                0x0800acf8        0x8 ../libDaisy/build\libdaisy.a(stm32h7xx_ll_usb.o)
                0x0800acf8                USB_GetMode
 .text.USB_ActivateSetup
                0x0800ad00       0x20 ../libDaisy/build\libdaisy.a(stm32h7xx_ll_usb.o)
                0x0800ad00                USB_ActivateSetup
 .text.USB_EP0_OutStart
                0x0800ad20       0x50 ../libDaisy/build\libdaisy.a(stm32h7xx_ll_usb.o)
                0x0800ad20                USB_EP0_OutStart
 .text.USB_InitFSLSPClkSel
                0x0800ad70       0x44 ../libDaisy/build\libdaisy.a(stm32h7xx_ll_usb.o)
                0x0800ad70                USB_InitFSLSPClkSel
 .text.USB_HC_ReadInterrupt
                0x0800adb4        0x8 ../libDaisy/build\libdaisy.a(stm32h7xx_ll_usb.o)
                0x0800adb4                USB_HC_ReadInterrupt
 .text.USB_HC_Halt
                0x0800adbc       0xd4 ../libDaisy/build\libdaisy.a(stm32h7xx_ll_usb.o)
                0x0800adbc                USB_HC_Halt
 .text.USB_StopHost
                0x0800ae90      0x1ec ../libDaisy/build\libdaisy.a(stm32h7xx_ll_usb.o)
                0x0800ae90                USB_StopHost
 .text.USBD_SetClassConfig
                0x0800b07c       0x10 ../libDaisy/build\libdaisy.a(usbd_core.o)
                0x0800b07c                USBD_SetClassConfig
 .text.USBD_ClrClassConfig
                0x0800b08c       0x14 ../libDaisy/build\libdaisy.a(usbd_core.o)
                0x0800b08c                USBD_ClrClassConfig
 .text.USBD_LL_SetupStage
                0x0800b0a0       0x60 ../libDaisy/build\libdaisy.a(usbd_core.o)
                0x0800b0a0                USBD_LL_SetupStage
 .text.USBD_LL_DataOutStage
                0x0800b100       0x74 ../libDaisy/build\libdaisy.a(usbd_core.o)
                0x0800b100                USBD_LL_DataOutStage
 .text.USBD_LL_DataInStage
                0x0800b174       0xc0 ../libDaisy/build\libdaisy.a(usbd_core.o)
                0x0800b174                USBD_LL_DataInStage
 .text.USBD_LL_Reset
                0x0800b234       0x5c ../libDaisy/build\libdaisy.a(usbd_core.o)
                0x0800b234                USBD_LL_Reset
 .text.USBD_LL_SetSpeed
                0x0800b290        0x8 ../libDaisy/build\libdaisy.a(usbd_core.o)
                0x0800b290                USBD_LL_SetSpeed
 .text.USBD_LL_Suspend
                0x0800b298       0x20 ../libDaisy/build\libdaisy.a(usbd_core.o)
                0x0800b298                USBD_LL_Suspend
 .text.USBD_LL_Resume
                0x0800b2b8       0x18 ../libDaisy/build\libdaisy.a(usbd_core.o)
                0x0800b2b8                USBD_LL_Resume
 .text.USBD_LL_SOF
                0x0800b2d0       0x20 ../libDaisy/build\libdaisy.a(usbd_core.o)
                0x0800b2d0                USBD_LL_SOF
 .text.USBD_LL_IsoINIncomplete
                0x0800b2f0       0x2c ../libDaisy/build\libdaisy.a(usbd_core.o)
                0x0800b2f0                USBD_LL_IsoINIncomplete
 .text.USBD_LL_IsoOUTIncomplete
                0x0800b31c       0x2c ../libDaisy/build\libdaisy.a(usbd_core.o)
                0x0800b31c                USBD_LL_IsoOUTIncomplete
 .text.USBD_LL_DevConnected
                0x0800b348        0x4 ../libDaisy/build\libdaisy.a(usbd_core.o)
                0x0800b348                USBD_LL_DevConnected
 .text.USBD_LL_DevDisconnected
                0x0800b34c       0x24 ../libDaisy/build\libdaisy.a(usbd_core.o)
                0x0800b34c                USBD_LL_DevDisconnected
 .text.USBD_CoreFindIF
                0x0800b370        0x4 ../libDaisy/build\libdaisy.a(usbd_core.o)
                0x0800b370                USBD_CoreFindIF
 .text.USBD_CoreFindEP
                0x0800b374        0x4 ../libDaisy/build\libdaisy.a(usbd_core.o)
                0x0800b374                USBD_CoreFindEP
 .text.USBD_StdDevReq
                0x0800b378      0x350 ../libDaisy/build\libdaisy.a(usbd_ctlreq.o)
                0x0800b378                USBD_StdDevReq
 .text.USBD_StdItfReq
                0x0800b6c8       0x80 ../libDaisy/build\libdaisy.a(usbd_ctlreq.o)
                0x0800b6c8                USBD_StdItfReq
 .text.USBD_StdEPReq
                0x0800b748      0x15c ../libDaisy/build\libdaisy.a(usbd_ctlreq.o)
                0x0800b748                USBD_StdEPReq
 .text.USBD_ParseSetupRequest
                0x0800b8a4       0x18 ../libDaisy/build\libdaisy.a(usbd_ctlreq.o)
                0x0800b8a4                USBD_ParseSetupRequest
 .text.USBD_CtlSendData
                0x0800b8bc       0x1c ../libDaisy/build\libdaisy.a(usbd_ioreq.o)
                0x0800b8bc                USBD_CtlSendData
 .text.USBD_CtlContinueSendData
                0x0800b8d8       0x14 ../libDaisy/build\libdaisy.a(usbd_ioreq.o)
                0x0800b8d8                USBD_CtlContinueSendData
 .text.USBD_CtlContinueRx
                0x0800b8ec       0x14 ../libDaisy/build\libdaisy.a(usbd_ioreq.o)
                0x0800b8ec                USBD_CtlContinueRx
 .text.USBD_CtlSendStatus
                0x0800b900       0x18 ../libDaisy/build\libdaisy.a(usbd_ioreq.o)
                0x0800b900                USBD_CtlSendStatus
 .text.USBD_CtlReceiveStatus
                0x0800b918       0x18 ../libDaisy/build\libdaisy.a(usbd_ioreq.o)
                0x0800b918                USBD_CtlReceiveStatus
 .text.USBH_LL_IncTimer
                0x0800b930       0x20 ../libDaisy/build\libdaisy.a(usbh_core.o)
                0x0800b930                USBH_LL_IncTimer
 .text.USBH_LL_PortEnabled
                0x0800b950        0x8 ../libDaisy/build\libdaisy.a(usbh_core.o)
                0x0800b950                USBH_LL_PortEnabled
 .text.USBH_LL_PortDisabled
                0x0800b958        0x8 ../libDaisy/build\libdaisy.a(usbh_core.o)
                0x0800b958                USBH_LL_PortDisabled
 .text.USBH_LL_Connect
                0x0800b960       0x18 ../libDaisy/build\libdaisy.a(usbh_core.o)
                0x0800b960                USBH_LL_Connect
 .text.USBH_LL_Disconnect
                0x0800b978       0x2c ../libDaisy/build\libdaisy.a(usbh_core.o)
                0x0800b978                USBH_LL_Disconnect
 .text.USBH_FreePipe
                0x0800b9a4       0x18 ../libDaisy/build\libdaisy.a(usbh_pipes.o)
                0x0800b9a4                USBH_FreePipe
 .text._ZN5daisy6Random4InitEv
                0x0800b9bc       0x3c ../libDaisy/build\libdaisy.a(rng.o)
                0x0800b9bc                daisy::Random::Init()
 .text._ZN5daisy9SpiHandle4Impl7InitDmaEv
                0x0800b9f8       0xec ../libDaisy/build\libdaisy.a(spi.o)
                0x0800b9f8                daisy::SpiHandle::Impl::InitDma()
 .text._ZN5daisy9SpiHandle4Impl10StartDmaTxEPhjPFvPvEPFvS3_NS0_6ResultEES3_
                0x0800bae4       0x84 ../libDaisy/build\libdaisy.a(spi.o)
                0x0800bae4                daisy::SpiHandle::Impl::StartDmaTx(unsigned char*, unsigned int, void (*)(void*), void (*)(void*, daisy::SpiHandle::Result), void*)
 .text._ZN5daisy9SpiHandle4Impl10StartDmaRxEPhjPFvPvEPFvS3_NS0_6ResultEES3_
                0x0800bb68       0x84 ../libDaisy/build\libdaisy.a(spi.o)
                0x0800bb68                daisy::SpiHandle::Impl::StartDmaRx(unsigned char*, unsigned int, void (*)(void*), void (*)(void*, daisy::SpiHandle::Result), void*)
 .text._ZN5daisy9SpiHandle4Impl12StartDmaRxTxEPhS2_jPFvPvEPFvS3_NS0_6ResultEES3_
                0x0800bbec       0x88 ../libDaisy/build\libdaisy.a(spi.o)
                0x0800bbec                daisy::SpiHandle::Impl::StartDmaRxTx(unsigned char*, unsigned char*, unsigned int, void (*)(void*), void (*)(void*, daisy::SpiHandle::Result), void*)
 .text._ZN5daisy9SpiHandle4Impl8InitPinsEv
                0x0800bc74      0x21c ../libDaisy/build\libdaisy.a(spi.o)
                0x0800bc74                daisy::SpiHandle::Impl::InitPins()
 .text.HAL_SPI_MspInit
                0x0800be90      0x6e8 ../libDaisy/build\libdaisy.a(spi.o)
                0x0800be90                HAL_SPI_MspInit
 .text.dsy_spi_global_init
                0x0800c578       0x80 ../libDaisy/build\libdaisy.a(spi.o)
                0x0800c578                dsy_spi_global_init
 .text.SPI1_IRQHandler
                0x0800c5f8        0xc ../libDaisy/build\libdaisy.a(spi.o)
                0x0800c5f8                SPI1_IRQHandler
 .text.SPI2_IRQHandler
                0x0800c604        0xc ../libDaisy/build\libdaisy.a(spi.o)
                0x0800c604                SPI2_IRQHandler
 .text.SPI3_IRQHandler
                0x0800c610        0xc ../libDaisy/build\libdaisy.a(spi.o)
                0x0800c610                SPI3_IRQHandler
 .text.SPI4_IRQHandler
                0x0800c61c        0xc ../libDaisy/build\libdaisy.a(spi.o)
                0x0800c61c                SPI4_IRQHandler
 .text.SPI5_IRQHandler
                0x0800c628        0xc ../libDaisy/build\libdaisy.a(spi.o)
                0x0800c628                SPI5_IRQHandler
 .text.DMA2_Stream2_IRQHandler
                0x0800c634       0x34 ../libDaisy/build\libdaisy.a(spi.o)
                0x0800c634                DMA2_Stream2_IRQHandler
 .text.DMA2_Stream3_IRQHandler
                0x0800c668       0x34 ../libDaisy/build\libdaisy.a(spi.o)
                0x0800c668                DMA2_Stream3_IRQHandler
 .text.HAL_SPI_TxCpltCallback
                0x0800c69c       0xc0 ../libDaisy/build\libdaisy.a(spi.o)
                0x0800c69c                HAL_SPI_TxCpltCallback
 .text.HAL_SPI_RxCpltCallback
                0x0800c75c       0xc0 ../libDaisy/build\libdaisy.a(spi.o)
                0x0800c75c                HAL_SPI_RxCpltCallback
 .text.HAL_SPI_TxRxCpltCallback
                0x0800c81c       0xc0 ../libDaisy/build\libdaisy.a(spi.o)
                0x0800c81c                HAL_SPI_TxRxCpltCallback
 .text.HAL_SPI_ErrorCallback
                0x0800c8dc       0xc8 ../libDaisy/build\libdaisy.a(spi.o)
                0x0800c8dc                HAL_SPI_ErrorCallback
 .text.startup._GLOBAL__sub_I__Z19MapInstanceToHandleP11SPI_TypeDef
                0x0800c9a4      0x1d8 ../libDaisy/build\libdaisy.a(spi.o)
 .text.HAL_TIM_Base_MspInit
                0x0800cb7c      0x19c ../libDaisy/build\libdaisy.a(tim.o)
                0x0800cb7c                HAL_TIM_Base_MspInit
 .text.HAL_TIM_PeriodElapsedCallback
                0x0800cd18       0x44 ../libDaisy/build\libdaisy.a(tim.o)
                0x0800cd18                HAL_TIM_PeriodElapsedCallback
 .text.TIM2_IRQHandler
                0x0800cd5c        0xc ../libDaisy/build\libdaisy.a(tim.o)
                0x0800cd5c                TIM2_IRQHandler
 .text.TIM3_IRQHandler
                0x0800cd68        0xc ../libDaisy/build\libdaisy.a(tim.o)
                0x0800cd68                TIM3_IRQHandler
 .text.TIM4_IRQHandler
                0x0800cd74        0xc ../libDaisy/build\libdaisy.a(tim.o)
                0x0800cd74                TIM4_IRQHandler
 .text.TIM5_IRQHandler
                0x0800cd80        0xc ../libDaisy/build\libdaisy.a(tim.o)
                0x0800cd80                TIM5_IRQHandler
 .text._ZN5daisy11TimerHandle4InitERKNS0_6ConfigE
                0x0800cd8c       0xc8 ../libDaisy/build\libdaisy.a(tim.o)
                0x0800cd8c                daisy::TimerHandle::Init(daisy::TimerHandle::Config const&)
 .text._ZN5daisy11TimerHandle5StartEv
                0x0800ce54       0x24 ../libDaisy/build\libdaisy.a(tim.o)
                0x0800ce54                daisy::TimerHandle::Start()
 .text.startup._GLOBAL__sub_I__ZN5daisy11TimerHandle4Impl4InitERKNS0_6ConfigE
                0x0800ce78       0x44 ../libDaisy/build\libdaisy.a(tim.o)
 .text._ZL20UART_CheckRxListenerPN5daisy11UartHandler4ImplE
                0x0800cebc       0x84 ../libDaisy/build\libdaisy.a(uart.o)
 .text._ZN5daisy11UartHandler4Impl10StartDmaTxEPhjPFvPvEPFvS3_NS0_6ResultEES3_
                0x0800cf40      0x170 ../libDaisy/build\libdaisy.a(uart.o)
                0x0800cf40                daisy::UartHandler::Impl::StartDmaTx(unsigned char*, unsigned int, void (*)(void*), void (*)(void*, daisy::UartHandler::Result), void*)
 .text._ZN5daisy11UartHandler4Impl10StartDmaRxEPhjPFvPvEPFvS3_NS0_6ResultEES3_
                0x0800d0b0      0x170 ../libDaisy/build\libdaisy.a(uart.o)
                0x0800d0b0                daisy::UartHandler::Impl::StartDmaRx(unsigned char*, unsigned int, void (*)(void*), void (*)(void*, daisy::UartHandler::Result), void*)
 .text._ZN5daisy11UartHandler4Impl19DmaTransferFinishedEP20__UART_HandleTypeDefNS0_6ResultE
                0x0800d220       0xc0 ../libDaisy/build\libdaisy.a(uart.o)
                0x0800d220                daisy::UartHandler::Impl::DmaTransferFinished(__UART_HandleTypeDef*, daisy::UartHandler::Result)
 .text._ZN5daisy11UartHandler4Impl8InitPinsEv
                0x0800d2e0      0x14c ../libDaisy/build\libdaisy.a(uart.o)
                0x0800d2e0                daisy::UartHandler::Impl::InitPins()
 .text.HAL_UART_MspInit
                0x0800d42c      0x4b4 ../libDaisy/build\libdaisy.a(uart.o)
                0x0800d42c                HAL_UART_MspInit
 .text.dsy_uart_global_init
                0x0800d8e0       0xfc ../libDaisy/build\libdaisy.a(uart.o)
                0x0800d8e0                dsy_uart_global_init
 .text.USART1_IRQHandler
                0x0800d9dc       0x30 ../libDaisy/build\libdaisy.a(uart.o)
                0x0800d9dc                USART1_IRQHandler
 .text.USART2_IRQHandler
                0x0800da0c       0x38 ../libDaisy/build\libdaisy.a(uart.o)
                0x0800da0c                USART2_IRQHandler
 .text.USART3_IRQHandler
                0x0800da44       0x38 ../libDaisy/build\libdaisy.a(uart.o)
                0x0800da44                USART3_IRQHandler
 .text.UART4_IRQHandler
                0x0800da7c       0x38 ../libDaisy/build\libdaisy.a(uart.o)
                0x0800da7c                UART4_IRQHandler
 .text.UART5_IRQHandler
                0x0800dab4       0x38 ../libDaisy/build\libdaisy.a(uart.o)
                0x0800dab4                UART5_IRQHandler
 .text.USART6_IRQHandler
                0x0800daec       0x38 ../libDaisy/build\libdaisy.a(uart.o)
                0x0800daec                USART6_IRQHandler
 .text.UART7_IRQHandler
                0x0800db24       0x38 ../libDaisy/build\libdaisy.a(uart.o)
                0x0800db24                UART7_IRQHandler
 .text.UART8_IRQHandler
                0x0800db5c       0x38 ../libDaisy/build\libdaisy.a(uart.o)
                0x0800db5c                UART8_IRQHandler
 .text.LPUART1_IRQHandler
                0x0800db94       0x38 ../libDaisy/build\libdaisy.a(uart.o)
                0x0800db94                LPUART1_IRQHandler
 .text.DMA1_Stream5_IRQHandler
                0x0800dbcc       0x34 ../libDaisy/build\libdaisy.a(uart.o)
                0x0800dbcc                DMA1_Stream5_IRQHandler
 .text.DMA2_Stream4_IRQHandler
                0x0800dc00       0x34 ../libDaisy/build\libdaisy.a(uart.o)
                0x0800dc00                DMA2_Stream4_IRQHandler
 .text.HAL_UART_TxCpltCallback
                0x0800dc34        0x8 ../libDaisy/build\libdaisy.a(uart.o)
                0x0800dc34                HAL_UART_TxCpltCallback
 .text.HAL_UART_RxCpltCallback
                0x0800dc3c       0x94 ../libDaisy/build\libdaisy.a(uart.o)
                0x0800dc3c                HAL_UART_RxCpltCallback
 .text.HAL_UART_RxHalfCpltCallback
                0x0800dcd0       0x90 ../libDaisy/build\libdaisy.a(uart.o)
                0x0800dcd0                HAL_UART_RxHalfCpltCallback
 .text.HAL_UART_ErrorCallback
                0x0800dd60       0x94 ../libDaisy/build\libdaisy.a(uart.o)
                0x0800dd60                HAL_UART_ErrorCallback
 .text.startup._GLOBAL__sub_I__Z19MapInstanceToHandleP13USART_TypeDef
                0x0800ddf4      0x1b0 ../libDaisy/build\libdaisy.a(uart.o)
 .text.dsy_dma_init
                0x0800dfa4      0x100 ../libDaisy/build\libdaisy.a(dma.o)
                0x0800dfa4                dsy_dma_init
 .text.dsy_dma_invalidate_cache_for_buffer
                0x0800e0a4       0x2c ../libDaisy/build\libdaisy.a(dma.o)
                0x0800e0a4                dsy_dma_invalidate_cache_for_buffer
 .text.HAL_MDMA_Abort_IT
                0x0800e0d0       0x28 ../libDaisy/build\libdaisy.a(stm32h7xx_hal_mdma.o)
                0x0800e0d0                HAL_MDMA_Abort_IT
 .text.SPI_CloseTransfer
                0x0800e0f8       0xb8 ../libDaisy/build\libdaisy.a(stm32h7xx_hal_spi.o)
 .text.HAL_SPI_Init
                0x0800e1b0      0x1a4 ../libDaisy/build\libdaisy.a(stm32h7xx_hal_spi.o)
                0x0800e1b0                HAL_SPI_Init
 .text.HAL_SPI_Transmit_DMA
                0x0800e354      0x170 ../libDaisy/build\libdaisy.a(stm32h7xx_hal_spi.o)
                0x0800e354                HAL_SPI_Transmit_DMA
 .text.HAL_SPI_Receive_DMA
                0x0800e4c4      0x17c ../libDaisy/build\libdaisy.a(stm32h7xx_hal_spi.o)
                0x0800e4c4                HAL_SPI_Receive_DMA
 .text.HAL_SPI_TransmitReceive_DMA
                0x0800e640      0x1f8 ../libDaisy/build\libdaisy.a(stm32h7xx_hal_spi.o)
                0x0800e640                HAL_SPI_TransmitReceive_DMA
 .text.SPI_DMATransmitCplt
                0x0800e838       0x28 ../libDaisy/build\libdaisy.a(stm32h7xx_hal_spi.o)
 .text.SPI_DMAReceiveCplt
                0x0800e860       0x28 ../libDaisy/build\libdaisy.a(stm32h7xx_hal_spi.o)
 .text.SPI_DMATransmitReceiveCplt
                0x0800e888       0x28 ../libDaisy/build\libdaisy.a(stm32h7xx_hal_spi.o)
 .text.HAL_SPI_TxHalfCpltCallback
                0x0800e8b0        0x4 ../libDaisy/build\libdaisy.a(stm32h7xx_hal_spi.o)
                0x0800e8b0                HAL_SPI_TxHalfCpltCallback
 .text.SPI_DMAHalfTransmitCplt
                0x0800e8b4        0xc ../libDaisy/build\libdaisy.a(stm32h7xx_hal_spi.o)
 .text.HAL_SPI_RxHalfCpltCallback
                0x0800e8c0        0x4 ../libDaisy/build\libdaisy.a(stm32h7xx_hal_spi.o)
                0x0800e8c0                HAL_SPI_RxHalfCpltCallback
 .text.SPI_DMAHalfReceiveCplt
                0x0800e8c4        0xc ../libDaisy/build\libdaisy.a(stm32h7xx_hal_spi.o)
 .text.HAL_SPI_TxRxHalfCpltCallback
                0x0800e8d0        0x4 ../libDaisy/build\libdaisy.a(stm32h7xx_hal_spi.o)
                0x0800e8d0                HAL_SPI_TxRxHalfCpltCallback
 .text.SPI_DMAHalfTransmitReceiveCplt
                0x0800e8d4        0xc ../libDaisy/build\libdaisy.a(stm32h7xx_hal_spi.o)
 .text.SPI_DMAError
                0x0800e8e0       0xd8 ../libDaisy/build\libdaisy.a(stm32h7xx_hal_spi.o)
 .text.SPI_DMAAbortOnError
                0x0800e9b8       0x1c ../libDaisy/build\libdaisy.a(stm32h7xx_hal_spi.o)
 .text.HAL_SPI_SuspendCallback
                0x0800e9d4        0x4 ../libDaisy/build\libdaisy.a(stm32h7xx_hal_spi.o)
                0x0800e9d4                HAL_SPI_SuspendCallback
 .text.HAL_SPI_IRQHandler
                0x0800e9d8      0x208 ../libDaisy/build\libdaisy.a(stm32h7xx_hal_spi.o)
                0x0800e9d8                HAL_SPI_IRQHandler
 .text.HAL_SPI_GetState
                0x0800ebe0        0x8 ../libDaisy/build\libdaisy.a(stm32h7xx_hal_spi.o)
                0x0800ebe0                HAL_SPI_GetState
 .text.HAL_TIM_Base_Init
                0x0800ebe8      0x144 ../libDaisy/build\libdaisy.a(stm32h7xx_hal_tim.o)
                0x0800ebe8                HAL_TIM_Base_Init
 .text.HAL_TIM_Base_Start
                0x0800ed2c       0x9c ../libDaisy/build\libdaisy.a(stm32h7xx_hal_tim.o)
                0x0800ed2c                HAL_TIM_Base_Start
 .text.HAL_TIM_Base_Start_IT
                0x0800edc8       0xa4 ../libDaisy/build\libdaisy.a(stm32h7xx_hal_tim.o)
                0x0800edc8                HAL_TIM_Base_Start_IT
 .text.HAL_TIM_ConfigClockSource
                0x0800ee6c      0x190 ../libDaisy/build\libdaisy.a(stm32h7xx_hal_tim.o)
                0x0800ee6c                HAL_TIM_ConfigClockSource
 .text.HAL_TIM_OC_DelayElapsedCallback
                0x0800effc        0x4 ../libDaisy/build\libdaisy.a(stm32h7xx_hal_tim.o)
                0x0800effc                HAL_TIM_OC_DelayElapsedCallback
 .text.HAL_TIM_IC_CaptureCallback
                0x0800f000        0x4 ../libDaisy/build\libdaisy.a(stm32h7xx_hal_tim.o)
                0x0800f000                HAL_TIM_IC_CaptureCallback
 .text.HAL_TIM_PWM_PulseFinishedCallback
                0x0800f004        0x4 ../libDaisy/build\libdaisy.a(stm32h7xx_hal_tim.o)
                0x0800f004                HAL_TIM_PWM_PulseFinishedCallback
 .text.HAL_TIM_TriggerCallback
                0x0800f008        0x4 ../libDaisy/build\libdaisy.a(stm32h7xx_hal_tim.o)
                0x0800f008                HAL_TIM_TriggerCallback
 .text.HAL_TIM_IRQHandler
                0x0800f00c      0x154 ../libDaisy/build\libdaisy.a(stm32h7xx_hal_tim.o)
                0x0800f00c                HAL_TIM_IRQHandler
 .text.HAL_TIMEx_MasterConfigSynchronization
                0x0800f160       0xb4 ../libDaisy/build\libdaisy.a(stm32h7xx_hal_tim_ex.o)
                0x0800f160                HAL_TIMEx_MasterConfigSynchronization
 .text.HAL_TIMEx_CommutCallback
                0x0800f214        0x4 ../libDaisy/build\libdaisy.a(stm32h7xx_hal_tim_ex.o)
                0x0800f214                HAL_TIMEx_CommutCallback
 .text.HAL_TIMEx_BreakCallback
                0x0800f218        0x4 ../libDaisy/build\libdaisy.a(stm32h7xx_hal_tim_ex.o)
                0x0800f218                HAL_TIMEx_BreakCallback
 .text.HAL_TIMEx_Break2Callback
                0x0800f21c        0x4 ../libDaisy/build\libdaisy.a(stm32h7xx_hal_tim_ex.o)
                0x0800f21c                HAL_TIMEx_Break2Callback
 .text.HAL_UART_Transmit_DMA
                0x0800f220       0x8c ../libDaisy/build\libdaisy.a(stm32h7xx_hal_uart.o)
                0x0800f220                HAL_UART_Transmit_DMA
 .text.UART_DMATransmitCplt
                0x0800f2ac       0x44 ../libDaisy/build\libdaisy.a(stm32h7xx_hal_uart.o)
 .text.HAL_UART_TxHalfCpltCallback
                0x0800f2f0        0x4 ../libDaisy/build\libdaisy.a(stm32h7xx_hal_uart.o)
                0x0800f2f0                HAL_UART_TxHalfCpltCallback
 .text.UART_DMATxHalfCplt
                0x0800f2f4        0xc ../libDaisy/build\libdaisy.a(stm32h7xx_hal_uart.o)
 .text.UART_DMAError
                0x0800f300       0xd4 ../libDaisy/build\libdaisy.a(stm32h7xx_hal_uart.o)
 .text.UART_DMAAbortOnError
                0x0800f3d4       0x14 ../libDaisy/build\libdaisy.a(stm32h7xx_hal_uart.o)
 .text.HAL_UARTEx_RxEventCallback
                0x0800f3e8        0x4 ../libDaisy/build\libdaisy.a(stm32h7xx_hal_uart.o)
                0x0800f3e8                HAL_UARTEx_RxEventCallback
 .text.HAL_UART_IRQHandler
                0x0800f3ec      0x3c0 ../libDaisy/build\libdaisy.a(stm32h7xx_hal_uart.o)
                0x0800f3ec                HAL_UART_IRQHandler
 .text.UART_DMARxHalfCplt
                0x0800f7ac       0x20 ../libDaisy/build\libdaisy.a(stm32h7xx_hal_uart.o)
 .text.UART_DMAReceiveCplt
                0x0800f7cc       0x9c ../libDaisy/build\libdaisy.a(stm32h7xx_hal_uart.o)
 .text.HAL_UART_GetState
                0x0800f868        0xc ../libDaisy/build\libdaisy.a(stm32h7xx_hal_uart.o)
                0x0800f868                HAL_UART_GetState
 .text.UART_SetConfig
                0x0800f874      0x374 ../libDaisy/build\libdaisy.a(stm32h7xx_hal_uart.o)
                0x0800f874                UART_SetConfig
 .text.UART_AdvFeatureConfig
                0x0800fbe8       0xb0 ../libDaisy/build\libdaisy.a(stm32h7xx_hal_uart.o)
                0x0800fbe8                UART_AdvFeatureConfig
 .text.UART_CheckIdleState
                0x0800fc98      0x258 ../libDaisy/build\libdaisy.a(stm32h7xx_hal_uart.o)
                0x0800fc98                UART_CheckIdleState
 .text.HAL_UART_Init
                0x0800fef0       0x68 ../libDaisy/build\libdaisy.a(stm32h7xx_hal_uart.o)
                0x0800fef0                HAL_UART_Init
 .text.UART_Start_Receive_DMA
                0x0800ff58       0xa0 ../libDaisy/build\libdaisy.a(stm32h7xx_hal_uart.o)
                0x0800ff58                UART_Start_Receive_DMA
 .text.HAL_UART_Receive_DMA
                0x0800fff8       0x48 ../libDaisy/build\libdaisy.a(stm32h7xx_hal_uart.o)
                0x0800fff8                HAL_UART_Receive_DMA
 .text.HAL_UARTEx_WakeupCallback
                0x08010040        0x4 ../libDaisy/build\libdaisy.a(stm32h7xx_hal_uart_ex.o)
                0x08010040                HAL_UARTEx_WakeupCallback
 .text.HAL_UARTEx_RxFifoFullCallback
                0x08010044        0x4 ../libDaisy/build\libdaisy.a(stm32h7xx_hal_uart_ex.o)
                0x08010044                HAL_UARTEx_RxFifoFullCallback
 .text.HAL_UARTEx_TxFifoEmptyCallback
                0x08010048        0x4 ../libDaisy/build\libdaisy.a(stm32h7xx_hal_uart_ex.o)
                0x08010048                HAL_UARTEx_TxFifoEmptyCallback
 .text.__aeabi_atexit
                0x0801004c        0xa C:/Program Files (x86)/Arm GNU Toolchain arm-none-eabi/14.3 rel1/bin/../lib/gcc/arm-none-eabi/14.3.1/../../../../arm-none-eabi/lib/thumb/v7e-m+dp/hard\libstdc++_nano.a(atexit_arm.o)
                0x0801004c                __aeabi_atexit
 *fill*         0x08010056        0x2 
 .text.__cxa_atexit
                0x08010058       0x1c C:/Program Files (x86)/Arm GNU Toolchain arm-none-eabi/14.3 rel1/bin/../lib/gcc/arm-none-eabi/14.3.1/../../../../arm-none-eabi/lib/thumb/v7e-m+dp/hard\libc_nano.a(libc_a-cxa_atexit.o)
                0x08010058                __cxa_atexit
 .text.memset   0x08010074       0x10 C:/Program Files (x86)/Arm GNU Toolchain arm-none-eabi/14.3 rel1/bin/../lib/gcc/arm-none-eabi/14.3.1/../../../../arm-none-eabi/lib/thumb/v7e-m+dp/hard\libc_nano.a(libc_a-memset.o)
                0x08010074                memset
 .text.__libc_init_array
                0x08010084       0x48 C:/Program Files (x86)/Arm GNU Toolchain arm-none-eabi/14.3 rel1/bin/../lib/gcc/arm-none-eabi/14.3.1/../../../../arm-none-eabi/lib/thumb/v7e-m+dp/hard\libc_nano.a(libc_a-init.o)
                0x08010084                __libc_init_array
 .text.memcpy   0x080100cc       0x1c C:/Program Files (x86)/Arm GNU Toolchain arm-none-eabi/14.3 rel1/bin/../lib/gcc/arm-none-eabi/14.3.1/../../../../arm-none-eabi/lib/thumb/v7e-m+dp/hard\libc_nano.a(libc_a-memcpy-stub.o)
                0x080100cc                memcpy
 .text.__udivmoddi4
                0x080100e8      0x2f8 C:/Program Files (x86)/Arm GNU Toolchain arm-none-eabi/14.3 rel1/bin/../lib/gcc/arm-none-eabi/14.3.1/thumb/v7e-m+dp/hard\libgcc.a(_udivmoddi4.o)
                0x080100e8                __udivmoddi4
 *(.rodata)
 .rodata        0x080103e0       0x10 ../libDaisy/build\libdaisy.a(daisy_seed.o)
 .rodata        0x080103f0       0x10 ../libDaisy/build\libdaisy.a(i2c.o)
 .rodata        0x08010400       0x10 ../libDaisy/build\libdaisy.a(tim.o)
 .rodata        0x08010410       0x12 ../libDaisy/build\libdaisy.a(uart.o)
 *(.rodata*)
 *fill*         0x08010422        0x2 
 .rodata._ZN5daisy10QSPIHandle4Impl5GetAFEj.str1.4
                0x08010424        0x7 ../libDaisy/build\libdaisy.a(qspi.o)
 *fill*         0x0801042b        0x1 
 .rodata.CSWTCH.53
                0x0801042c       0x14 ../libDaisy/build\libdaisy.a(sai.o)
 .rodata.D1CorePrescTable
                0x08010440       0x10 ../libDaisy/build\libdaisy.a(system_stm32h7xx.o)
                0x08010440                D1CorePrescTable
 .rodata.flagBitshiftOffset.0
                0x08010450        0x8 ../libDaisy/build\libdaisy.a(stm32h7xx_hal_dma.o)
 .rodata._ZL16pins_periphs_spi
                0x08010458       0x60 ../libDaisy/build\libdaisy.a(spi.o)
 .rodata._ZL13pins_none_spi
                0x080104b8        0x3 ../libDaisy/build\libdaisy.a(spi.o)
 *fill*         0x080104bb        0x1 
 .rodata.UARTPrescTable
                0x080104bc       0x18 ../libDaisy/build\libdaisy.a(stm32h7xx_hal_uart.o)
                0x080104bc                UARTPrescTable
 *(.glue_7)
 .glue_7        0x080104d4        0x0 linker stubs
 *(.glue_7t)
 .glue_7t       0x080104d4        0x0 linker stubs
 *(.init)
 .init          0x080104d4        0x4 C:/Program Files (x86)/Arm GNU Toolchain arm-none-eabi/14.3 rel1/bin/../lib/gcc/arm-none-eabi/14.3.1/thumb/v7e-m+dp/hard/crti.o
                0x080104d4                _init
 .init          0x080104d8        0x8 C:/Program Files (x86)/Arm GNU Toolchain arm-none-eabi/14.3 rel1/bin/../lib/gcc/arm-none-eabi/14.3.1/thumb/v7e-m+dp/hard/crtn.o
 *(.fini)
 .fini          0x080104e0        0x4 C:/Program Files (x86)/Arm GNU Toolchain arm-none-eabi/14.3 rel1/bin/../lib/gcc/arm-none-eabi/14.3.1/thumb/v7e-m+dp/hard/crti.o
                0x080104e0                _fini
 .fini          0x080104e4        0x8 C:/Program Files (x86)/Arm GNU Toolchain arm-none-eabi/14.3 rel1/bin/../lib/gcc/arm-none-eabi/14.3.1/thumb/v7e-m+dp/hard/crtn.o
                0x080104ec                        . = ALIGN (0x4)
                0x080104ec                        _etext = .

.eh_frame       0x080104ec        0x0
 .eh_frame      0x080104ec        0x0 C:/Program Files (x86)/Arm GNU Toolchain arm-none-eabi/14.3 rel1/bin/../lib/gcc/arm-none-eabi/14.3.1/thumb/v7e-m+dp/hard/crtbegin.o

.vfp11_veneer   0x080104ec        0x0
 .vfp11_veneer  0x080104ec        0x0 linker stubs

.v4_bx          0x080104ec        0x0
 .v4_bx         0x080104ec        0x0 linker stubs

.iplt           0x080104ec        0x0
 .iplt          0x080104ec        0x0 C:/Program Files (x86)/Arm GNU Toolchain arm-none-eabi/14.3 rel1/bin/../lib/gcc/arm-none-eabi/14.3.1/thumb/v7e-m+dp/hard/crtbegin.o

.ARM.extab      0x080104ec        0x0
                0x080104ec                        . = ALIGN (0x4)
 *(.ARM.extab)
 *(.gnu.linkonce.armextab.*)
                0x080104ec                        . = ALIGN (0x4)

.exidx          0x080104ec        0x8
                0x080104ec                        . = ALIGN (0x4)
                [!provide]                        PROVIDE (__exidx_start = .)
 *(.ARM.exidx*)
 .ARM.exidx.text.__udivmoddi4
                0x080104ec        0x8 C:/Program Files (x86)/Arm GNU Toolchain arm-none-eabi/14.3 rel1/bin/../lib/gcc/arm-none-eabi/14.3.1/thumb/v7e-m+dp/hard\libgcc.a(_udivmoddi4.o)
                0x080104f4                        . = ALIGN (0x4)
                [!provide]                        PROVIDE (__exidx_end = .)

.rel.dyn        0x080104f4        0x0
 .rel.iplt      0x080104f4        0x0 C:/Program Files (x86)/Arm GNU Toolchain arm-none-eabi/14.3 rel1/bin/../lib/gcc/arm-none-eabi/14.3.1/thumb/v7e-m+dp/hard/crtbegin.o

.ARM.attributes
                0x00000000       0x2e
 *(.ARM.attributes)
 .ARM.attributes
                0x00000000       0x20 C:/Program Files (x86)/Arm GNU Toolchain arm-none-eabi/14.3 rel1/bin/../lib/gcc/arm-none-eabi/14.3.1/thumb/v7e-m+dp/hard/crti.o
 .ARM.attributes
                0x00000020       0x32 C:/Program Files (x86)/Arm GNU Toolchain arm-none-eabi/14.3 rel1/bin/../lib/gcc/arm-none-eabi/14.3.1/thumb/v7e-m+dp/hard/crtbegin.o
 .ARM.attributes
                0x00000052       0x32 build/startup_stm32h750xx.o
 .ARM.attributes
                0x00000084       0x32 build/Perspective.o
 .ARM.attributes
                0x000000b6       0x32 ../libDaisy/build\libdaisy.a(daisy_seed.o)
 .ARM.attributes
                0x000000e8       0x32 ../libDaisy/build\libdaisy.a(codec_ak4556.o)
 .ARM.attributes
                0x0000011a       0x32 ../libDaisy/build\libdaisy.a(codec_wm8731.o)
 .ARM.attributes
                0x0000014c       0x32 ../libDaisy/build\libdaisy.a(sdram.o)
 .ARM.attributes
                0x0000017e       0x32 ../libDaisy/build\libdaisy.a(audio.o)
 .ARM.attributes
                0x000001b0       0x32 ../libDaisy/build\libdaisy.a(gpio.o)
 .ARM.attributes
                0x000001e2       0x32 ../libDaisy/build\libdaisy.a(i2c.o)
 .ARM.attributes
                0x00000214       0x32 ../libDaisy/build\libdaisy.a(qspi.o)
 .ARM.attributes
                0x00000246       0x32 ../libDaisy/build\libdaisy.a(sai.o)
 .ARM.attributes
                0x00000278       0x32 ../libDaisy/build\libdaisy.a(system.o)
 .ARM.attributes
                0x000002aa       0x32 ../libDaisy/build\libdaisy.a(system_stm32h7xx.o)
 .ARM.attributes
                0x000002dc       0x32 ../libDaisy/build\libdaisy.a(usbd_conf.o)
 .ARM.attributes
                0x0000030e       0x32 ../libDaisy/build\libdaisy.a(usbh_conf.o)
 .ARM.attributes
                0x00000340       0x32 ../libDaisy/build\libdaisy.a(stm32h7xx_hal.o)
 .ARM.attributes
                0x00000372       0x32 ../libDaisy/build\libdaisy.a(stm32h7xx_hal_cortex.o)
 .ARM.attributes
                0x000003a4       0x32 ../libDaisy/build\libdaisy.a(stm32h7xx_hal_dma.o)
 .ARM.attributes
                0x000003d6       0x32 ../libDaisy/build\libdaisy.a(stm32h7xx_hal_gpio.o)
 .ARM.attributes
                0x00000408       0x32 ../libDaisy/build\libdaisy.a(stm32h7xx_hal_hcd.o)
 .ARM.attributes
                0x0000043a       0x32 ../libDaisy/build\libdaisy.a(stm32h7xx_hal_i2c.o)
 .ARM.attributes
                0x0000046c       0x32 ../libDaisy/build\libdaisy.a(stm32h7xx_hal_i2c_ex.o)
 .ARM.attributes
                0x0000049e       0x32 ../libDaisy/build\libdaisy.a(stm32h7xx_hal_pcd.o)
 .ARM.attributes
                0x000004d0       0x32 ../libDaisy/build\libdaisy.a(stm32h7xx_hal_pcd_ex.o)
 .ARM.attributes
                0x00000502       0x32 ../libDaisy/build\libdaisy.a(stm32h7xx_hal_pwr_ex.o)
 .ARM.attributes
                0x00000534       0x32 ../libDaisy/build\libdaisy.a(stm32h7xx_hal_qspi.o)
 .ARM.attributes
                0x00000566       0x32 ../libDaisy/build\libdaisy.a(stm32h7xx_hal_rcc.o)
 .ARM.attributes
                0x00000598       0x32 ../libDaisy/build\libdaisy.a(stm32h7xx_hal_rcc_ex.o)
 .ARM.attributes
                0x000005ca       0x32 ../libDaisy/build\libdaisy.a(stm32h7xx_hal_sai.o)
 .ARM.attributes
                0x000005fc       0x32 ../libDaisy/build\libdaisy.a(stm32h7xx_hal_sdram.o)
 .ARM.attributes
                0x0000062e       0x32 ../libDaisy/build\libdaisy.a(stm32h7xx_ll_fmc.o)
 .ARM.attributes
                0x00000660       0x32 ../libDaisy/build\libdaisy.a(stm32h7xx_ll_usb.o)
 .ARM.attributes
                0x00000692       0x32 ../libDaisy/build\libdaisy.a(usbd_core.o)
 .ARM.attributes
                0x000006c4       0x32 ../libDaisy/build\libdaisy.a(usbd_ctlreq.o)
 .ARM.attributes
                0x000006f6       0x32 ../libDaisy/build\libdaisy.a(usbd_ioreq.o)
 .ARM.attributes
                0x00000728       0x32 ../libDaisy/build\libdaisy.a(usbh_core.o)
 .ARM.attributes
                0x0000075a       0x32 ../libDaisy/build\libdaisy.a(usbh_pipes.o)
 .ARM.attributes
                0x0000078c       0x32 ../libDaisy/build\libdaisy.a(rng.o)
 .ARM.attributes
                0x000007be       0x32 ../libDaisy/build\libdaisy.a(spi.o)
 .ARM.attributes
                0x000007f0       0x32 ../libDaisy/build\libdaisy.a(tim.o)
 .ARM.attributes
                0x00000822       0x32 ../libDaisy/build\libdaisy.a(uart.o)
 .ARM.attributes
                0x00000854       0x32 ../libDaisy/build\libdaisy.a(dma.o)
 .ARM.attributes
                0x00000886       0x32 ../libDaisy/build\libdaisy.a(stm32h7xx_hal_mdma.o)
 .ARM.attributes
                0x000008b8       0x32 ../libDaisy/build\libdaisy.a(stm32h7xx_hal_spi.o)
 .ARM.attributes
                0x000008ea       0x32 ../libDaisy/build\libdaisy.a(stm32h7xx_hal_tim.o)
 .ARM.attributes
                0x0000091c       0x32 ../libDaisy/build\libdaisy.a(stm32h7xx_hal_tim_ex.o)
 .ARM.attributes
                0x0000094e       0x32 ../libDaisy/build\libdaisy.a(stm32h7xx_hal_uart.o)
 .ARM.attributes
                0x00000980       0x32 ../libDaisy/build\libdaisy.a(stm32h7xx_hal_uart_ex.o)
 .ARM.attributes
                0x000009b2       0x32 C:/Program Files (x86)/Arm GNU Toolchain arm-none-eabi/14.3 rel1/bin/../lib/gcc/arm-none-eabi/14.3.1/../../../../arm-none-eabi/lib/thumb/v7e-m+dp/hard\libstdc++_nano.a(atexit_arm.o)
 .ARM.attributes
                0x000009e4       0x32 C:/Program Files (x86)/Arm GNU Toolchain arm-none-eabi/14.3 rel1/bin/../lib/gcc/arm-none-eabi/14.3.1/../../../../arm-none-eabi/lib/thumb/v7e-m+dp/hard\libc_nano.a(libc_a-cxa_atexit.o)
 .ARM.attributes
                0x00000a16       0x32 C:/Program Files (x86)/Arm GNU Toolchain arm-none-eabi/14.3 rel1/bin/../lib/gcc/arm-none-eabi/14.3.1/../../../../arm-none-eabi/lib/thumb/v7e-m+dp/hard\libc_nano.a(libc_a-memset.o)
 .ARM.attributes
                0x00000a48       0x32 C:/Program Files (x86)/Arm GNU Toolchain arm-none-eabi/14.3 rel1/bin/../lib/gcc/arm-none-eabi/14.3.1/../../../../arm-none-eabi/lib/thumb/v7e-m+dp/hard\libc_nano.a(libc_a-init.o)
 .ARM.attributes
                0x00000a7a       0x32 C:/Program Files (x86)/Arm GNU Toolchain arm-none-eabi/14.3 rel1/bin/../lib/gcc/arm-none-eabi/14.3.1/../../../../arm-none-eabi/lib/thumb/v7e-m+dp/hard\libc_nano.a(libc_a-memcpy-stub.o)
 .ARM.attributes
                0x00000aac       0x20 C:/Program Files (x86)/Arm GNU Toolchain arm-none-eabi/14.3 rel1/bin/../lib/gcc/arm-none-eabi/14.3.1/thumb/v7e-m+dp/hard\libgcc.a(_aeabi_uldivmod.o)
 .ARM.attributes
                0x00000acc       0x32 C:/Program Files (x86)/Arm GNU Toolchain arm-none-eabi/14.3 rel1/bin/../lib/gcc/arm-none-eabi/14.3.1/thumb/v7e-m+dp/hard\libgcc.a(_udivmoddi4.o)
 .ARM.attributes
                0x00000afe       0x20 C:/Program Files (x86)/Arm GNU Toolchain arm-none-eabi/14.3 rel1/bin/../lib/gcc/arm-none-eabi/14.3.1/thumb/v7e-m+dp/hard\libgcc.a(_dvmd_tls.o)
 .ARM.attributes
                0x00000b1e       0x32 C:/Program Files (x86)/Arm GNU Toolchain arm-none-eabi/14.3 rel1/bin/../lib/gcc/arm-none-eabi/14.3.1/thumb/v7e-m+dp/hard/crtend.o
 .ARM.attributes
                0x00000b50       0x20 C:/Program Files (x86)/Arm GNU Toolchain arm-none-eabi/14.3 rel1/bin/../lib/gcc/arm-none-eabi/14.3.1/thumb/v7e-m+dp/hard/crtn.o

.preinit_array  0x080104f4        0x0
                0x080104f4                        PROVIDE (__preinit_array_start = .)
 *(.preinit_array*)
                0x080104f4                        PROVIDE (__preinit_array_end = .)

.init_array     0x080104f4       0x28
                0x080104f4                        PROVIDE (__init_array_start = .)
 *(SORT_BY_NAME(.init_array.*))
 *(.init_array*)
 .init_array    0x080104f4        0x4 C:/Program Files (x86)/Arm GNU Toolchain arm-none-eabi/14.3 rel1/bin/../lib/gcc/arm-none-eabi/14.3.1/thumb/v7e-m+dp/hard/crtbegin.o
 .init_array    0x080104f8        0x4 build/Perspective.o
 .init_array    0x080104fc        0x4 ../libDaisy/build\libdaisy.a(audio.o)
 .init_array    0x08010500        0x4 ../libDaisy/build\libdaisy.a(i2c.o)
 .init_array    0x08010504        0x4 ../libDaisy/build\libdaisy.a(qspi.o)
 .init_array    0x08010508        0x4 ../libDaisy/build\libdaisy.a(sai.o)
 .init_array    0x0801050c        0x4 ../libDaisy/build\libdaisy.a(system.o)
 .init_array    0x08010510        0x4 ../libDaisy/build\libdaisy.a(spi.o)
 .init_array    0x08010514        0x4 ../libDaisy/build\libdaisy.a(tim.o)
 .init_array    0x08010518        0x4 ../libDaisy/build\libdaisy.a(uart.o)
                0x0801051c                        PROVIDE (__init_array_end = .)

.fini_array     0x0801051c        0x4
                [!provide]                        PROVIDE (__fini_array_start = .)
 *(.fini_array*)
 .fini_array    0x0801051c        0x4 C:/Program Files (x86)/Arm GNU Toolchain arm-none-eabi/14.3 rel1/bin/../lib/gcc/arm-none-eabi/14.3.1/thumb/v7e-m+dp/hard/crtbegin.o
 *(SORT_BY_NAME(.fini_array.*))
                [!provide]                        PROVIDE (__fini_array_end = .)

.data           0x24000000      0x37c load address 0x08010520
                0x24000000                        . = ALIGN (0x4)
                0x24000000                        _sdata = .
                [!provide]                        PROVIDE (__data_start__ = _sdata)
 *(.data)
 *(.data*)
 .data.__dso_handle
                0x24000000        0x4 C:/Program Files (x86)/Arm GNU Toolchain arm-none-eabi/14.3 rel1/bin/../lib/gcc/arm-none-eabi/14.3.1/thumb/v7e-m+dp/hard/crtbegin.o
                0x24000000                __dso_handle
 .data._ZN5daisy9I2CHandle4Impl21queued_dma_transfers_E
                0x24000004       0x48 ../libDaisy/build\libdaisy.a(i2c.o)
                0x24000004                daisy::I2CHandle::Impl::queued_dma_transfers_
 .data.SystemD2Clock
                0x2400004c        0x4 ../libDaisy/build\libdaisy.a(system_stm32h7xx.o)
                0x2400004c                SystemD2Clock
 .data.SystemCoreClock
                0x24000050        0x4 ../libDaisy/build\libdaisy.a(system_stm32h7xx.o)
                0x24000050                SystemCoreClock
 .data.uwTickFreq
                0x24000054        0x1 ../libDaisy/build\libdaisy.a(stm32h7xx_hal.o)
                0x24000054                uwTickFreq
 *fill*         0x24000055        0x3 
 .data.uwTickPrio
                0x24000058        0x4 ../libDaisy/build\libdaisy.a(stm32h7xx_hal.o)
                0x24000058                uwTickPrio
 .data._ZN5daisy9SpiHandle4Impl21queued_dma_transfers_E
                0x2400005c       0x70 ../libDaisy/build\libdaisy.a(spi.o)
                0x2400005c                daisy::SpiHandle::Impl::queued_dma_transfers_
 .data._ZL13spi6_pins_nss
                0x240000cc        0x9 ../libDaisy/build\libdaisy.a(spi.o)
 *fill*         0x240000d5        0x3 
 .data._ZL14spi6_pins_mosi
                0x240000d8        0x9 ../libDaisy/build\libdaisy.a(spi.o)
 *fill*         0x240000e1        0x3 
 .data._ZL14spi6_pins_miso
                0x240000e4        0x9 ../libDaisy/build\libdaisy.a(spi.o)
 *fill*         0x240000ed        0x3 
 .data._ZL14spi6_pins_sclk
                0x240000f0        0x9 ../libDaisy/build\libdaisy.a(spi.o)
 *fill*         0x240000f9        0x3 
 .data._ZL13spi3_pins_nss
                0x240000fc        0x9 ../libDaisy/build\libdaisy.a(spi.o)
 *fill*         0x24000105        0x3 
 .data._ZL14spi3_pins_mosi
                0x24000108        0x9 ../libDaisy/build\libdaisy.a(spi.o)
 *fill*         0x24000111        0x3 
 .data._ZL14spi3_pins_miso
                0x24000114        0x9 ../libDaisy/build\libdaisy.a(spi.o)
 *fill*         0x2400011d        0x3 
 .data._ZL14spi3_pins_sclk
                0x24000120        0x9 ../libDaisy/build\libdaisy.a(spi.o)
 *fill*         0x24000129        0x3 
 .data._ZL13spi2_pins_nss
                0x2400012c        0x9 ../libDaisy/build\libdaisy.a(spi.o)
 *fill*         0x24000135        0x3 
 .data._ZL14spi2_pins_mosi
                0x24000138        0x9 ../libDaisy/build\libdaisy.a(spi.o)
 *fill*         0x24000141        0x3 
 .data._ZL14spi2_pins_miso
                0x24000144        0x9 ../libDaisy/build\libdaisy.a(spi.o)
 *fill*         0x2400014d        0x3 
 .data._ZL14spi2_pins_sclk
                0x24000150        0x9 ../libDaisy/build\libdaisy.a(spi.o)
 *fill*         0x24000159        0x3 
 .data._ZL13spi1_pins_nss
                0x2400015c        0x9 ../libDaisy/build\libdaisy.a(spi.o)
 *fill*         0x24000165        0x3 
 .data._ZL14spi1_pins_mosi
                0x24000168        0x9 ../libDaisy/build\libdaisy.a(spi.o)
 *fill*         0x24000171        0x3 
 .data._ZL14spi1_pins_miso
                0x24000174        0x9 ../libDaisy/build\libdaisy.a(spi.o)
 *fill*         0x2400017d        0x3 
 .data._ZL14spi1_pins_sclk
                0x24000180        0x9 ../libDaisy/build\libdaisy.a(spi.o)
 *fill*         0x24000189        0x3 
 .data._ZN5daisy11UartHandler4Impl21queued_dma_transfers_E
                0x2400018c       0xfc ../libDaisy/build\libdaisy.a(uart.o)
                0x2400018c                daisy::UartHandler::Impl::queued_dma_transfers_
 .data.pins_periphs
                0x24000288       0x48 ../libDaisy/build\libdaisy.a(uart.o)
                0x24000288                pins_periphs
 .data.lpuart1_pins_rx
                0x240002d0        0x9 ../libDaisy/build\libdaisy.a(uart.o)
                0x240002d0                lpuart1_pins_rx
 *fill*         0x240002d9        0x3 
 .data.lpuart1_pins_tx
                0x240002dc        0x9 ../libDaisy/build\libdaisy.a(uart.o)
                0x240002dc                lpuart1_pins_tx
 *fill*         0x240002e5        0x3 
 .data.uart7_pins_tx
                0x240002e8        0x9 ../libDaisy/build\libdaisy.a(uart.o)
                0x240002e8                uart7_pins_tx
 *fill*         0x240002f1        0x3 
 .data.usart6_pins_rx
                0x240002f4        0x9 ../libDaisy/build\libdaisy.a(uart.o)
                0x240002f4                usart6_pins_rx
 *fill*         0x240002fd        0x3 
 .data.uart5_pins_rx
                0x24000300        0x9 ../libDaisy/build\libdaisy.a(uart.o)
                0x24000300                uart5_pins_rx
 *fill*         0x24000309        0x3 
 .data.uart5_pins_tx
                0x2400030c        0x9 ../libDaisy/build\libdaisy.a(uart.o)
                0x2400030c                uart5_pins_tx
 *fill*         0x24000315        0x3 
 .data.uart4_pins_rx
                0x24000318        0x9 ../libDaisy/build\libdaisy.a(uart.o)
                0x24000318                uart4_pins_rx
 *fill*         0x24000321        0x3 
 .data.uart4_pins_tx
                0x24000324        0x9 ../libDaisy/build\libdaisy.a(uart.o)
                0x24000324                uart4_pins_tx
 *fill*         0x2400032d        0x3 
 .data.usart3_pins_rx
                0x24000330        0x9 ../libDaisy/build\libdaisy.a(uart.o)
                0x24000330                usart3_pins_rx
 *fill*         0x24000339        0x3 
 .data.usart3_pins_tx
                0x2400033c        0x9 ../libDaisy/build\libdaisy.a(uart.o)
                0x2400033c                usart3_pins_tx
 *fill*         0x24000345        0x3 
 .data.usart2_pins_rx
                0x24000348        0x9 ../libDaisy/build\libdaisy.a(uart.o)
                0x24000348                usart2_pins_rx