ARM GAS  C:\Users\Oliver\AppData\Local\Temp\ccJYSlhK.s 			page 1


   1              		.cpu cortex-m7
   2              		.arch armv7e-m
   3              		.fpu fpv5-d16
   4              		.eabi_attribute 28, 1
   5              		.eabi_attribute 20, 1
   6              		.eabi_attribute 21, 1
   7              		.eabi_attribute 23, 3
   8              		.eabi_attribute 24, 1
   9              		.eabi_attribute 25, 1
  10              		.eabi_attribute 26, 1
  11              		.eabi_attribute 30, 2
  12              		.eabi_attribute 34, 1
  13              		.eabi_attribute 18, 4
  14              		.file	"application.cpp"
  15              		.text
  16              	.Ltext0:
  17              		.cfi_sections	.debug_frame
  18              		.file 1 "application.cpp"
  19              		.section	.text.startup.main,"ax",%progbits
  20              		.align	1
  21              		.p2align 2,,3
  22              		.global	main
  23              		.syntax unified
  24              		.thumb
  25              		.thumb_func
  27              	main:
  28              	.LFB10892:
   1:application.cpp **** #include "daisy_seed.h"
   2:application.cpp **** #include "hardware.h"
   3:application.cpp **** #include "perspective.h"
   4:application.cpp **** 
   5:application.cpp **** using namespace daisy;
   6:application.cpp **** using namespace perspective;
   7:application.cpp **** 
   8:application.cpp **** int main(void)
   9:application.cpp **** {
  29              		.loc 1 9 1 view -0
  30              		.cfi_startproc
  31              		@ args = 0, pretend = 0, frame = 528
  32              		@ frame_needed = 0, uses_anonymous_args = 0
  10:application.cpp ****     perspective::Perspective ui;
  33              		.loc 1 10 5 view .LVU1
   9:application.cpp ****     perspective::Perspective ui;
  34              		.loc 1 9 1 is_stmt 0 view .LVU2
  35 0000 00B5     		push	{lr}
  36              		.cfi_def_cfa_offset 4
  37              		.cfi_offset 14, -4
  38 0002 ADF5057D 		sub	sp, sp, #532
  39              		.cfi_def_cfa_offset 536
  40              		.loc 1 10 30 view .LVU3
  41 0006 01A8     		add	r0, sp, #4
  42 0008 FFF7FEFF 		bl	_ZN11perspective11PerspectiveC1Ev
  43              	.LVL0:
  11:application.cpp **** 
  12:application.cpp ****     // Initialise the UI
  13:application.cpp ****     ui.Init();
  44              		.loc 1 13 5 is_stmt 1 view .LVU4
ARM GAS  C:\Users\Oliver\AppData\Local\Temp\ccJYSlhK.s 			page 2


  45              		.loc 1 13 12 is_stmt 0 view .LVU5
  46 000c 01A8     		add	r0, sp, #4
  47 000e FFF7FEFF 		bl	_ZN11perspective11Perspective4InitEv
  48              	.LVL1:
  14:application.cpp ****     
  15:application.cpp ****     ui.Exec();
  49              		.loc 1 15 5 is_stmt 1 view .LVU6
  50              		.loc 1 15 12 is_stmt 0 view .LVU7
  51 0012 01A8     		add	r0, sp, #4
  52 0014 FFF7FEFF 		bl	_ZN11perspective11Perspective4ExecEv
  53              	.LVL2:
  16:application.cpp **** }
  54              		.loc 1 16 1 view .LVU8
  55 0018 01A8     		add	r0, sp, #4
  56 001a FFF7FEFF 		bl	_ZN11perspective11PerspectiveD1Ev
  57              	.LVL3:
  58 001e 0020     		movs	r0, #0
  59 0020 0DF5057D 		add	sp, sp, #532
  60              		.cfi_def_cfa_offset 4
  61              		@ sp needed
  62 0024 5DF804FB 		ldr	pc, [sp], #4
  63              		.cfi_endproc
  64              	.LFE10892:
  66              		.text
  67              	.Letext0:
  68              		.file 2 "C:/Program Files (x86)/Arm GNU Toolchain arm-none-eabi/14.3 rel1/arm-none-eabi/include/ma
  69              		.file 3 "C:/Program Files (x86)/Arm GNU Toolchain arm-none-eabi/14.3 rel1/arm-none-eabi/include/sy
  70              		.file 4 "C:/Program Files (x86)/Arm GNU Toolchain arm-none-eabi/14.3 rel1/arm-none-eabi/include/st
  71              		.file 5 "C:/Program Files (x86)/Arm GNU Toolchain arm-none-eabi/14.3 rel1/lib/gcc/arm-none-eabi/14
  72              		.file 6 "C:/Program Files (x86)/Arm GNU Toolchain arm-none-eabi/14.3 rel1/arm-none-eabi/include/c+
  73              		.file 7 "C:/Program Files (x86)/Arm GNU Toolchain arm-none-eabi/14.3 rel1/arm-none-eabi/include/c+
  74              		.file 8 "C:/Program Files (x86)/Arm GNU Toolchain arm-none-eabi/14.3 rel1/arm-none-eabi/include/c+
  75              		.file 9 "C:/Program Files (x86)/Arm GNU Toolchain arm-none-eabi/14.3 rel1/arm-none-eabi/include/c+
  76              		.file 10 "C:/Program Files (x86)/Arm GNU Toolchain arm-none-eabi/14.3 rel1/arm-none-eabi/include/c
  77              		.file 11 "C:/Program Files (x86)/Arm GNU Toolchain arm-none-eabi/14.3 rel1/arm-none-eabi/include/c
  78              		.file 12 "C:/Program Files (x86)/Arm GNU Toolchain arm-none-eabi/14.3 rel1/arm-none-eabi/include/c
  79              		.file 13 "C:/Program Files (x86)/Arm GNU Toolchain arm-none-eabi/14.3 rel1/arm-none-eabi/include/c
  80              		.file 14 "C:/Program Files (x86)/Arm GNU Toolchain arm-none-eabi/14.3 rel1/arm-none-eabi/include/c
  81              		.file 15 "C:/Program Files (x86)/Arm GNU Toolchain arm-none-eabi/14.3 rel1/arm-none-eabi/include/c
  82              		.file 16 "C:/Program Files (x86)/Arm GNU Toolchain arm-none-eabi/14.3 rel1/arm-none-eabi/include/c
  83              		.file 17 "C:/Program Files (x86)/Arm GNU Toolchain arm-none-eabi/14.3 rel1/arm-none-eabi/include/c
  84              		.file 18 "C:/Program Files (x86)/Arm GNU Toolchain arm-none-eabi/14.3 rel1/arm-none-eabi/include/c
  85              		.file 19 "C:/Program Files (x86)/Arm GNU Toolchain arm-none-eabi/14.3 rel1/arm-none-eabi/include/c
  86              		.file 20 "C:/Program Files (x86)/Arm GNU Toolchain arm-none-eabi/14.3 rel1/arm-none-eabi/include/c
  87              		.file 21 "C:/Program Files (x86)/Arm GNU Toolchain arm-none-eabi/14.3 rel1/arm-none-eabi/include/c
  88              		.file 22 "C:/Program Files (x86)/Arm GNU Toolchain arm-none-eabi/14.3 rel1/arm-none-eabi/include/c
  89              		.file 23 "C:/Program Files (x86)/Arm GNU Toolchain arm-none-eabi/14.3 rel1/arm-none-eabi/include/c
  90              		.file 24 "C:/Program Files (x86)/Arm GNU Toolchain arm-none-eabi/14.3 rel1/arm-none-eabi/include/c
  91              		.file 25 "C:/Program Files (x86)/Arm GNU Toolchain arm-none-eabi/14.3 rel1/arm-none-eabi/include/c
  92              		.file 26 "C:/Program Files (x86)/Arm GNU Toolchain arm-none-eabi/14.3 rel1/arm-none-eabi/include/c
  93              		.file 27 "C:/Program Files (x86)/Arm GNU Toolchain arm-none-eabi/14.3 rel1/arm-none-eabi/include/c
  94              		.file 28 "C:/Program Files (x86)/Arm GNU Toolchain arm-none-eabi/14.3 rel1/arm-none-eabi/include/c
  95              		.file 29 "C:/Program Files (x86)/Arm GNU Toolchain arm-none-eabi/14.3 rel1/arm-none-eabi/include/c
  96              		.file 30 "C:/Program Files (x86)/Arm GNU Toolchain arm-none-eabi/14.3 rel1/arm-none-eabi/include/c
  97              		.file 31 "C:/Program Files (x86)/Arm GNU Toolchain arm-none-eabi/14.3 rel1/arm-none-eabi/include/c
  98              		.file 32 "C:/Program Files (x86)/Arm GNU Toolchain arm-none-eabi/14.3 rel1/arm-none-eabi/include/c
  99              		.file 33 "C:/Program Files (x86)/Arm GNU Toolchain arm-none-eabi/14.3 rel1/arm-none-eabi/include/c
ARM GAS  C:\Users\Oliver\AppData\Local\Temp\ccJYSlhK.s 			page 3


 100              		.file 34 "C:/Program Files (x86)/Arm GNU Toolchain arm-none-eabi/14.3 rel1/arm-none-eabi/include/c
 101              		.file 35 "C:/Program Files (x86)/Arm GNU Toolchain arm-none-eabi/14.3 rel1/arm-none-eabi/include/c
 102              		.file 36 "C:/Program Files (x86)/Arm GNU Toolchain arm-none-eabi/14.3 rel1/arm-none-eabi/include/c
 103              		.file 37 "C:/Program Files (x86)/Arm GNU Toolchain arm-none-eabi/14.3 rel1/arm-none-eabi/include/c
 104              		.file 38 "C:/Program Files (x86)/Arm GNU Toolchain arm-none-eabi/14.3 rel1/arm-none-eabi/include/c
 105              		.file 39 "C:/Program Files (x86)/Arm GNU Toolchain arm-none-eabi/14.3 rel1/arm-none-eabi/include/c
 106              		.file 40 "C:/Program Files (x86)/Arm GNU Toolchain arm-none-eabi/14.3 rel1/arm-none-eabi/include/c
 107              		.file 41 "C:/Program Files (x86)/Arm GNU Toolchain arm-none-eabi/14.3 rel1/arm-none-eabi/include/s
 108              		.file 42 "C:/Program Files (x86)/Arm GNU Toolchain arm-none-eabi/14.3 rel1/arm-none-eabi/include/s
 109              		.file 43 "C:/Program Files (x86)/Arm GNU Toolchain arm-none-eabi/14.3 rel1/arm-none-eabi/include/s
 110              		.file 44 "C:/Program Files (x86)/Arm GNU Toolchain arm-none-eabi/14.3 rel1/arm-none-eabi/include/m
 111              		.file 45 "C:/Program Files (x86)/Arm GNU Toolchain arm-none-eabi/14.3 rel1/arm-none-eabi/include/s
 112              		.file 46 "C:/Program Files (x86)/Arm GNU Toolchain arm-none-eabi/14.3 rel1/arm-none-eabi/include/c
 113              		.file 47 "C:/Program Files (x86)/Arm GNU Toolchain arm-none-eabi/14.3 rel1/arm-none-eabi/include/c
 114              		.file 48 "C:/Program Files (x86)/Arm GNU Toolchain arm-none-eabi/14.3 rel1/arm-none-eabi/include/c
 115              		.file 49 "dependencies/libDaisy/src/daisy_core.h"
 116              		.file 50 "C:/Program Files (x86)/Arm GNU Toolchain arm-none-eabi/14.3 rel1/arm-none-eabi/include/c
 117              		.file 51 "dependencies/libDaisy/src/dev/max11300.h"
 118              		.file 52 "dependencies/libDaisy/src/dev/sr_595.h"
 119              		.file 53 "dependencies/libDaisy/src/util/wav_format.h"
 120              		.file 54 "dependencies/libDaisy/src/daisy_seed.h"
 121              		.file 55 "C:/Program Files (x86)/Arm GNU Toolchain arm-none-eabi/14.3 rel1/arm-none-eabi/include/c
 122              		.file 56 "C:/Program Files (x86)/Arm GNU Toolchain arm-none-eabi/14.3 rel1/lib/gcc/arm-none-eabi/1
 123              		.file 57 "C:/Program Files (x86)/Arm GNU Toolchain arm-none-eabi/14.3 rel1/arm-none-eabi/include/s
 124              		.file 58 "C:/Program Files (x86)/Arm GNU Toolchain arm-none-eabi/14.3 rel1/arm-none-eabi/include/s
 125              		.file 59 "C:/Program Files (x86)/Arm GNU Toolchain arm-none-eabi/14.3 rel1/arm-none-eabi/include/s
 126              		.file 60 "C:/Program Files (x86)/Arm GNU Toolchain arm-none-eabi/14.3 rel1/arm-none-eabi/include/s
 127              		.file 61 "C:/Program Files (x86)/Arm GNU Toolchain arm-none-eabi/14.3 rel1/arm-none-eabi/include/w
 128              		.file 62 "C:/Program Files (x86)/Arm GNU Toolchain arm-none-eabi/14.3 rel1/arm-none-eabi/include/t
 129              		.file 63 "dependencies/libDaisy/Middlewares/Third_Party/FatFs/src/integer.h"
 130              		.file 64 "dependencies/libDaisy/Middlewares/Third_Party/FatFs/src/ff.h"
 131              		.file 65 "ui/knob.h"
 132              		.file 66 "perspective.h"
 133              		.file 67 "ui/switch.h"
 134              		.file 68 "ui/encoder.h"
 135              		.file 69 "hardware.h"
 136              		.file 70 "parameters/effectparameter.h"
 137              		.file 71 "dependencies/DaisySP/Source/Control/adenv.h"
 138              		.file 72 "dependencies/DaisySP/Source/Utility/dsp.h"
 139              		.file 73 "C:/Program Files (x86)/Arm GNU Toolchain arm-none-eabi/14.3 rel1/arm-none-eabi/include/l
 140              		.file 74 "C:/Program Files (x86)/Arm GNU Toolchain arm-none-eabi/14.3 rel1/arm-none-eabi/include/w
 141              		.file 75 "dependencies/cycfi/infra/include/infra/support.hpp"
 142              		.file 76 "dependencies/cycfi/q/q_lib/include/q/support/base.hpp"
 143              		.file 77 "dependencies/cycfi/q/q_lib/include/q/support/unit.hpp"
 144              		.file 78 "dependencies/cycfi/q/q_lib/include/q/detail/db_table.hpp"
 145              		.file 79 "dependencies/cycfi/q/q_lib/include/q/utility/interpolation.hpp"
 146              		.file 80 "dependencies/cycfi/q/q_lib/include/q/support/literals.hpp"
 147              		.file 81 "effects/tunereffect.h"
 148              		.file 82 "C:/Program Files (x86)/Arm GNU Toolchain arm-none-eabi/14.3 rel1/arm-none-eabi/include/c
 149              		.file 83 "C:/Program Files (x86)/Arm GNU Toolchain arm-none-eabi/14.3 rel1/arm-none-eabi/include/c
 150              		.file 84 "<built-in>"
ARM GAS  C:\Users\Oliver\AppData\Local\Temp\ccJYSlhK.s 			page 4


DEFINED SYMBOLS
                            *ABS*:00000000 application.cpp
C:\Users\Oliver\AppData\Local\Temp\ccJYSlhK.s:20     .text.startup.main:00000000 $t
C:\Users\Oliver\AppData\Local\Temp\ccJYSlhK.s:27     .text.startup.main:00000000 main

UNDEFINED SYMBOLS
_ZN11perspective11PerspectiveC1Ev
_ZN11perspective11Perspective4InitEv
_ZN11perspective11Perspective4ExecEv
_ZN11perspective11PerspectiveD1Ev
