ARM GAS  C:\Users\Oliver\AppData\Local\Temp\cceabHyu.s 			page 1


   1              		.cpu cortex-m7
   2              		.arch armv7e-m
   3              		.fpu fpv5-d16
   4              		.eabi_attribute 28, 1
   5              		.eabi_attribute 20, 1
   6              		.eabi_attribute 21, 1
   7              		.eabi_attribute 23, 3
   8              		.eabi_attribute 24, 1
   9              		.eabi_attribute 25, 1
  10              		.eabi_attribute 26, 1
  11              		.eabi_attribute 30, 2
  12              		.eabi_attribute 34, 1
  13              		.eabi_attribute 18, 4
  14              		.file	"encoder.cpp"
  15              		.text
  16              	.Ltext0:
  17              		.cfi_sections	.debug_frame
  18              		.file 1 "ui/encoder.cpp"
  19              		.section	.text._ZN11perspective7Encoder4InitEN5daisy3PinES2_S2_f,"ax",%progbits
  20              		.align	1
  21              		.p2align 2,,3
  22              		.global	_ZN11perspective7Encoder4InitEN5daisy3PinES2_S2_f
  23              		.syntax unified
  24              		.thumb
  25              		.thumb_func
  27              	_ZN11perspective7Encoder4InitEN5daisy3PinES2_S2_f:
  28              	.LVL0:
  29              	.LFB1585:
   1:ui/encoder.cpp **** #include "encoder.h"
   2:ui/encoder.cpp **** 
   3:ui/encoder.cpp **** using namespace daisy;
   4:ui/encoder.cpp **** using namespace perspective;
   5:ui/encoder.cpp **** 
   6:ui/encoder.cpp **** void Encoder::Init(Pin a, Pin b, Pin click, float update_rate)
   7:ui/encoder.cpp **** {
  30              		.loc 1 7 1 view -0
  31              		.cfi_startproc
  32              		@ args = 0, pretend = 0, frame = 16
  33              		@ frame_needed = 0, uses_anonymous_args = 0
   8:ui/encoder.cpp ****     last_update_  = System::GetNow();
  34              		.loc 1 8 5 view .LVU1
   7:ui/encoder.cpp ****     last_update_  = System::GetNow();
  35              		.loc 1 7 1 is_stmt 0 view .LVU2
  36 0000 30B5     		push	{r4, r5, lr}
  37              		.cfi_def_cfa_offset 12
  38              		.cfi_offset 4, -12
  39              		.cfi_offset 5, -8
  40              		.cfi_offset 14, -4
  41 0002 2DED028B 		vpush.64	{d8}
  42              		.cfi_def_cfa_offset 20
  43              		.cfi_offset 80, -20
  44              		.cfi_offset 81, -16
  45 0006 B0EE408A 		vmov.f32	s16, s0
  46 000a 87B0     		sub	sp, sp, #28
  47              		.cfi_def_cfa_offset 48
   7:ui/encoder.cpp ****     last_update_  = System::GetNow();
  48              		.loc 1 7 1 view .LVU3
ARM GAS  C:\Users\Oliver\AppData\Local\Temp\cceabHyu.s 			page 2


  49 000c 0446     		mov	r4, r0
   9:ui/encoder.cpp ****     update_rate_  = update_rate;
  10:ui/encoder.cpp **** 
  11:ui/encoder.cpp ****     // Init GPIO for A, and B
  12:ui/encoder.cpp ****     hw_a_.Init(a, GPIO::Mode::INPUT, GPIO::Pull::NOPULL);
  50              		.loc 1 12 15 view .LVU4
  51 000e 0025     		movs	r5, #0
   7:ui/encoder.cpp ****     last_update_  = System::GetNow();
  52              		.loc 1 7 1 view .LVU5
  53 0010 ADF81410 		strh	r1, [sp, #20]	@ movhi
  54 0014 ADF81020 		strh	r2, [sp, #16]	@ movhi
  55 0018 ADF80C30 		strh	r3, [sp, #12]	@ movhi
   8:ui/encoder.cpp ****     update_rate_  = update_rate;
  56              		.loc 1 8 35 view .LVU6
  57 001c FFF7FEFF 		bl	_ZN5daisy6System6GetNowEv
  58              	.LVL1:
  59              		.loc 1 12 15 view .LVU7
  60 0020 2B46     		mov	r3, r5
   8:ui/encoder.cpp ****     update_rate_  = update_rate;
  61              		.loc 1 8 19 discriminator 1 view .LVU8
  62 0022 2060     		str	r0, [r4]
   9:ui/encoder.cpp ****     update_rate_  = update_rate;
  63              		.loc 1 9 5 is_stmt 1 view .LVU9
  64              		.loc 1 12 5 view .LVU10
  65              		.loc 1 12 15 is_stmt 0 view .LVU11
  66 0024 2A46     		mov	r2, r5
  67 0026 0599     		ldr	r1, [sp, #20]
  68 0028 04F13000 		add	r0, r4, #48
   9:ui/encoder.cpp ****     update_rate_  = update_rate;
  69              		.loc 1 9 19 view .LVU12
  70 002c 84ED018A 		vstr.32	s16, [r4, #4]
  71              		.loc 1 12 15 view .LVU13
  72 0030 0095     		str	r5, [sp]
  73 0032 FFF7FEFF 		bl	_ZN5daisy4GPIO4InitENS_3PinENS0_4ModeENS0_4PullENS0_5SpeedE
  74              	.LVL2:
  13:ui/encoder.cpp ****     hw_b_.Init(b, GPIO::Mode::INPUT, GPIO::Pull::NOPULL);
  75              		.loc 1 13 5 is_stmt 1 view .LVU14
  76              		.loc 1 13 15 is_stmt 0 view .LVU15
  77 0036 2B46     		mov	r3, r5
  78 0038 2A46     		mov	r2, r5
  79 003a 0499     		ldr	r1, [sp, #16]
  80 003c 04F14400 		add	r0, r4, #68
  81 0040 0095     		str	r5, [sp]
  82 0042 FFF7FEFF 		bl	_ZN5daisy4GPIO4InitENS_3PinENS0_4ModeENS0_4PullENS0_5SpeedE
  83              	.LVL3:
  14:ui/encoder.cpp ****     
  15:ui/encoder.cpp ****     // Default Initialization for Switch
  16:ui/encoder.cpp ****     sw_.Init(click, update_rate);
  84              		.loc 1 16 5 is_stmt 1 view .LVU16
  85              		.loc 1 16 13 is_stmt 0 view .LVU17
  86 0046 B0EE480A 		vmov.f32	s0, s16
  87 004a 0399     		ldr	r1, [sp, #12]
  88 004c 04F10800 		add	r0, r4, #8
  89 0050 FFF7FEFF 		bl	_ZN11perspective6Switch4InitEN5daisy3PinEf
  90              	.LVL4:
  17:ui/encoder.cpp ****     
  18:ui/encoder.cpp ****     // Set initial states, etc.
ARM GAS  C:\Users\Oliver\AppData\Local\Temp\cceabHyu.s 			page 3


  19:ui/encoder.cpp ****     inc_ = 0;
  91              		.loc 1 19 5 is_stmt 1 view .LVU18
  20:ui/encoder.cpp ****     a_ = b_ = 0xff;
  92              		.loc 1 20 8 is_stmt 0 view .LVU19
  93 0054 4FF6FF73 		movw	r3, #65535
  19:ui/encoder.cpp ****     a_ = b_ = 0xff;
  94              		.loc 1 19 10 view .LVU20
  95 0058 E565     		str	r5, [r4, #92]
  96              		.loc 1 20 5 is_stmt 1 view .LVU21
  97              		.loc 1 20 8 is_stmt 0 view .LVU22
  98 005a A4F85830 		strh	r3, [r4, #88]	@ movhi
  21:ui/encoder.cpp **** }
  99              		.loc 1 21 1 view .LVU23
 100 005e 07B0     		add	sp, sp, #28
 101              		.cfi_def_cfa_offset 20
 102              		@ sp needed
 103 0060 BDEC028B 		vldm	sp!, {d8}
 104              		.cfi_restore 80
 105              		.cfi_restore 81
 106              		.cfi_def_cfa_offset 12
 107              	.LVL5:
 108              		.loc 1 21 1 view .LVU24
 109 0064 30BD     		pop	{r4, r5, pc}
 110              		.loc 1 21 1 view .LVU25
 111              		.cfi_endproc
 112              	.LFE1585:
 114 0066 00BF     		.section	.text._ZN11perspective7Encoder7ProcessEv,"ax",%progbits
 115              		.align	1
 116              		.p2align 2,,3
 117              		.global	_ZN11perspective7Encoder7ProcessEv
 118              		.syntax unified
 119              		.thumb
 120              		.thumb_func
 122              	_ZN11perspective7Encoder7ProcessEv:
 123              	.LVL6:
 124              	.LFB1586:
  22:ui/encoder.cpp **** 
  23:ui/encoder.cpp **** void Encoder::Process()
  24:ui/encoder.cpp **** {
 125              		.loc 1 24 1 is_stmt 1 view -0
 126              		.cfi_startproc
 127              		@ args = 0, pretend = 0, frame = 0
 128              		@ frame_needed = 0, uses_anonymous_args = 0
  25:ui/encoder.cpp ****     // update no faster than 1kHz
  26:ui/encoder.cpp ****     uint32_t now = System::GetNow();
 129              		.loc 1 26 5 view .LVU27
  24:ui/encoder.cpp ****     // update no faster than 1kHz
 130              		.loc 1 24 1 is_stmt 0 view .LVU28
 131 0000 70B5     		push	{r4, r5, r6, lr}
 132              		.cfi_def_cfa_offset 16
 133              		.cfi_offset 4, -16
 134              		.cfi_offset 5, -12
 135              		.cfi_offset 6, -8
 136              		.cfi_offset 14, -4
  24:ui/encoder.cpp ****     // update no faster than 1kHz
 137              		.loc 1 24 1 view .LVU29
 138 0002 0446     		mov	r4, r0
ARM GAS  C:\Users\Oliver\AppData\Local\Temp\cceabHyu.s 			page 4


 139              		.loc 1 26 34 view .LVU30
 140 0004 FFF7FEFF 		bl	_ZN5daisy6System6GetNowEv
 141              	.LVL7:
  27:ui/encoder.cpp **** 
  28:ui/encoder.cpp ****     if(now - last_update_ >= 1)
 142              		.loc 1 28 5 view .LVU31
 143 0008 2268     		ldr	r2, [r4]
 144              	.LVL8:
 145              		.loc 1 28 5 is_stmt 1 view .LVU32
 146 000a 8242     		cmp	r2, r0
 147 000c 00D1     		bne	.L16
 148              	.LVL9:
 149              	.L4:
  29:ui/encoder.cpp ****     {
  30:ui/encoder.cpp ****         last_update_ = now;
  31:ui/encoder.cpp **** 
  32:ui/encoder.cpp ****         // Read raw hardware states and shift into debounced state
  33:ui/encoder.cpp ****         a_ = (a_ << 1) | hw_a_.Read();
  34:ui/encoder.cpp ****         b_ = (b_ << 1) | hw_b_.Read();
  35:ui/encoder.cpp **** 
  36:ui/encoder.cpp ****         // infer increment direction
  37:ui/encoder.cpp ****         inc_ = 0;
  38:ui/encoder.cpp ****         if((a_ & 0x03) == 0x02 && (b_ & 0x03) == 0x00)
  39:ui/encoder.cpp ****         {
  40:ui/encoder.cpp ****             inc_ = 1;
  41:ui/encoder.cpp ****         }
  42:ui/encoder.cpp ****         else if((b_ & 0x03) == 0x02 && (a_ & 0x03) == 0x00)
  43:ui/encoder.cpp ****         {
  44:ui/encoder.cpp ****             inc_ = -1;
  45:ui/encoder.cpp ****         }
  46:ui/encoder.cpp ****     }
  47:ui/encoder.cpp **** }...
 150              		.loc 1 47 1 is_stmt 0 view .LVU33
 151 000e 70BD     		pop	{r4, r5, r6, pc}
 152              	.LVL10:
 153              	.L16:
  30:ui/encoder.cpp ****         last_update_ = now;
 154              		.loc 1 30 9 is_stmt 1 view .LVU34
  33:ui/encoder.cpp ****         a_ = (a_ << 1) | hw_a_.Read();
 155              		.loc 1 33 24 is_stmt 0 view .LVU35
 156 0010 94F85860 		ldrb	r6, [r4, #88]	@ zero_extendqisi2
 157 0014 0346     		mov	r3, r0
  33:ui/encoder.cpp ****         a_ = (a_ << 1) | hw_a_.Read();
 158              		.loc 1 33 36 view .LVU36
 159 0016 04F13000 		add	r0, r4, #48
 160              	.LVL11:
  33:ui/encoder.cpp ****         a_ = (a_ << 1) | hw_a_.Read();
 161              		.loc 1 33 24 view .LVU37
 162 001a 7600     		lsls	r6, r6, #1
  30:ui/encoder.cpp ****         last_update_ = now;
 163              		.loc 1 30 22 view .LVU38
 164 001c 2360     		str	r3, [r4]
  33:ui/encoder.cpp ****         a_ = (a_ << 1) | hw_a_.Read();
 165              		.loc 1 33 9 is_stmt 1 view .LVU39
  33:ui/encoder.cpp ****         a_ = (a_ << 1) | hw_a_.Read();
 166              		.loc 1 33 36 is_stmt 0 view .LVU40
 167 001e FFF7FEFF 		bl	_ZN5daisy4GPIO4ReadEv
ARM GAS  C:\Users\Oliver\AppData\Local\Temp\cceabHyu.s 			page 5


 168              	.LVL12:
  33:ui/encoder.cpp ****         a_ = (a_ << 1) | hw_a_.Read();
 169              		.loc 1 33 36 view .LVU41
 170 0022 0346     		mov	r3, r0
  33:ui/encoder.cpp ****         a_ = (a_ << 1) | hw_a_.Read();
 171              		.loc 1 33 24 view .LVU42
 172 0024 76B2     		sxtb	r6, r6
  34:ui/encoder.cpp ****         b_ = (b_ << 1) | hw_b_.Read();
 173              		.loc 1 34 24 view .LVU43
 174 0026 94F85950 		ldrb	r5, [r4, #89]	@ zero_extendqisi2
  34:ui/encoder.cpp ****         b_ = (b_ << 1) | hw_b_.Read();
 175              		.loc 1 34 36 view .LVU44
 176 002a 04F14400 		add	r0, r4, #68
  33:ui/encoder.cpp ****         a_ = (a_ << 1) | hw_a_.Read();
 177              		.loc 1 33 24 discriminator 1 view .LVU45
 178 002e 1E43     		orrs	r6, r6, r3
  34:ui/encoder.cpp ****         b_ = (b_ << 1) | hw_b_.Read();
 179              		.loc 1 34 24 view .LVU46
 180 0030 6D00     		lsls	r5, r5, #1
  33:ui/encoder.cpp ****         a_ = (a_ << 1) | hw_a_.Read();
 181              		.loc 1 33 12 discriminator 1 view .LVU47
 182 0032 84F85860 		strb	r6, [r4, #88]
  34:ui/encoder.cpp ****         b_ = (b_ << 1) | hw_b_.Read();
 183              		.loc 1 34 9 is_stmt 1 view .LVU48
  34:ui/encoder.cpp ****         b_ = (b_ << 1) | hw_b_.Read();
 184              		.loc 1 34 24 is_stmt 0 view .LVU49
 185 0036 6DB2     		sxtb	r5, r5
  34:ui/encoder.cpp ****         b_ = (b_ << 1) | hw_b_.Read();
 186              		.loc 1 34 36 view .LVU50
 187 0038 FFF7FEFF 		bl	_ZN5daisy4GPIO4ReadEv
 188              	.LVL13:
 189 003c 94F85830 		ldrb	r3, [r4, #88]	@ zero_extendqisi2
  34:ui/encoder.cpp ****         b_ = (b_ << 1) | hw_b_.Read();
 190              		.loc 1 34 24 discriminator 1 view .LVU51
 191 0040 2843     		orrs	r0, r0, r5
  37:ui/encoder.cpp ****         inc_ = 0;
 192              		.loc 1 37 14 view .LVU52
 193 0042 0022     		movs	r2, #0
 194 0044 03F00303 		and	r3, r3, #3
  34:ui/encoder.cpp ****         b_ = (b_ << 1) | hw_b_.Read();
 195              		.loc 1 34 24 discriminator 1 view .LVU53
 196 0048 40B2     		sxtb	r0, r0
  37:ui/encoder.cpp ****         inc_ = 0;
 197              		.loc 1 37 14 view .LVU54
 198 004a E265     		str	r2, [r4, #92]
  38:ui/encoder.cpp ****         if((a_ & 0x03) == 0x02 && (b_ & 0x03) == 0x00)
 199              		.loc 1 38 9 view .LVU55
 200 004c 022B     		cmp	r3, #2
  34:ui/encoder.cpp ****         b_ = (b_ << 1) | hw_b_.Read();
 201              		.loc 1 34 12 discriminator 1 view .LVU56
 202 004e 84F85900 		strb	r0, [r4, #89]
  37:ui/encoder.cpp ****         inc_ = 0;
 203              		.loc 1 37 9 is_stmt 1 view .LVU57
  38:ui/encoder.cpp ****         if((a_ & 0x03) == 0x02 && (b_ & 0x03) == 0x00)
 204              		.loc 1 38 9 view .LVU58
 205 0052 00F00300 		and	r0, r0, #3
 206 0056 07D0     		beq	.L17
ARM GAS  C:\Users\Oliver\AppData\Local\Temp\cceabHyu.s 			page 6


  42:ui/encoder.cpp ****         else if((b_ & 0x03) == 0x02 && (a_ & 0x03) == 0x00)
 207              		.loc 1 42 14 view .LVU59
  42:ui/encoder.cpp ****         else if((b_ & 0x03) == 0x02 && (a_ & 0x03) == 0x00)
 208              		.loc 1 42 37 is_stmt 0 discriminator 1 view .LVU60
 209 0058 002B     		cmp	r3, #0
 210 005a D8D1     		bne	.L4
 211 005c 0228     		cmp	r0, #2
 212 005e D6D1     		bne	.L4
  44:ui/encoder.cpp ****             inc_ = -1;
 213              		.loc 1 44 13 is_stmt 1 view .LVU61
  44:ui/encoder.cpp ****             inc_ = -1;
 214              		.loc 1 44 18 is_stmt 0 view .LVU62
 215 0060 4FF0FF33 		mov	r3, #-1
 216 0064 E365     		str	r3, [r4, #92]
 217              		.loc 1 47 1 view .LVU63
 218 0066 70BD     		pop	{r4, r5, r6, pc}
 219              	.LVL14:
 220              	.L17:
  38:ui/encoder.cpp ****         if((a_ & 0x03) == 0x02 && (b_ & 0x03) == 0x00)
 221              		.loc 1 38 32 discriminator 1 view .LVU64
 222 0068 0028     		cmp	r0, #0
 223 006a D0D1     		bne	.L4
  40:ui/encoder.cpp ****             inc_ = 1;
 224              		.loc 1 40 13 is_stmt 1 view .LVU65
  40:ui/encoder.cpp ****             inc_ = 1;
 225              		.loc 1 40 18 is_stmt 0 view .LVU66
 226 006c 0123     		movs	r3, #1
 227 006e E365     		str	r3, [r4, #92]
 228              		.loc 1 47 1 view .LVU67
 229 0070 70BD     		pop	{r4, r5, r6, pc}
 230              		.loc 1 47 1 view .LVU68
 231              		.cfi_endproc
 232              	.LFE1586:
 234 0072 00BF     		.text
 235              	.Letext0:
 236              		.file 2 "C:/Program Files (x86)/Arm GNU Toolchain arm-none-eabi/14.3 rel1/arm-none-eabi/include/ma
 237              		.file 3 "C:/Program Files (x86)/Arm GNU Toolchain arm-none-eabi/14.3 rel1/arm-none-eabi/include/sy
 238              		.file 4 "C:/Program Files (x86)/Arm GNU Toolchain arm-none-eabi/14.3 rel1/arm-none-eabi/include/st
 239              		.file 5 "C:/Program Files (x86)/Arm GNU Toolchain arm-none-eabi/14.3 rel1/lib/gcc/arm-none-eabi/14
 240              		.file 6 "C:/Program Files (x86)/Arm GNU Toolchain arm-none-eabi/14.3 rel1/arm-none-eabi/include/c+
 241              		.file 7 "C:/Program Files (x86)/Arm GNU Toolchain arm-none-eabi/14.3 rel1/arm-none-eabi/include/c+
 242              		.file 8 "C:/Program Files (x86)/Arm GNU Toolchain arm-none-eabi/14.3 rel1/arm-none-eabi/include/c+
 243              		.file 9 "C:/Program Files (x86)/Arm GNU Toolchain arm-none-eabi/14.3 rel1/arm-none-eabi/include/c+
 244              		.file 10 "C:/Program Files (x86)/Arm GNU Toolchain arm-none-eabi/14.3 rel1/arm-none-eabi/include/c
 245              		.file 11 "C:/Program Files (x86)/Arm GNU Toolchain arm-none-eabi/14.3 rel1/arm-none-eabi/include/c
 246              		.file 12 "C:/Program Files (x86)/Arm GNU Toolchain arm-none-eabi/14.3 rel1/arm-none-eabi/include/c
 247              		.file 13 "C:/Program Files (x86)/Arm GNU Toolchain arm-none-eabi/14.3 rel1/arm-none-eabi/include/c
 248              		.file 14 "C:/Program Files (x86)/Arm GNU Toolchain arm-none-eabi/14.3 rel1/arm-none-eabi/include/c
 249              		.file 15 "C:/Program Files (x86)/Arm GNU Toolchain arm-none-eabi/14.3 rel1/arm-none-eabi/include/c
 250              		.file 16 "C:/Program Files (x86)/Arm GNU Toolchain arm-none-eabi/14.3 rel1/arm-none-eabi/include/c
 251              		.file 17 "C:/Program Files (x86)/Arm GNU Toolchain arm-none-eabi/14.3 rel1/arm-none-eabi/include/c
 252              		.file 18 "C:/Program Files (x86)/Arm GNU Toolchain arm-none-eabi/14.3 rel1/arm-none-eabi/include/m
 253              		.file 19 "C:/Program Files (x86)/Arm GNU Toolchain arm-none-eabi/14.3 rel1/arm-none-eabi/include/s
 254              		.file 20 "C:/Program Files (x86)/Arm GNU Toolchain arm-none-eabi/14.3 rel1/arm-none-eabi/include/c
 255              		.file 21 "C:/Program Files (x86)/Arm GNU Toolchain arm-none-eabi/14.3 rel1/arm-none-eabi/include/c
 256              		.file 22 "C:/Program Files (x86)/Arm GNU Toolchain arm-none-eabi/14.3 rel1/arm-none-eabi/include/c
 257              		.file 23 "dependencies/libDaisy/src/daisy_core.h"
ARM GAS  C:\Users\Oliver\AppData\Local\Temp\cceabHyu.s 			page 7


 258              		.file 24 "dependencies/libDaisy/src/per/gpio.h"
 259              		.file 25 "dependencies/libDaisy/src/sys/system.h"
 260              		.file 26 "ui/switch.h"
 261              		.file 27 "ui/encoder.h"
ARM GAS  C:\Users\Oliver\AppData\Local\Temp\cceabHyu.s 			page 8


DEFINED SYMBOLS
                            *ABS*:00000000 encoder.cpp
C:\Users\Oliver\AppData\Local\Temp\cceabHyu.s:20     .text._ZN11perspective7Encoder4InitEN5daisy3PinES2_S2_f:00000000 $t
C:\Users\Oliver\AppData\Local\Temp\cceabHyu.s:27     .text._ZN11perspective7Encoder4InitEN5daisy3PinES2_S2_f:00000000 _ZN11perspective7Encoder4InitEN5daisy3PinES2_S2_f
C:\Users\Oliver\AppData\Local\Temp\cceabHyu.s:115    .text._ZN11perspective7Encoder7ProcessEv:00000000 $t
C:\Users\Oliver\AppData\Local\Temp\cceabHyu.s:122    .text._ZN11perspective7Encoder7ProcessEv:00000000 _ZN11perspective7Encoder7ProcessEv

UNDEFINED SYMBOLS
_ZN5daisy6System6GetNowEv
_ZN5daisy4GPIO4InitENS_3PinENS0_4ModeENS0_4PullENS0_5SpeedE
_ZN11perspective6Switch4InitEN5daisy3PinEf
_ZN5daisy4GPIO4ReadEv
