ARM GAS  C:\Users\Oliver\AppData\Local\Temp\ccpEvmkc.s 			page 1


   1              		.cpu cortex-m7
   2              		.arch armv7e-m
   3              		.fpu fpv5-d16
   4              		.eabi_attribute 28, 1
   5              		.eabi_attribute 20, 1
   6              		.eabi_attribute 21, 1
   7              		.eabi_attribute 23, 3
   8              		.eabi_attribute 24, 1
   9              		.eabi_attribute 25, 1
  10              		.eabi_attribute 26, 1
  11              		.eabi_attribute 30, 2
  12              		.eabi_attribute 34, 1
  13              		.eabi_attribute 18, 4
  14              		.file	"knob.cpp"
  15              		.text
  16              	.Ltext0:
  17              		.cfi_sections	.debug_frame
  18              		.file 1 "ui/knob.cpp"
  19              		.section	.text._ZN11perspective4Knob4InitEPtfbbf,"ax",%progbits
  20              		.align	1
  21              		.p2align 2,,3
  22              		.global	_ZN11perspective4Knob4InitEPtfbbf
  23              		.syntax unified
  24              		.thumb
  25              		.thumb_func
  27              	_ZN11perspective4Knob4InitEPtfbbf:
  28              	.LVL0:
  29              	.LFB1525:
   1:ui/knob.cpp   **** #include "knob.h"
   2:ui/knob.cpp   **** #include <math.h>
   3:ui/knob.cpp   **** 
   4:ui/knob.cpp   **** using namespace perspective;
   5:ui/knob.cpp   **** 
   6:ui/knob.cpp   **** void Knob::Init(uint16_t *adcptr,
   7:ui/knob.cpp   ****                 float     sr,
   8:ui/knob.cpp   ****                 bool      flip,
   9:ui/knob.cpp   ****                 bool      invert,
  10:ui/knob.cpp   ****                 float     slew_seconds)
  11:ui/knob.cpp   **** {
  30              		.loc 1 11 1 view -0
  31              		.cfi_startproc
  32              		@ args = 0, pretend = 0, frame = 0
  33              		@ frame_needed = 0, uses_anonymous_args = 0
  34              		@ link register save eliminated.
  12:ui/knob.cpp   ****     raw_val_      = 0.0f;
  35              		.loc 1 12 5 view .LVU1
  13:ui/knob.cpp   ****     adc_          = adcptr;
  14:ui/knob.cpp   ****     samplerate_   = sr;
  15:ui/knob.cpp   ****     SetCoeff(1.0f / (slew_seconds * samplerate_ * 0.5f));
  36              		.loc 1 15 49 is_stmt 0 view .LVU2
  37 0000 F6EE006A 		vmov.f32	s13, #5.0e-1
  12:ui/knob.cpp   ****     raw_val_      = 0.0f;
  38              		.loc 1 12 19 view .LVU3
  39 0004 9FED156A 		vldr.32	s12, .L5
  40              		.loc 1 15 35 view .LVU4
  41 0008 20EE207A 		vmul.f32	s14, s0, s1
  13:ui/knob.cpp   ****     adc_          = adcptr;
ARM GAS  C:\Users\Oliver\AppData\Local\Temp\ccpEvmkc.s 			page 2


  42              		.loc 1 13 19 view .LVU5
  43 000c 0160     		str	r1, [r0]
  44              		.loc 1 15 13 view .LVU6
  45 000e F7EE007A 		vmov.f32	s15, #1.0e+0
  12:ui/knob.cpp   ****     raw_val_      = 0.0f;
  46              		.loc 1 12 19 view .LVU7
  47 0012 80ED046A 		vstr.32	s12, [r0, #16]
  13:ui/knob.cpp   ****     adc_          = adcptr;
  48              		.loc 1 13 5 is_stmt 1 view .LVU8
  14:ui/knob.cpp   ****     SetCoeff(1.0f / (slew_seconds * samplerate_ * 0.5f));
  49              		.loc 1 14 5 view .LVU9
  14:ui/knob.cpp   ****     SetCoeff(1.0f / (slew_seconds * samplerate_ * 0.5f));
  50              		.loc 1 14 19 is_stmt 0 view .LVU10
  51 0016 80ED030A 		vstr.32	s0, [r0, #12]
  52              		.loc 1 15 5 is_stmt 1 view .LVU11
  53              		.loc 1 15 49 is_stmt 0 view .LVU12
  54 001a 27EE267A 		vmul.f32	s14, s14, s13
  55              		.loc 1 15 13 view .LVU13
  56 001e C7EE876A 		vdiv.f32	s13, s15, s14
  57              	.LVL1:
  58              	.LBB8:
  59              	.LBI8:
  60              		.file 2 "ui/knob.h"
   1:ui/knob.h     **** #pragma once
   2:ui/knob.h     **** #ifndef KNOB_H
   3:ui/knob.h     **** #define KNOB_H
   4:ui/knob.h     **** 
   5:ui/knob.h     **** #include <stdint.h>
   6:ui/knob.h     **** 
   7:ui/knob.h     **** namespace perspective {
   8:ui/knob.h     **** 
   9:ui/knob.h     **** /**
  10:ui/knob.h     ****  * @brief Hardware Interface for control inputs (knobs/potentiometers)
  11:ui/knob.h     ****  * Similar to AnalogControl but with conversion logic applied outside Process()
  12:ui/knob.h     ****  * This allows for raw value smoothing separate from scaling/offset/flip transformations
  13:ui/knob.h     ****  * @author Generated for Perspective
  14:ui/knob.h     ****  * @date January 2026
  15:ui/knob.h     ****  */
  16:ui/knob.h     **** class Knob
  17:ui/knob.h     **** {
  18:ui/knob.h     ****   public:
  19:ui/knob.h     ****     /** Constructor */
  20:ui/knob.h     ****     Knob() {}
  21:ui/knob.h     ****     
  22:ui/knob.h     ****     /** Destructor */
  23:ui/knob.h     ****     ~Knob() {}
  24:ui/knob.h     **** 
  25:ui/knob.h     ****     /**
  26:ui/knob.h     ****      * Initializes the knob control
  27:ui/knob.h     ****      * @param adcptr Pointer to the raw ADC read value
  28:ui/knob.h     ****      * @param sr Sample rate in Hz that the Process function will be called at
  29:ui/knob.h     ****      * @param flip Determines whether the input is flipped (i.e. 1.0 - input)
  30:ui/knob.h     ****      * @param invert Determines whether the input is inverted (i.e. -1.0 * input)
  31:ui/knob.h     ****      * @param slew_seconds Slew time in seconds for the control to reach a new value
  32:ui/knob.h     ****      */
  33:ui/knob.h     ****     void Init(uint16_t *adcptr,
  34:ui/knob.h     ****               float     sr,
ARM GAS  C:\Users\Oliver\AppData\Local\Temp\ccpEvmkc.s 			page 3


  35:ui/knob.h     ****               bool      flip         = false,
  36:ui/knob.h     ****               bool      invert       = false,
  37:ui/knob.h     ****               float     slew_seconds = 0.002f);
  38:ui/knob.h     **** 
  39:ui/knob.h     ****     /**
  40:ui/knob.h     ****      * Initializes the Knob for a -5V to 5V inverted input (bipolar CV)
  41:ui/knob.h     ****      * @param adcptr Pointer to analog digital converter
  42:ui/knob.h     ****      * @param sr Sample rate
  43:ui/knob.h     ****      */
  44:ui/knob.h     ****     void InitBipolarCv(uint16_t *adcptr, float sr);
  45:ui/knob.h     **** 
  46:ui/knob.h     ****     /**
  47:ui/knob.h     ****      * Reads and normalizes the raw ADC value (0.0 to 1.0)
  48:ui/knob.h     ****      * Returns the raw normalized value without filtering
  49:ui/knob.h     ****      * Call this at the rate specified by samplerate at Init time
  50:ui/knob.h     ****      */
  51:ui/knob.h     ****     inline void Process() {
  52:ui/knob.h     ****         raw_ = *adc_;
  53:ui/knob.h     ****     }
  54:ui/knob.h     **** 
  55:ui/knob.h     ****     /**
  56:ui/knob.h     ****      * Applies one-pole smoothing filter to the last value read by Process()
  57:ui/knob.h     ****      * Call this from the event handler before dispatching events
  58:ui/knob.h     ****      * Returns the smoothed raw value (0.0 to 1.0)
  59:ui/knob.h     ****      */
  60:ui/knob.h     ****     float Filter();
  61:ui/knob.h     **** 
  62:ui/knob.h     ****     /**
  63:ui/knob.h     ****      * Returns the current smoothed raw value without reprocessing (0.0 to 1.0)
  64:ui/knob.h     ****      */
  65:ui/knob.h     ****     inline float RawValue() const { return raw_val_; }
  66:ui/knob.h     **** 
  67:ui/knob.h     ****     /**
  68:ui/knob.h     ****      * Returns the converted value with flip/invert/scale/offset applied
  69:ui/knob.h     ****      */
  70:ui/knob.h     ****     inline float Value() const { return ConvertValue(raw_val_); }
  71:ui/knob.h     **** 
  72:ui/knob.h     ****     /**
  73:ui/knob.h     ****      * Apply conversions to a given raw value (0.0 to 1.0)
  74:ui/knob.h     ****      * This applies flip, invert, scale, and offset transformations
  75:ui/knob.h     ****      */
  76:ui/knob.h     ****     float ConvertValue(float raw_value) const;
  77:ui/knob.h     **** 
  78:ui/knob.h     ****     /**
  79:ui/knob.h     ****      * Directly set the coefficient of the one-pole smoothing filter
  80:ui/knob.h     ****      * @param val Coefficient value (clamped between 0 and 1)
  81:ui/knob.h     ****      */
  82:ui/knob.h     ****     inline void SetCoeff(float val)
  61              		.loc 2 82 17 is_stmt 1 view .LVU14
  62              	.LBB9:
  83:ui/knob.h     ****     {
  84:ui/knob.h     ****         val = val > 1.f ? 1.f : val;
  63              		.loc 2 84 9 view .LVU15
  64              		.loc 2 84 25 is_stmt 0 view .LVU16
  65 0022 F4EEE76A 		vcmpe.f32	s13, s15
  66 0026 F1EE10FA 		vmrs	APSR_nzcv, FPSCR
  67 002a 08DC     		bgt	.L2
ARM GAS  C:\Users\Oliver\AppData\Local\Temp\ccpEvmkc.s 			page 4


  85:ui/knob.h     ****         val = val < 0.f ? 0.f : val;
  68              		.loc 2 85 9 is_stmt 1 view .LVU17
  69 002c F4EEC66A 		vcmpe.f32	s13, s12
  70 0030 F1EE10FA 		vmrs	APSR_nzcv, FPSCR
  71 0034 54BF     		ite	pl
  72 0036 F0EE667A 		vmovpl.f32	s15, s13
  73 003a F0EE467A 		vmovmi.f32	s15, s12
  74              	.L2:
  75              	.LVL2:
  86:ui/knob.h     ****         coeff_ = val;
  76              		.loc 2 86 9 view .LVU18
  77              	.LBE9:
  78              	.LBE8:
  16:ui/knob.cpp   ****     scale_        = 1.17f;
  79              		.loc 1 16 19 is_stmt 0 view .LVU19
  80 003e DFF824C0 		ldr	ip, .L5+8
  17:ui/knob.cpp   ****     offset_       = 0.06f;
  81              		.loc 1 17 19 view .LVU20
  82 0042 0749     		ldr	r1, .L5+4
  83              	.LVL3:
  18:ui/knob.cpp   ****     flip_         = flip;
  84              		.loc 1 18 19 view .LVU21
  85 0044 0277     		strb	r2, [r0, #28]
  19:ui/knob.cpp   ****     invert_       = invert;
  20:ui/knob.cpp   ****     is_bipolar_   = false;
  86              		.loc 1 20 19 view .LVU22
  87 0046 0022     		movs	r2, #0
  88              	.LVL4:
  89              	.LBB11:
  90              	.LBB10:
  91              		.loc 2 86 16 view .LVU23
  92 0048 C0ED027A 		vstr.32	s15, [r0, #8]
  93              	.LVL5:
  94              		.loc 2 86 16 view .LVU24
  95              	.LBE10:
  96              	.LBE11:
  16:ui/knob.cpp   ****     offset_       = 0.06f;
  97              		.loc 1 16 5 is_stmt 1 view .LVU25
  16:ui/knob.cpp   ****     offset_       = 0.06f;
  98              		.loc 1 16 19 is_stmt 0 view .LVU26
  99 004c C0F814C0 		str	ip, [r0, #20]	@ float
  17:ui/knob.cpp   ****     flip_         = flip;
 100              		.loc 1 17 5 is_stmt 1 view .LVU27
  17:ui/knob.cpp   ****     flip_         = flip;
 101              		.loc 1 17 19 is_stmt 0 view .LVU28
 102 0050 8161     		str	r1, [r0, #24]	@ float
  18:ui/knob.cpp   ****     invert_       = invert;
 103              		.loc 1 18 5 is_stmt 1 view .LVU29
  19:ui/knob.cpp   ****     is_bipolar_   = false;
 104              		.loc 1 19 5 view .LVU30
  19:ui/knob.cpp   ****     is_bipolar_   = false;
 105              		.loc 1 19 19 is_stmt 0 view .LVU31
 106 0052 4377     		strb	r3, [r0, #29]
 107              		.loc 1 20 5 is_stmt 1 view .LVU32
 108              		.loc 1 20 19 is_stmt 0 view .LVU33
 109 0054 8277     		strb	r2, [r0, #30]
  21:ui/knob.cpp   ****     slew_seconds_ = slew_seconds;
ARM GAS  C:\Users\Oliver\AppData\Local\Temp\ccpEvmkc.s 			page 5


 110              		.loc 1 21 5 is_stmt 1 view .LVU34
 111              		.loc 1 21 19 is_stmt 0 view .LVU35
 112 0056 C0ED080A 		vstr.32	s1, [r0, #32]
  22:ui/knob.cpp   **** }
 113              		.loc 1 22 1 view .LVU36
 114 005a 7047     		bx	lr
 115              	.L6:
 116              		.align	2
 117              	.L5:
 118 005c 00000000 		.word	0
 119 0060 8FC2753D 		.word	1031127695
 120 0064 8FC2953F 		.word	1066779279
 121              		.cfi_endproc
 122              	.LFE1525:
 124              		.section	.text._ZN11perspective4Knob13InitBipolarCvEPtf,"ax",%progbits
 125              		.align	1
 126              		.p2align 2,,3
 127              		.global	_ZN11perspective4Knob13InitBipolarCvEPtf
 128              		.syntax unified
 129              		.thumb
 130              		.thumb_func
 132              	_ZN11perspective4Knob13InitBipolarCvEPtf:
 133              	.LVL6:
 134              	.LFB1526:
  23:ui/knob.cpp   **** 
  24:ui/knob.cpp   **** void Knob::InitBipolarCv(uint16_t *adcptr, float sr)
  25:ui/knob.cpp   **** {
 135              		.loc 1 25 1 is_stmt 1 view -0
 136              		.cfi_startproc
 137              		@ args = 0, pretend = 0, frame = 0
 138              		@ frame_needed = 0, uses_anonymous_args = 0
 139              		@ link register save eliminated.
  26:ui/knob.cpp   ****     raw_val_    = 0.0f;
 140              		.loc 1 26 5 view .LVU38
  27:ui/knob.cpp   ****     adc_        = adcptr;
  28:ui/knob.cpp   ****     samplerate_ = sr;
  29:ui/knob.cpp   ****     SetCoeff(1.0f / (0.002f * samplerate_ * 0.5f));
 141              		.loc 1 29 29 is_stmt 0 view .LVU39
 142 0000 DFED177A 		vldr.32	s15, .L10
 143              		.loc 1 29 43 view .LVU40
 144 0004 F6EE006A 		vmov.f32	s13, #5.0e-1
 145              		.loc 1 29 13 view .LVU41
 146 0008 B7EE007A 		vmov.f32	s14, #1.0e+0
  26:ui/knob.cpp   ****     raw_val_    = 0.0f;
 147              		.loc 1 26 17 view .LVU42
 148 000c 9FED156A 		vldr.32	s12, .L10+4
 149              		.loc 1 29 29 view .LVU43
 150 0010 60EE277A 		vmul.f32	s15, s0, s15
  27:ui/knob.cpp   ****     adc_        = adcptr;
 151              		.loc 1 27 17 view .LVU44
 152 0014 0160     		str	r1, [r0]
  26:ui/knob.cpp   ****     raw_val_    = 0.0f;
 153              		.loc 1 26 17 view .LVU45
 154 0016 80ED046A 		vstr.32	s12, [r0, #16]
  27:ui/knob.cpp   ****     adc_        = adcptr;
 155              		.loc 1 27 5 is_stmt 1 view .LVU46
  28:ui/knob.cpp   ****     SetCoeff(1.0f / (0.002f * samplerate_ * 0.5f));
ARM GAS  C:\Users\Oliver\AppData\Local\Temp\ccpEvmkc.s 			page 6


 156              		.loc 1 28 5 view .LVU47
  28:ui/knob.cpp   ****     SetCoeff(1.0f / (0.002f * samplerate_ * 0.5f));
 157              		.loc 1 28 17 is_stmt 0 view .LVU48
 158 001a 80ED030A 		vstr.32	s0, [r0, #12]
 159              		.loc 1 29 5 is_stmt 1 view .LVU49
 160              		.loc 1 29 43 is_stmt 0 view .LVU50
 161 001e 67EEA67A 		vmul.f32	s15, s15, s13
 162              		.loc 1 29 13 view .LVU51
 163 0022 C7EE276A 		vdiv.f32	s13, s14, s15
 164              	.LVL7:
 165              	.LBB12:
 166              	.LBI12:
  82:ui/knob.h     ****     {
 167              		.loc 2 82 17 is_stmt 1 view .LVU52
 168              	.LBB13:
  84:ui/knob.h     ****         val = val < 0.f ? 0.f : val;
 169              		.loc 2 84 9 view .LVU53
  84:ui/knob.h     ****         val = val < 0.f ? 0.f : val;
 170              		.loc 2 84 25 is_stmt 0 view .LVU54
 171 0026 F4EEC76A 		vcmpe.f32	s13, s14
 172 002a F1EE10FA 		vmrs	APSR_nzcv, FPSCR
 173 002e 08DC     		bgt	.L8
  85:ui/knob.h     ****         coeff_ = val;
 174              		.loc 2 85 9 is_stmt 1 view .LVU55
 175 0030 F4EEC66A 		vcmpe.f32	s13, s12
 176 0034 F1EE10FA 		vmrs	APSR_nzcv, FPSCR
 177 0038 54BF     		ite	pl
 178 003a B0EE667A 		vmovpl.f32	s14, s13
 179 003e B0EE467A 		vmovmi.f32	s14, s12
 180              	.L8:
 181              	.LVL8:
 182              		.loc 2 86 9 view .LVU56
 183              	.LBE13:
 184              	.LBE12:
  30:ui/knob.cpp   ****     scale_      = 2.0f;
 185              		.loc 1 30 17 is_stmt 0 view .LVU57
 186 0042 4FF0804C 		mov	ip, #1073741824
  31:ui/knob.cpp   ****     offset_     = 0.5f;
 187              		.loc 1 31 17 view .LVU58
 188 0046 4FF07C51 		mov	r1, #1056964608
 189              	.LVL9:
  32:ui/knob.cpp   ****     flip_       = false;
 190              		.loc 1 32 17 view .LVU59
 191 004a 4FF48072 		mov	r2, #256
  33:ui/knob.cpp   ****     invert_     = true;
  34:ui/knob.cpp   ****     is_bipolar_ = true;
 192              		.loc 1 34 17 view .LVU60
 193 004e 0123     		movs	r3, #1
 194              	.LBB15:
 195              	.LBB14:
 196              		.loc 2 86 16 view .LVU61
 197 0050 80ED027A 		vstr.32	s14, [r0, #8]
 198              	.LVL10:
 199              		.loc 2 86 16 view .LVU62
 200              	.LBE14:
 201              	.LBE15:
  30:ui/knob.cpp   ****     offset_     = 0.5f;
ARM GAS  C:\Users\Oliver\AppData\Local\Temp\ccpEvmkc.s 			page 7


 202              		.loc 1 30 5 is_stmt 1 view .LVU63
  30:ui/knob.cpp   ****     offset_     = 0.5f;
 203              		.loc 1 30 17 is_stmt 0 view .LVU64
 204 0054 C0F814C0 		str	ip, [r0, #20]	@ float
  31:ui/knob.cpp   ****     flip_       = false;
 205              		.loc 1 31 5 is_stmt 1 view .LVU65
  31:ui/knob.cpp   ****     flip_       = false;
 206              		.loc 1 31 17 is_stmt 0 view .LVU66
 207 0058 8161     		str	r1, [r0, #24]	@ float
  32:ui/knob.cpp   ****     invert_     = true;
 208              		.loc 1 32 5 is_stmt 1 view .LVU67
  33:ui/knob.cpp   ****     is_bipolar_ = true;
 209              		.loc 1 33 5 view .LVU68
  32:ui/knob.cpp   ****     invert_     = true;
 210              		.loc 1 32 17 is_stmt 0 view .LVU69
 211 005a 8283     		strh	r2, [r0, #28]	@ movhi
 212              		.loc 1 34 5 is_stmt 1 view .LVU70
 213              		.loc 1 34 17 is_stmt 0 view .LVU71
 214 005c 8377     		strb	r3, [r0, #30]
  35:ui/knob.cpp   **** }
 215              		.loc 1 35 1 view .LVU72
 216 005e 7047     		bx	lr
 217              	.L11:
 218              		.align	2
 219              	.L10:
 220 0060 6F12033B 		.word	990057071
 221 0064 00000000 		.word	0
 222              		.cfi_endproc
 223              	.LFE1526:
 225              		.section	.text._ZN11perspective4Knob6FilterEv,"ax",%progbits
 226              		.align	1
 227              		.p2align 2,,3
 228              		.global	_ZN11perspective4Knob6FilterEv
 229              		.syntax unified
 230              		.thumb
 231              		.thumb_func
 233              	_ZN11perspective4Knob6FilterEv:
 234              	.LVL11:
 235              	.LFB1527:
  36:ui/knob.cpp   **** 
  37:ui/knob.cpp   **** float Knob::Filter()
  38:ui/knob.cpp   **** {
 236              		.loc 1 38 1 is_stmt 1 view -0
 237              		.cfi_startproc
 238              		@ args = 0, pretend = 0, frame = 0
 239              		@ frame_needed = 0, uses_anonymous_args = 0
 240              		@ link register save eliminated.
  39:ui/knob.cpp   ****     // Get the current raw ADC value
  40:ui/knob.cpp   ****     float t = raw_/65535.f;
 241              		.loc 1 40 5 view .LVU74
 242              		.loc 1 40 19 is_stmt 0 view .LVU75
 243 0000 D0ED017A 		vldr.32	s15, [r0, #4]	@ int
 244              		.loc 1 40 11 view .LVU76
 245 0004 9FED086A 		vldr.32	s12, .L13
 246              	.LVL12:
  41:ui/knob.cpp   ****     
  42:ui/knob.cpp   ****     // Apply one-pole smoothing filter
ARM GAS  C:\Users\Oliver\AppData\Local\Temp\ccpEvmkc.s 			page 8


  43:ui/knob.cpp   ****     raw_val_ += coeff_ * (t - raw_val_);
 247              		.loc 1 43 5 is_stmt 1 view .LVU77
  40:ui/knob.cpp   ****     
 248              		.loc 1 40 19 is_stmt 0 view .LVU78
 249 0008 B8EEE77A 		vcvt.f32.s32	s14, s15
 250              		.loc 1 43 5 view .LVU79
 251 000c 90ED040A 		vldr.32	s0, [r0, #16]
 252              		.loc 1 43 14 view .LVU80
 253 0010 D0ED026A 		vldr.32	s13, [r0, #8]
  40:ui/knob.cpp   ****     
 254              		.loc 1 40 11 view .LVU81
 255 0014 C7EE067A 		vdiv.f32	s15, s14, s12
 256              	.LVL13:
 257              		.loc 1 43 29 view .LVU82
 258 0018 77EEC07A 		vsub.f32	s15, s15, s0
 259              	.LVL14:
 260              		.loc 1 43 14 view .LVU83
 261 001c A6EEA70A 		vfma.f32	s0, s13, s15
 262 0020 80ED040A 		vstr.32	s0, [r0, #16]
  44:ui/knob.cpp   ****     
  45:ui/knob.cpp   ****     return raw_val_;
 263              		.loc 1 45 5 is_stmt 1 view .LVU84
  46:ui/knob.cpp   **** }
 264              		.loc 1 46 1 is_stmt 0 view .LVU85
 265 0024 7047     		bx	lr
 266              	.L14:
 267 0026 00BF     		.align	2
 268              	.L13:
 269 0028 00FF7F47 		.word	1199570688
 270              		.cfi_endproc
 271              	.LFE1527:
 273              		.section	.text._ZNK11perspective4Knob12ConvertValueEf,"ax",%progbits
 274              		.align	1
 275              		.p2align 2,,3
 276              		.global	_ZNK11perspective4Knob12ConvertValueEf
 277              		.syntax unified
 278              		.thumb
 279              		.thumb_func
 281              	_ZNK11perspective4Knob12ConvertValueEf:
 282              	.LVL15:
 283              	.LFB1528:
  47:ui/knob.cpp   **** 
  48:ui/knob.cpp   **** float Knob::ConvertValue(float raw_value) const
  49:ui/knob.cpp   **** {
 284              		.loc 1 49 1 is_stmt 1 view -0
 285              		.cfi_startproc
 286              		@ args = 0, pretend = 0, frame = 0
 287              		@ frame_needed = 0, uses_anonymous_args = 0
 288              		@ link register save eliminated.
  50:ui/knob.cpp   ****     float t = raw_value;
 289              		.loc 1 50 5 view .LVU87
  51:ui/knob.cpp   ****     
  52:ui/knob.cpp   ****     // Apply flip if enabled
  53:ui/knob.cpp   ****     if(flip_)
 290              		.loc 1 53 5 view .LVU88
 291 0000 037F     		ldrb	r3, [r0, #28]	@ zero_extendqisi2
 292 0002 1BB1     		cbz	r3, .L16
ARM GAS  C:\Users\Oliver\AppData\Local\Temp\ccpEvmkc.s 			page 9


  54:ui/knob.cpp   ****         t = 1.f - t;
 293              		.loc 1 54 9 view .LVU89
 294              		.loc 1 54 11 is_stmt 0 view .LVU90
 295 0004 F7EE007A 		vmov.f32	s15, #1.0e+0
 296 0008 37EEC00A 		vsub.f32	s0, s15, s0
 297              	.LVL16:
 298              	.L16:
  55:ui/knob.cpp   ****     
  56:ui/knob.cpp   ****     // Apply offset and scale
  57:ui/knob.cpp   ****     t = (t - offset_) * scale_;
 299              		.loc 1 57 5 is_stmt 1 view .LVU91
 300              		.loc 1 57 12 is_stmt 0 view .LVU92
 301 000c 90ED067A 		vldr.32	s14, [r0, #24]
 302              		.loc 1 57 7 view .LVU93
 303 0010 D0ED057A 		vldr.32	s15, [r0, #20]
 304              		.loc 1 57 12 view .LVU94
 305 0014 30EE470A 		vsub.f32	s0, s0, s14
 306              	.LVL17:
  58:ui/knob.cpp   ****     
  59:ui/knob.cpp   ****     // Apply invert if enabled
  60:ui/knob.cpp   ****     if(invert_)
 307              		.loc 1 60 5 view .LVU95
 308 0018 437F     		ldrb	r3, [r0, #29]	@ zero_extendqisi2
  57:ui/knob.cpp   ****     
 309              		.loc 1 57 7 view .LVU96
 310 001a 60EE277A 		vmul.f32	s15, s0, s15
 311              	.LVL18:
 312              		.loc 1 60 5 is_stmt 1 view .LVU97
 313 001e 0BB1     		cbz	r3, .L17
  61:ui/knob.cpp   ****         t = -t;
 314              		.loc 1 61 9 view .LVU98
 315              		.loc 1 61 11 is_stmt 0 view .LVU99
 316 0020 F1EE677A 		vneg.f32	s15, s15
 317              	.LVL19:
 318              	.L17:
  62:ui/knob.cpp   ****     
  63:ui/knob.cpp   ****     // Clamp to 0.0f - 1.0f
  64:ui/knob.cpp   ****     if(t < 0.0f) t = 0.0f;
 319              		.loc 1 64 5 is_stmt 1 view .LVU100
 320 0024 F5EEC07A 		vcmpe.f32	s15, #0
 321 0028 F1EE10FA 		vmrs	APSR_nzcv, FPSCR
 322 002c 08D4     		bmi	.L19
  65:ui/knob.cpp   ****     if(t > 1.0f) t = 1.0f;
 323              		.loc 1 65 5 view .LVU101
 324 002e B7EE000A 		vmov.f32	s0, #1.0e+0
 325 0032 F4EEC07A 		vcmpe.f32	s15, s0
 326 0036 F1EE10FA 		vmrs	APSR_nzcv, FPSCR
 327 003a 30FE270A 		vselgt.f32	s0, s0, s15
 328 003e 7047     		bx	lr
 329              	.L19:
  64:ui/knob.cpp   ****     if(t > 1.0f) t = 1.0f;
 330              		.loc 1 64 20 is_stmt 0 discriminator 1 view .LVU102
 331 0040 9FED010A 		vldr.32	s0, .L26
 332              	.LVL20:
  66:ui/knob.cpp   ****     
  67:ui/knob.cpp   ****     return t;
 333              		.loc 1 67 5 is_stmt 1 view .LVU103
ARM GAS  C:\Users\Oliver\AppData\Local\Temp\ccpEvmkc.s 			page 10


  68:ui/knob.cpp   **** }
 334              		.loc 1 68 1 is_stmt 0 view .LVU104
 335 0044 7047     		bx	lr
 336              	.L27:
 337 0046 00BF     		.align	2
 338              	.L26:
 339 0048 00000000 		.word	0
 340              		.cfi_endproc
 341              	.LFE1528:
 343              		.section	.text._ZN11perspective4Knob13SetSampleRateEf,"ax",%progbits
 344              		.align	1
 345              		.p2align 2,,3
 346              		.global	_ZN11perspective4Knob13SetSampleRateEf
 347              		.syntax unified
 348              		.thumb
 349              		.thumb_func
 351              	_ZN11perspective4Knob13SetSampleRateEf:
 352              	.LVL21:
 353              	.LFB1529:
  69:ui/knob.cpp   **** 
  70:ui/knob.cpp   **** void Knob::SetSampleRate(float sample_rate)
  71:ui/knob.cpp   **** {
 354              		.loc 1 71 1 is_stmt 1 view -0
 355              		.cfi_startproc
 356              		@ args = 0, pretend = 0, frame = 0
 357              		@ frame_needed = 0, uses_anonymous_args = 0
 358              		@ link register save eliminated.
  72:ui/knob.cpp   ****     samplerate_ = sample_rate;
 359              		.loc 1 72 5 view .LVU106
  73:ui/knob.cpp   ****     float slew  = is_bipolar_ ? .002f : slew_seconds_;
 360              		.loc 1 73 31 is_stmt 0 view .LVU107
 361 0000 837F     		ldrb	r3, [r0, #30]	@ zero_extendqisi2
  72:ui/knob.cpp   ****     samplerate_ = sample_rate;
 362              		.loc 1 72 17 view .LVU108
 363 0002 80ED030A 		vstr.32	s0, [r0, #12]
 364              		.loc 1 73 5 is_stmt 1 view .LVU109
 365              		.loc 1 73 31 is_stmt 0 view .LVU110
 366 0006 E3B9     		cbnz	r3, .L31
 367              		.loc 1 73 31 discriminator 2 view .LVU111
 368 0008 D0ED087A 		vldr.32	s15, [r0, #32]
 369              	.L29:
 370              	.LVL22:
  74:ui/knob.cpp   ****     SetCoeff(1.0f / (slew * samplerate_ * 0.5f));
 371              		.loc 1 74 5 is_stmt 1 view .LVU112
 372              		.loc 1 74 27 is_stmt 0 view .LVU113
 373 000c 27EE800A 		vmul.f32	s0, s15, s0
 374              	.LVL23:
 375              		.loc 1 74 41 view .LVU114
 376 0010 B6EE007A 		vmov.f32	s14, #5.0e-1
 377              		.loc 1 74 13 view .LVU115
 378 0014 F7EE007A 		vmov.f32	s15, #1.0e+0
 379              	.LVL24:
 380              		.loc 1 74 41 view .LVU116
 381 0018 20EE070A 		vmul.f32	s0, s0, s14
 382              		.loc 1 74 13 view .LVU117
 383 001c 87EE807A 		vdiv.f32	s14, s15, s0
 384              	.LVL25:
ARM GAS  C:\Users\Oliver\AppData\Local\Temp\ccpEvmkc.s 			page 11


 385              	.LBB16:
 386              	.LBI16:
  82:ui/knob.h     ****     {
 387              		.loc 2 82 17 is_stmt 1 view .LVU118
 388              	.LBB17:
  84:ui/knob.h     ****         val = val < 0.f ? 0.f : val;
 389              		.loc 2 84 9 view .LVU119
  84:ui/knob.h     ****         val = val < 0.f ? 0.f : val;
 390              		.loc 2 84 25 is_stmt 0 view .LVU120
 391 0020 B4EEE77A 		vcmpe.f32	s14, s15
 392 0024 F1EE10FA 		vmrs	APSR_nzcv, FPSCR
 393 0028 08DC     		bgt	.L30
  85:ui/knob.h     ****         coeff_ = val;
 394              		.loc 2 85 9 is_stmt 1 view .LVU121
 395 002a B5EEC07A 		vcmpe.f32	s14, #0
 396 002e DFED067A 		vldr.32	s15, .L33
 397 0032 F1EE10FA 		vmrs	APSR_nzcv, FPSCR
 398 0036 58BF     		it	pl
 399 0038 F0EE477A 		vmovpl.f32	s15, s14
 400              	.L30:
 401              	.LVL26:
 402              		.loc 2 86 9 view .LVU122
 403              		.loc 2 86 16 is_stmt 0 view .LVU123
 404 003c C0ED027A 		vstr.32	s15, [r0, #8]
 405              	.LVL27:
 406              		.loc 2 86 16 view .LVU124
 407              	.LBE17:
 408              	.LBE16:
  75:ui/knob.cpp   **** }
 409              		.loc 1 75 1 view .LVU125
 410 0040 7047     		bx	lr
 411              	.LVL28:
 412              	.L31:
  73:ui/knob.cpp   ****     SetCoeff(1.0f / (slew * samplerate_ * 0.5f));
 413              		.loc 1 73 31 discriminator 1 view .LVU126
 414 0042 DFED027A 		vldr.32	s15, .L33+4
 415 0046 E1E7     		b	.L29
 416              	.L34:
 417              		.align	2
 418              	.L33:
 419 0048 00000000 		.word	0
 420 004c 6F12033B 		.word	990057071
 421              		.cfi_endproc
 422              	.LFE1529:
 424              		.text
 425              	.Letext0:
 426              		.file 3 "C:/Program Files (x86)/Arm GNU Toolchain arm-none-eabi/14.3 rel1/arm-none-eabi/include/ma
 427              		.file 4 "C:/Program Files (x86)/Arm GNU Toolchain arm-none-eabi/14.3 rel1/arm-none-eabi/include/sy
 428              		.file 5 "C:/Program Files (x86)/Arm GNU Toolchain arm-none-eabi/14.3 rel1/arm-none-eabi/include/c+
 429              		.file 6 "C:/Program Files (x86)/Arm GNU Toolchain arm-none-eabi/14.3 rel1/arm-none-eabi/include/c+
 430              		.file 7 "C:/Program Files (x86)/Arm GNU Toolchain arm-none-eabi/14.3 rel1/arm-none-eabi/include/c+
 431              		.file 8 "C:/Program Files (x86)/Arm GNU Toolchain arm-none-eabi/14.3 rel1/arm-none-eabi/include/c+
 432              		.file 9 "C:/Program Files (x86)/Arm GNU Toolchain arm-none-eabi/14.3 rel1/arm-none-eabi/include/c+
 433              		.file 10 "C:/Program Files (x86)/Arm GNU Toolchain arm-none-eabi/14.3 rel1/arm-none-eabi/include/c
 434              		.file 11 "C:/Program Files (x86)/Arm GNU Toolchain arm-none-eabi/14.3 rel1/arm-none-eabi/include/c
 435              		.file 12 "C:/Program Files (x86)/Arm GNU Toolchain arm-none-eabi/14.3 rel1/arm-none-eabi/include/c
 436              		.file 13 "C:/Program Files (x86)/Arm GNU Toolchain arm-none-eabi/14.3 rel1/arm-none-eabi/include/c
ARM GAS  C:\Users\Oliver\AppData\Local\Temp\ccpEvmkc.s 			page 12


 437              		.file 14 "C:/Program Files (x86)/Arm GNU Toolchain arm-none-eabi/14.3 rel1/arm-none-eabi/include/c
 438              		.file 15 "C:/Program Files (x86)/Arm GNU Toolchain arm-none-eabi/14.3 rel1/arm-none-eabi/include/m
 439              		.file 16 "C:/Program Files (x86)/Arm GNU Toolchain arm-none-eabi/14.3 rel1/arm-none-eabi/include/c
 440              		.file 17 "C:/Program Files (x86)/Arm GNU Toolchain arm-none-eabi/14.3 rel1/arm-none-eabi/include/c
ARM GAS  C:\Users\Oliver\AppData\Local\Temp\ccpEvmkc.s 			page 13


DEFINED SYMBOLS
                            *ABS*:00000000 knob.cpp
C:\Users\Oliver\AppData\Local\Temp\ccpEvmkc.s:20     .text._ZN11perspective4Knob4InitEPtfbbf:00000000 $t
C:\Users\Oliver\AppData\Local\Temp\ccpEvmkc.s:27     .text._ZN11perspective4Knob4InitEPtfbbf:00000000 _ZN11perspective4Knob4InitEPtfbbf
C:\Users\Oliver\AppData\Local\Temp\ccpEvmkc.s:118    .text._ZN11perspective4Knob4InitEPtfbbf:0000005c $d
C:\Users\Oliver\AppData\Local\Temp\ccpEvmkc.s:125    .text._ZN11perspective4Knob13InitBipolarCvEPtf:00000000 $t
C:\Users\Oliver\AppData\Local\Temp\ccpEvmkc.s:132    .text._ZN11perspective4Knob13InitBipolarCvEPtf:00000000 _ZN11perspective4Knob13InitBipolarCvEPtf
C:\Users\Oliver\AppData\Local\Temp\ccpEvmkc.s:220    .text._ZN11perspective4Knob13InitBipolarCvEPtf:00000060 $d
C:\Users\Oliver\AppData\Local\Temp\ccpEvmkc.s:226    .text._ZN11perspective4Knob6FilterEv:00000000 $t
C:\Users\Oliver\AppData\Local\Temp\ccpEvmkc.s:233    .text._ZN11perspective4Knob6FilterEv:00000000 _ZN11perspective4Knob6FilterEv
C:\Users\Oliver\AppData\Local\Temp\ccpEvmkc.s:269    .text._ZN11perspective4Knob6FilterEv:00000028 $d
C:\Users\Oliver\AppData\Local\Temp\ccpEvmkc.s:274    .text._ZNK11perspective4Knob12ConvertValueEf:00000000 $t
C:\Users\Oliver\AppData\Local\Temp\ccpEvmkc.s:281    .text._ZNK11perspective4Knob12ConvertValueEf:00000000 _ZNK11perspective4Knob12ConvertValueEf
C:\Users\Oliver\AppData\Local\Temp\ccpEvmkc.s:339    .text._ZNK11perspective4Knob12ConvertValueEf:00000048 $d
C:\Users\Oliver\AppData\Local\Temp\ccpEvmkc.s:344    .text._ZN11perspective4Knob13SetSampleRateEf:00000000 $t
C:\Users\Oliver\AppData\Local\Temp\ccpEvmkc.s:351    .text._ZN11perspective4Knob13SetSampleRateEf:00000000 _ZN11perspective4Knob13SetSampleRateEf
C:\Users\Oliver\AppData\Local\Temp\ccpEvmkc.s:419    .text._ZN11perspective4Knob13SetSampleRateEf:00000048 $d

NO UNDEFINED SYMBOLS
