ARM GAS  C:\Users\Oliver\AppData\Local\Temp\cclovR9T.s 			page 1


   1              		.cpu cortex-m7
   2              		.arch armv7e-m
   3              		.fpu fpv5-d16
   4              		.eabi_attribute 28, 1
   5              		.eabi_attribute 20, 1
   6              		.eabi_attribute 21, 1
   7              		.eabi_attribute 23, 3
   8              		.eabi_attribute 24, 1
   9              		.eabi_attribute 25, 1
  10              		.eabi_attribute 26, 1
  11              		.eabi_attribute 30, 2
  12              		.eabi_attribute 34, 1
  13              		.eabi_attribute 18, 4
  14              		.file	"switch.cpp"
  15              		.text
  16              	.Ltext0:
  17              		.cfi_sections	.debug_frame
  18              		.file 1 "ui/switch.cpp"
  19              		.section	.text._ZN11perspective6Switch4InitEN5daisy3PinEfNS0_4TypeENS0_8PolarityENS1_4GPIO4PullE,"
  20              		.align	1
  21              		.p2align 2,,3
  22              		.global	_ZN11perspective6Switch4InitEN5daisy3PinEfNS0_4TypeENS0_8PolarityENS1_4GPIO4PullE
  23              		.syntax unified
  24              		.thumb
  25              		.thumb_func
  27              	_ZN11perspective6Switch4InitEN5daisy3PinEfNS0_4TypeENS0_8PolarityENS1_4GPIO4PullE:
  28              	.LVL0:
  29              	.LFB1572:
   1:ui/switch.cpp **** #include "switch.h"
   2:ui/switch.cpp **** 
   3:ui/switch.cpp **** using namespace daisy;
   4:ui/switch.cpp **** using namespace perspective;
   5:ui/switch.cpp **** 
   6:ui/switch.cpp **** void Switch::Init(Pin        pin,
   7:ui/switch.cpp ****                   float      update_rate,
   8:ui/switch.cpp ****                   Type       t,
   9:ui/switch.cpp ****                   Polarity   pol,
  10:ui/switch.cpp ****                   GPIO::Pull pu)
  11:ui/switch.cpp **** {
  30              		.loc 1 11 1 view -0
  31              		.cfi_startproc
  32              		@ args = 4, pretend = 0, frame = 8
  33              		@ frame_needed = 0, uses_anonymous_args = 0
  12:ui/switch.cpp ****     last_update_  = System::GetUs();
  34              		.loc 1 12 5 view .LVU1
  11:ui/switch.cpp ****     last_update_  = System::GetUs();
  35              		.loc 1 11 1 is_stmt 0 view .LVU2
  36 0000 F0B5     		push	{r4, r5, r6, r7, lr}
  37              		.cfi_def_cfa_offset 20
  38              		.cfi_offset 4, -20
  39              		.cfi_offset 5, -16
  40              		.cfi_offset 6, -12
  41              		.cfi_offset 7, -8
  42              		.cfi_offset 14, -4
  43 0002 1D46     		mov	r5, r3
  44 0004 0446     		mov	r4, r0
  45 0006 1646     		mov	r6, r2
ARM GAS  C:\Users\Oliver\AppData\Local\Temp\cclovR9T.s 			page 2


  13:ui/switch.cpp ****     update_rate_  = update_rate;
  14:ui/switch.cpp ****     state_        = 0x00;
  15:ui/switch.cpp ****     t_            = t;
  16:ui/switch.cpp ****     // Flip may seem opposite to logical direction,
  17:ui/switch.cpp ****     // but here 1 is pressed, 0 is not.
  18:ui/switch.cpp ****     flip_ = pol == POLARITY_INVERTED ? true : false;
  46              		.loc 1 18 38 view .LVU3
  47 0008 A5F10105 		sub	r5, #1
  11:ui/switch.cpp ****     last_update_  = System::GetUs();
  48              		.loc 1 11 1 view .LVU4
  49 000c 2DED028B 		vpush.64	{d8}
  50              		.cfi_def_cfa_offset 28
  51              		.cfi_offset 80, -28
  52              		.cfi_offset 81, -24
  53 0010 83B0     		sub	sp, sp, #12
  54              		.cfi_def_cfa_offset 40
  11:ui/switch.cpp ****     last_update_  = System::GetUs();
  55              		.loc 1 11 1 view .LVU5
  56 0012 B0EE408A 		vmov.f32	s16, s0
  57              		.loc 1 18 38 view .LVU6
  58 0016 B5FA85F5 		clz	r5, r5
  11:ui/switch.cpp ****     last_update_  = System::GetUs();
  59              		.loc 1 11 1 view .LVU7
  60 001a 0A9F     		ldr	r7, [sp, #40]
  61 001c ADF80410 		strh	r1, [sp, #4]	@ movhi
  12:ui/switch.cpp ****     update_rate_  = update_rate;
  62              		.loc 1 12 34 view .LVU8
  63 0020 FFF7FEFF 		bl	_ZN5daisy6System5GetUsEv
  64              	.LVL1:
  14:ui/switch.cpp ****     t_            = t;
  65              		.loc 1 14 19 view .LVU9
  66 0024 0022     		movs	r2, #0
  12:ui/switch.cpp ****     update_rate_  = update_rate;
  67              		.loc 1 12 19 discriminator 1 view .LVU10
  68 0026 2060     		str	r0, [r4]
  13:ui/switch.cpp ****     update_rate_  = update_rate;
  69              		.loc 1 13 5 is_stmt 1 view .LVU11
  70              		.loc 1 18 38 is_stmt 0 view .LVU12
  71 0028 6D09     		lsrs	r5, r5, #5
  19:ui/switch.cpp ****     hw_gpio_.Init(pin, GPIO::Mode::INPUT, pu);
  72              		.loc 1 19 18 view .LVU13
  73 002a 3B46     		mov	r3, r7
  14:ui/switch.cpp ****     t_            = t;
  74              		.loc 1 14 19 view .LVU14
  75 002c 84F82020 		strb	r2, [r4, #32]
  76              		.loc 1 19 18 view .LVU15
  77 0030 04F10C00 		add	r0, r4, #12
  78 0034 0199     		ldr	r1, [sp, #4]
  13:ui/switch.cpp ****     state_        = 0x00;
  79              		.loc 1 13 19 view .LVU16
  80 0036 84ED018A 		vstr.32	s16, [r4, #4]
  14:ui/switch.cpp ****     t_            = t;
  81              		.loc 1 14 5 is_stmt 1 view .LVU17
  15:ui/switch.cpp ****     // Flip may seem opposite to logical direction,
  82              		.loc 1 15 5 view .LVU18
  18:ui/switch.cpp ****     hw_gpio_.Init(pin, GPIO::Mode::INPUT, pu);
  83              		.loc 1 18 5 view .LVU19
ARM GAS  C:\Users\Oliver\AppData\Local\Temp\cclovR9T.s 			page 3


  15:ui/switch.cpp ****     // Flip may seem opposite to logical direction,
  84              		.loc 1 15 19 is_stmt 0 view .LVU20
  85 003a 2672     		strb	r6, [r4, #8]
  18:ui/switch.cpp ****     hw_gpio_.Init(pin, GPIO::Mode::INPUT, pu);
  86              		.loc 1 18 38 view .LVU21
  87 003c 84F82150 		strb	r5, [r4, #33]
  88              		.loc 1 19 5 is_stmt 1 view .LVU22
  89              		.loc 1 19 18 is_stmt 0 view .LVU23
  90 0040 0A92     		str	r2, [sp, #40]
  91              	.LVL2:
  20:ui/switch.cpp **** }
  92              		.loc 1 20 1 view .LVU24
  93 0042 03B0     		add	sp, sp, #12
  94              		.cfi_def_cfa_offset 28
  95              		@ sp needed
  96 0044 BDEC028B 		vldm	sp!, {d8}
  97              		.cfi_restore 80
  98              		.cfi_restore 81
  99              		.cfi_def_cfa_offset 20
 100              	.LVL3:
 101              		.loc 1 20 1 view .LVU25
 102 0048 BDE8F040 		pop	{r4, r5, r6, r7, lr}
 103              		.cfi_restore 14
 104              		.cfi_restore 7
 105              		.cfi_restore 6
 106              		.cfi_restore 5
 107              		.cfi_restore 4
 108              		.cfi_def_cfa_offset 0
 109              	.LVL4:
  19:ui/switch.cpp **** }
 110              		.loc 1 19 18 view .LVU26
 111 004c FFF7FEBF 		b	_ZN5daisy4GPIO4InitENS_3PinENS0_4ModeENS0_4PullENS0_5SpeedE
 112              	.LVL5:
  19:ui/switch.cpp **** }
 113              		.loc 1 19 18 view .LVU27
 114              		.cfi_endproc
 115              	.LFE1572:
 117              		.section	.text._ZN11perspective6Switch4InitEN5daisy3PinEf,"ax",%progbits
 118              		.align	1
 119              		.p2align 2,,3
 120              		.global	_ZN11perspective6Switch4InitEN5daisy3PinEf
 121              		.syntax unified
 122              		.thumb
 123              		.thumb_func
 125              	_ZN11perspective6Switch4InitEN5daisy3PinEf:
 126              	.LVL6:
 127              	.LFB1573:
  21:ui/switch.cpp **** 
  22:ui/switch.cpp **** void Switch::Init(Pin pin, float update_rate)
  23:ui/switch.cpp **** {
 128              		.loc 1 23 1 is_stmt 1 view -0
 129              		.cfi_startproc
 130              		@ args = 0, pretend = 0, frame = 16
 131              		@ frame_needed = 0, uses_anonymous_args = 0
  24:ui/switch.cpp ****     Init(pin,
 132              		.loc 1 24 5 view .LVU29
  23:ui/switch.cpp ****     Init(pin,
ARM GAS  C:\Users\Oliver\AppData\Local\Temp\cclovR9T.s 			page 4


 133              		.loc 1 23 1 is_stmt 0 view .LVU30
 134 0000 10B5     		push	{r4, lr}
 135              		.cfi_def_cfa_offset 8
 136              		.cfi_offset 4, -8
 137              		.cfi_offset 14, -4
 138 0002 2DED028B 		vpush.64	{d8}
 139              		.cfi_def_cfa_offset 16
 140              		.cfi_offset 80, -16
 141              		.cfi_offset 81, -12
 142 0006 86B0     		sub	sp, sp, #24
 143              		.cfi_def_cfa_offset 40
  23:ui/switch.cpp ****     Init(pin,
 144              		.loc 1 23 1 view .LVU31
 145 0008 0446     		mov	r4, r0
 146              	.LVL7:
  23:ui/switch.cpp ****     Init(pin,
 147              		.loc 1 23 1 view .LVU32
 148 000a B0EE408A 		vmov.f32	s16, s0
 149 000e ADF81410 		strh	r1, [sp, #20]	@ movhi
 150              	.LVL8:
 151              	.LBB4:
 152              	.LBI4:
   6:ui/switch.cpp ****                   float      update_rate,
 153              		.loc 1 6 6 is_stmt 1 view .LVU33
 154              	.LBB5:
  12:ui/switch.cpp ****     update_rate_  = update_rate;
 155              		.loc 1 12 5 view .LVU34
  12:ui/switch.cpp ****     update_rate_  = update_rate;
 156              		.loc 1 12 34 is_stmt 0 view .LVU35
 157 0012 FFF7FEFF 		bl	_ZN5daisy6System5GetUsEv
 158              	.LVL9:
  14:ui/switch.cpp ****     t_            = t;
 159              		.loc 1 14 19 view .LVU36
 160 0016 4FF48072 		mov	r2, #256
  19:ui/switch.cpp **** }
 161              		.loc 1 19 18 view .LVU37
 162 001a 0023     		movs	r3, #0
  15:ui/switch.cpp ****     // Flip may seem opposite to logical direction,
 163              		.loc 1 15 19 view .LVU38
 164 001c 0121     		movs	r1, #1
  12:ui/switch.cpp ****     update_rate_  = update_rate;
 165              		.loc 1 12 19 discriminator 1 view .LVU39
 166 001e 2060     		str	r0, [r4]
  13:ui/switch.cpp ****     state_        = 0x00;
 167              		.loc 1 13 5 is_stmt 1 view .LVU40
  14:ui/switch.cpp ****     t_            = t;
 168              		.loc 1 14 19 is_stmt 0 view .LVU41
 169 0020 2284     		strh	r2, [r4, #32]	@ movhi
  19:ui/switch.cpp **** }
 170              		.loc 1 19 18 view .LVU42
 171 0022 04F10C00 		add	r0, r4, #12
  15:ui/switch.cpp ****     // Flip may seem opposite to logical direction,
 172              		.loc 1 15 19 view .LVU43
 173 0026 2172     		strb	r1, [r4, #8]
  19:ui/switch.cpp **** }
 174              		.loc 1 19 18 view .LVU44
 175 0028 1A46     		mov	r2, r3
ARM GAS  C:\Users\Oliver\AppData\Local\Temp\cclovR9T.s 			page 5


 176 002a 0599     		ldr	r1, [sp, #20]
  13:ui/switch.cpp ****     state_        = 0x00;
 177              		.loc 1 13 19 view .LVU45
 178 002c 84ED018A 		vstr.32	s16, [r4, #4]
  14:ui/switch.cpp ****     t_            = t;
 179              		.loc 1 14 5 is_stmt 1 view .LVU46
  15:ui/switch.cpp ****     // Flip may seem opposite to logical direction,
 180              		.loc 1 15 5 view .LVU47
  18:ui/switch.cpp ****     hw_gpio_.Init(pin, GPIO::Mode::INPUT, pu);
 181              		.loc 1 18 5 view .LVU48
  19:ui/switch.cpp **** }
 182              		.loc 1 19 5 view .LVU49
  19:ui/switch.cpp **** }
 183              		.loc 1 19 18 is_stmt 0 view .LVU50
 184 0030 0093     		str	r3, [sp]
 185 0032 FFF7FEFF 		bl	_ZN5daisy4GPIO4InitENS_3PinENS0_4ModeENS0_4PullENS0_5SpeedE
 186              	.LVL10:
  19:ui/switch.cpp **** }
 187              		.loc 1 19 18 view .LVU51
 188              	.LBE5:
 189              	.LBE4:
  25:ui/switch.cpp ****          update_rate,
  26:ui/switch.cpp ****          TYPE_MOMENTARY,
  27:ui/switch.cpp ****          POLARITY_INVERTED,
  28:ui/switch.cpp ****          GPIO::Pull::NOPULL);
  29:ui/switch.cpp **** }
 190              		.loc 1 29 1 view .LVU52
 191 0036 06B0     		add	sp, sp, #24
 192              		.cfi_def_cfa_offset 16
 193              		@ sp needed
 194 0038 BDEC028B 		vldm	sp!, {d8}
 195              		.cfi_restore 80
 196              		.cfi_restore 81
 197              		.cfi_def_cfa_offset 8
 198              	.LVL11:
 199              		.loc 1 29 1 view .LVU53
 200 003c 10BD     		pop	{r4, pc}
 201              		.loc 1 29 1 view .LVU54
 202              		.cfi_endproc
 203              	.LFE1573:
 205 003e 00BF     		.section	.text._ZN11perspective6Switch7ProcessEv,"ax",%progbits
 206              		.align	1
 207              		.p2align 2,,3
 208              		.global	_ZN11perspective6Switch7ProcessEv
 209              		.syntax unified
 210              		.thumb
 211              		.thumb_func
 213              	_ZN11perspective6Switch7ProcessEv:
 214              	.LVL12:
 215              	.LFB1574:
  30:ui/switch.cpp **** 
  31:ui/switch.cpp **** void Switch::Process()
  32:ui/switch.cpp **** {
 216              		.loc 1 32 1 is_stmt 1 view -0
 217              		.cfi_startproc
 218              		@ args = 0, pretend = 0, frame = 0
 219              		@ frame_needed = 0, uses_anonymous_args = 0
ARM GAS  C:\Users\Oliver\AppData\Local\Temp\cclovR9T.s 			page 6


  33:ui/switch.cpp ****     // Read the raw hardware state and shift into debounced state
  34:ui/switch.cpp ****     const bool new_val = hw_gpio_.Read();
 220              		.loc 1 34 5 view .LVU56
  32:ui/switch.cpp ****     // Read the raw hardware state and shift into debounced state
 221              		.loc 1 32 1 is_stmt 0 view .LVU57
 222 0000 10B5     		push	{r4, lr}
 223              		.cfi_def_cfa_offset 8
 224              		.cfi_offset 4, -8
 225              		.cfi_offset 14, -4
  32:ui/switch.cpp ****     // Read the raw hardware state and shift into debounced state
 226              		.loc 1 32 1 view .LVU58
 227 0002 0446     		mov	r4, r0
 228              		.loc 1 34 39 view .LVU59
 229 0004 0C30     		adds	r0, r0, #12
 230              	.LVL13:
 231              		.loc 1 34 39 view .LVU60
 232 0006 FFF7FEFF 		bl	_ZN5daisy4GPIO4ReadEv
 233              	.LVL14:
  35:ui/switch.cpp ****     state_ = (state_ << 1) | (flip_ ? !new_val : new_val);
 234              		.loc 1 35 5 is_stmt 1 view .LVU61
 235              		.loc 1 35 28 is_stmt 0 view .LVU62
 236 000a 94F82130 		ldrb	r3, [r4, #33]	@ zero_extendqisi2
 237 000e 94F82020 		ldrb	r2, [r4, #32]	@ zero_extendqisi2
 238 0012 4340     		eors	r3, r3, r0
 239              		.loc 1 35 28 discriminator 4 view .LVU63
 240 0014 43EA4203 		orr	r3, r3, r2, lsl #1
 241 0018 DBB2     		uxtb	r3, r3
  36:ui/switch.cpp ****     
  37:ui/switch.cpp ****     // Set time at which button was pressed
  38:ui/switch.cpp ****     if(state_ == 0x7f)
 242              		.loc 1 38 5 view .LVU64
 243 001a 7F2B     		cmp	r3, #127
  35:ui/switch.cpp ****     state_ = (state_ << 1) | (flip_ ? !new_val : new_val);
 244              		.loc 1 35 12 discriminator 4 view .LVU65
 245 001c 84F82030 		strb	r3, [r4, #32]
 246              		.loc 1 38 5 is_stmt 1 view .LVU66
 247 0020 00D0     		beq	.L9
  39:ui/switch.cpp ****         rising_edge_time_ = System::GetNow();
  40:ui/switch.cpp **** }
 248              		.loc 1 40 1 is_stmt 0 view .LVU67
 249 0022 10BD     		pop	{r4, pc}
 250              	.LVL15:
 251              	.L9:
  39:ui/switch.cpp ****         rising_edge_time_ = System::GetNow();
 252              		.loc 1 39 9 is_stmt 1 view .LVU68
  39:ui/switch.cpp ****         rising_edge_time_ = System::GetNow();
 253              		.loc 1 39 43 is_stmt 0 view .LVU69
 254 0024 FFF7FEFF 		bl	_ZN5daisy6System6GetNowEv
 255              	.LVL16:
  39:ui/switch.cpp ****         rising_edge_time_ = System::GetNow();
 256              		.loc 1 39 27 discriminator 1 view .LVU70
 257 0028 6062     		str	r0, [r4, #36]
 258              		.loc 1 40 1 view .LVU71
 259 002a 10BD     		pop	{r4, pc}
 260              		.loc 1 40 1 view .LVU72
 261              		.cfi_endproc
 262              	.LFE1574:
ARM GAS  C:\Users\Oliver\AppData\Local\Temp\cclovR9T.s 			page 7


 264              		.text
 265              	.Letext0:
 266              		.file 2 "C:/Program Files (x86)/Arm GNU Toolchain arm-none-eabi/14.3 rel1/arm-none-eabi/include/ma
 267              		.file 3 "C:/Program Files (x86)/Arm GNU Toolchain arm-none-eabi/14.3 rel1/arm-none-eabi/include/sy
 268              		.file 4 "C:/Program Files (x86)/Arm GNU Toolchain arm-none-eabi/14.3 rel1/arm-none-eabi/include/st
 269              		.file 5 "C:/Program Files (x86)/Arm GNU Toolchain arm-none-eabi/14.3 rel1/lib/gcc/arm-none-eabi/14
 270              		.file 6 "C:/Program Files (x86)/Arm GNU Toolchain arm-none-eabi/14.3 rel1/arm-none-eabi/include/c+
 271              		.file 7 "C:/Program Files (x86)/Arm GNU Toolchain arm-none-eabi/14.3 rel1/arm-none-eabi/include/c+
 272              		.file 8 "C:/Program Files (x86)/Arm GNU Toolchain arm-none-eabi/14.3 rel1/arm-none-eabi/include/c+
 273              		.file 9 "C:/Program Files (x86)/Arm GNU Toolchain arm-none-eabi/14.3 rel1/arm-none-eabi/include/c+
 274              		.file 10 "C:/Program Files (x86)/Arm GNU Toolchain arm-none-eabi/14.3 rel1/arm-none-eabi/include/c
 275              		.file 11 "C:/Program Files (x86)/Arm GNU Toolchain arm-none-eabi/14.3 rel1/arm-none-eabi/include/c
 276              		.file 12 "C:/Program Files (x86)/Arm GNU Toolchain arm-none-eabi/14.3 rel1/arm-none-eabi/include/c
 277              		.file 13 "C:/Program Files (x86)/Arm GNU Toolchain arm-none-eabi/14.3 rel1/arm-none-eabi/include/c
 278              		.file 14 "C:/Program Files (x86)/Arm GNU Toolchain arm-none-eabi/14.3 rel1/arm-none-eabi/include/c
 279              		.file 15 "C:/Program Files (x86)/Arm GNU Toolchain arm-none-eabi/14.3 rel1/arm-none-eabi/include/c
 280              		.file 16 "C:/Program Files (x86)/Arm GNU Toolchain arm-none-eabi/14.3 rel1/arm-none-eabi/include/c
 281              		.file 17 "C:/Program Files (x86)/Arm GNU Toolchain arm-none-eabi/14.3 rel1/arm-none-eabi/include/c
 282              		.file 18 "C:/Program Files (x86)/Arm GNU Toolchain arm-none-eabi/14.3 rel1/arm-none-eabi/include/m
 283              		.file 19 "C:/Program Files (x86)/Arm GNU Toolchain arm-none-eabi/14.3 rel1/arm-none-eabi/include/s
 284              		.file 20 "C:/Program Files (x86)/Arm GNU Toolchain arm-none-eabi/14.3 rel1/arm-none-eabi/include/c
 285              		.file 21 "C:/Program Files (x86)/Arm GNU Toolchain arm-none-eabi/14.3 rel1/arm-none-eabi/include/c
 286              		.file 22 "C:/Program Files (x86)/Arm GNU Toolchain arm-none-eabi/14.3 rel1/arm-none-eabi/include/c
 287              		.file 23 "dependencies/libDaisy/src/daisy_core.h"
 288              		.file 24 "dependencies/libDaisy/src/per/gpio.h"
 289              		.file 25 "dependencies/libDaisy/src/sys/system.h"
 290              		.file 26 "ui/switch.h"
ARM GAS  C:\Users\Oliver\AppData\Local\Temp\cclovR9T.s 			page 8


DEFINED SYMBOLS
                            *ABS*:00000000 switch.cpp
C:\Users\Oliver\AppData\Local\Temp\cclovR9T.s:20     .text._ZN11perspective6Switch4InitEN5daisy3PinEfNS0_4TypeENS0_8PolarityENS1_4GPIO4PullE:00000000 $t
C:\Users\Oliver\AppData\Local\Temp\cclovR9T.s:27     .text._ZN11perspective6Switch4InitEN5daisy3PinEfNS0_4TypeENS0_8PolarityENS1_4GPIO4PullE:00000000 _ZN11perspective6Switch4InitEN5daisy3PinEfNS0_4TypeENS0_8PolarityENS1_4GPIO4PullE
C:\Users\Oliver\AppData\Local\Temp\cclovR9T.s:118    .text._ZN11perspective6Switch4InitEN5daisy3PinEf:00000000 $t
C:\Users\Oliver\AppData\Local\Temp\cclovR9T.s:125    .text._ZN11perspective6Switch4InitEN5daisy3PinEf:00000000 _ZN11perspective6Switch4InitEN5daisy3PinEf
C:\Users\Oliver\AppData\Local\Temp\cclovR9T.s:206    .text._ZN11perspective6Switch7ProcessEv:00000000 $t
C:\Users\Oliver\AppData\Local\Temp\cclovR9T.s:213    .text._ZN11perspective6Switch7ProcessEv:00000000 _ZN11perspective6Switch7ProcessEv

UNDEFINED SYMBOLS
_ZN5daisy6System5GetUsEv
_ZN5daisy4GPIO4InitENS_3PinENS0_4ModeENS0_4PullENS0_5SpeedE
_ZN5daisy4GPIO4ReadEv
_ZN5daisy6System6GetNowEv
