ARM GAS  C:\Users\Oliver\AppData\Local\Temp\ccEe6N9N.s 			page 1


   1              		.cpu cortex-m7
   2              		.arch armv7e-m
   3              		.fpu fpv5-d16
   4              		.eabi_attribute 28, 1
   5              		.eabi_attribute 20, 1
   6              		.eabi_attribute 21, 1
   7              		.eabi_attribute 23, 3
   8              		.eabi_attribute 24, 1
   9              		.eabi_attribute 25, 1
  10              		.eabi_attribute 26, 1
  11              		.eabi_attribute 30, 2
  12              		.eabi_attribute 34, 1
  13              		.eabi_attribute 18, 4
  14              		.file	"toggleparameter.cpp"
  15              		.text
  16              	.Ltext0:
  17              		.cfi_sections	.debug_frame
  18              		.file 1 "parameters/toggleparameter.cpp"
  19              		.section	.text._ZN11perspective15ToggleParameter8SetValueEf,"ax",%progbits
  20              		.align	1
  21              		.p2align 2,,3
  22              		.global	_ZN11perspective15ToggleParameter8SetValueEf
  23              		.syntax unified
  24              		.thumb
  25              		.thumb_func
  27              	_ZN11perspective15ToggleParameter8SetValueEf:
  28              	.LVL0:
  29              	.LFB4485:
   1:parameters/toggleparameter.cpp **** #include "toggleparameter.h"
   2:parameters/toggleparameter.cpp **** #include <cstdio>
   3:parameters/toggleparameter.cpp **** #include <cstring>
   4:parameters/toggleparameter.cpp **** 
   5:parameters/toggleparameter.cpp **** using namespace perspective;
   6:parameters/toggleparameter.cpp **** 
   7:parameters/toggleparameter.cpp **** ToggleParameter::ToggleParameter(const char* name, bool defaultValue, int index, const char* trueSt
   8:parameters/toggleparameter.cpp ****     : EffectParameter(name, 0.0f, 1.0f, defaultValue ? 1.0f : 0.0f, index, displayIndex)
   9:parameters/toggleparameter.cpp ****     , state_(defaultValue)
  10:parameters/toggleparameter.cpp **** {
  11:parameters/toggleparameter.cpp ****     strncpy(trueStr_, trueStr, sizeof(trueStr_) - 1);
  12:parameters/toggleparameter.cpp ****     trueStr_[sizeof(trueStr_) - 1] = '\0';
  13:parameters/toggleparameter.cpp ****     strncpy(falseStr_, falseStr, sizeof(falseStr_) - 1);
  14:parameters/toggleparameter.cpp ****     falseStr_[sizeof(falseStr_) - 1] = '\0';
  15:parameters/toggleparameter.cpp **** }
  16:parameters/toggleparameter.cpp **** 
  17:parameters/toggleparameter.cpp **** ToggleParameter::~ToggleParameter() {}
  18:parameters/toggleparameter.cpp **** 
  19:parameters/toggleparameter.cpp **** void ToggleParameter::Toggle() {
  20:parameters/toggleparameter.cpp ****     state_ = !state_;
  21:parameters/toggleparameter.cpp ****     currentValue_ = state_ ? 1.0f : 0.0f;
  22:parameters/toggleparameter.cpp **** }
  23:parameters/toggleparameter.cpp **** 
  24:parameters/toggleparameter.cpp **** bool ToggleParameter::GetState() const {
  25:parameters/toggleparameter.cpp ****     return state_;
  26:parameters/toggleparameter.cpp **** }
  27:parameters/toggleparameter.cpp **** 
  28:parameters/toggleparameter.cpp **** void ToggleParameter::SetState(bool state) {
  29:parameters/toggleparameter.cpp ****     state_ = state;
ARM GAS  C:\Users\Oliver\AppData\Local\Temp\ccEe6N9N.s 			page 2


  30:parameters/toggleparameter.cpp ****     currentValue_ = state_ ? 1.0f : 0.0f;
  31:parameters/toggleparameter.cpp **** }
  32:parameters/toggleparameter.cpp **** 
  33:parameters/toggleparameter.cpp **** void ToggleParameter::SetValue(float value) {
  30              		.loc 1 33 45 view -0
  31              		.cfi_startproc
  32              		@ args = 0, pretend = 0, frame = 0
  33              		@ frame_needed = 0, uses_anonymous_args = 0
  34              		@ link register save eliminated.
  34:parameters/toggleparameter.cpp ****     // Any value >= 0.5 is considered ON, otherwise OFF.
  35:parameters/toggleparameter.cpp ****     SetState(value >= 0.5f);
  35              		.loc 1 35 5 view .LVU1
  36              		.loc 1 35 13 is_stmt 0 view .LVU2
  37 0000 F6EE007A 		vmov.f32	s15, #5.0e-1
  38 0004 B4EEE70A 		vcmpe.f32	s0, s15
  39              	.LVL1:
  40              	.LBB7:
  41              	.LBI7:
  28:parameters/toggleparameter.cpp ****     state_ = state;
  42              		.loc 1 28 6 is_stmt 1 view .LVU3
  43              	.LBB8:
  29:parameters/toggleparameter.cpp ****     currentValue_ = state_ ? 1.0f : 0.0f;
  44              		.loc 1 29 5 view .LVU4
  45              	.LBE8:
  46              	.LBE7:
  47              		.loc 1 35 13 is_stmt 0 view .LVU5
  48 0008 F1EE10FA 		vmrs	APSR_nzcv, FPSCR
  49 000c ACBF     		ite	ge
  50 000e 0123     		movge	r3, #1
  51 0010 0023     		movlt	r3, #0
  52 0012 80F82C30 		strb	r3, [r0, #44]
  53              	.LBB10:
  54              	.LBB9:
  30:parameters/toggleparameter.cpp **** }
  55              		.loc 1 30 5 is_stmt 1 view .LVU6
  30:parameters/toggleparameter.cpp **** }
  56              		.loc 1 30 28 is_stmt 0 discriminator 1 view .LVU7
  57 0016 ACBF     		ite	ge
  58 0018 4FF07E53 		movge	r3, #1065353216
  30:parameters/toggleparameter.cpp **** }
  59              		.loc 1 30 28 discriminator 2 view .LVU8
  60 001c 0023     		movlt	r3, #0
  30:parameters/toggleparameter.cpp **** }
  61              		.loc 1 30 19 discriminator 4 view .LVU9
  62 001e 0361     		str	r3, [r0, #16]	@ float
  63              	.LVL2:
  30:parameters/toggleparameter.cpp **** }
  64              		.loc 1 30 19 discriminator 4 view .LVU10
  65              	.LBE9:
  66              	.LBE10:
  36:parameters/toggleparameter.cpp **** }
  67              		.loc 1 36 1 view .LVU11
  68 0020 7047     		bx	lr
  69              		.cfi_endproc
  70              	.LFE4485:
  72 0022 00BF     		.section	.text._ZNK11perspective15ToggleParameter7GetTypeEv,"ax",%progbits
  73              		.align	1
ARM GAS  C:\Users\Oliver\AppData\Local\Temp\ccEe6N9N.s 			page 3


  74              		.p2align 2,,3
  75              		.global	_ZNK11perspective15ToggleParameter7GetTypeEv
  76              		.syntax unified
  77              		.thumb
  78              		.thumb_func
  80              	_ZNK11perspective15ToggleParameter7GetTypeEv:
  81              	.LVL3:
  82              	.LFB4486:
  37:parameters/toggleparameter.cpp **** 
  38:parameters/toggleparameter.cpp **** ParameterType ToggleParameter::GetType() const {
  83              		.loc 1 38 48 is_stmt 1 view -0
  84              		.cfi_startproc
  85              		@ args = 0, pretend = 0, frame = 0
  86              		@ frame_needed = 0, uses_anonymous_args = 0
  87              		@ link register save eliminated.
  39:parameters/toggleparameter.cpp ****     return ParameterType::TOGGLE;
  88              		.loc 1 39 5 view .LVU13
  40:parameters/toggleparameter.cpp **** }
  89              		.loc 1 40 1 is_stmt 0 view .LVU14
  90 0000 0220     		movs	r0, #2
  91              	.LVL4:
  92              		.loc 1 40 1 view .LVU15
  93 0002 7047     		bx	lr
  94              		.cfi_endproc
  95              	.LFE4486:
  97              		.section	.text._ZN11perspective15ToggleParameterD2Ev,"ax",%progbits
  98              		.align	1
  99              		.p2align 2,,3
 100              		.global	_ZN11perspective15ToggleParameterD2Ev
 101              		.syntax unified
 102              		.thumb
 103              		.thumb_func
 105              	_ZN11perspective15ToggleParameterD2Ev:
 106              	.LVL5:
 107              	.LFB4479:
  17:parameters/toggleparameter.cpp **** 
 108              		.loc 1 17 1 is_stmt 1 view -0
 109              		.cfi_startproc
 110              		@ args = 0, pretend = 0, frame = 0
 111              		@ frame_needed = 0, uses_anonymous_args = 0
 112              	.LBB11:
  17:parameters/toggleparameter.cpp **** 
 113              		.loc 1 17 35 is_stmt 0 view .LVU17
 114 0000 034B     		ldr	r3, .L11
 115              	.LBE11:
  17:parameters/toggleparameter.cpp **** 
 116              		.loc 1 17 1 view .LVU18
 117 0002 10B5     		push	{r4, lr}
 118              		.cfi_def_cfa_offset 8
 119              		.cfi_offset 4, -8
 120              		.cfi_offset 14, -4
  17:parameters/toggleparameter.cpp **** 
 121              		.loc 1 17 1 view .LVU19
 122 0004 0446     		mov	r4, r0
 123              	.LBB12:
  17:parameters/toggleparameter.cpp **** 
 124              		.loc 1 17 35 view .LVU20
ARM GAS  C:\Users\Oliver\AppData\Local\Temp\ccEe6N9N.s 			page 4


 125 0006 0360     		str	r3, [r0]
  17:parameters/toggleparameter.cpp **** 
 126              		.loc 1 17 38 view .LVU21
 127 0008 FFF7FEFF 		bl	_ZN11perspective15EffectParameterD2Ev
 128              	.LVL6:
  17:parameters/toggleparameter.cpp **** 
 129              		.loc 1 17 38 view .LVU22
 130              	.LBE12:
 131 000c 2046     		mov	r0, r4
 132 000e 10BD     		pop	{r4, pc}
 133              	.LVL7:
 134              	.L12:
  17:parameters/toggleparameter.cpp **** 
 135              		.loc 1 17 38 view .LVU23
 136              		.align	2
 137              	.L11:
 138 0010 08000000 		.word	_ZTVN11perspective15ToggleParameterE+8
 139              		.cfi_endproc
 140              	.LFE4479:
 142              		.global	_ZN11perspective15ToggleParameterD1Ev
 143              		.thumb_set _ZN11perspective15ToggleParameterD1Ev,_ZN11perspective15ToggleParameterD2Ev
 144              		.section	.text._ZN11perspective15ToggleParameterD0Ev,"ax",%progbits
 145              		.align	1
 146              		.p2align 2,,3
 147              		.global	_ZN11perspective15ToggleParameterD0Ev
 148              		.syntax unified
 149              		.thumb
 150              		.thumb_func
 152              	_ZN11perspective15ToggleParameterD0Ev:
 153              	.LVL8:
 154              	.LFB4481:
  17:parameters/toggleparameter.cpp **** 
 155              		.loc 1 17 1 is_stmt 1 view -0
 156              		.cfi_startproc
 157              		@ args = 0, pretend = 0, frame = 0
 158              		@ frame_needed = 0, uses_anonymous_args = 0
 159              	.LBB13:
 160              	.LBB14:
  17:parameters/toggleparameter.cpp **** 
 161              		.loc 1 17 35 is_stmt 0 view .LVU25
 162 0000 054B     		ldr	r3, .L15
 163              	.LBE14:
 164              	.LBE13:
  17:parameters/toggleparameter.cpp **** 
 165              		.loc 1 17 1 view .LVU26
 166 0002 10B5     		push	{r4, lr}
 167              		.cfi_def_cfa_offset 8
 168              		.cfi_offset 4, -8
 169              		.cfi_offset 14, -4
  17:parameters/toggleparameter.cpp **** 
 170              		.loc 1 17 1 view .LVU27
 171 0004 0446     		mov	r4, r0
 172              	.LVL9:
 173              	.LBB16:
 174              	.LBI13:
  17:parameters/toggleparameter.cpp **** 
 175              		.loc 1 17 1 is_stmt 1 view .LVU28
ARM GAS  C:\Users\Oliver\AppData\Local\Temp\ccEe6N9N.s 			page 5


 176              	.LBB15:
  17:parameters/toggleparameter.cpp **** 
 177              		.loc 1 17 35 is_stmt 0 view .LVU29
 178 0006 0360     		str	r3, [r0]
  17:parameters/toggleparameter.cpp **** 
 179              		.loc 1 17 38 view .LVU30
 180 0008 FFF7FEFF 		bl	_ZN11perspective15EffectParameterD2Ev
 181              	.LVL10:
  17:parameters/toggleparameter.cpp **** 
 182              		.loc 1 17 38 view .LVU31
 183              	.LBE15:
 184              	.LBE16:
  17:parameters/toggleparameter.cpp **** 
 185              		.loc 1 17 38 discriminator 1 view .LVU32
 186 000c 4021     		movs	r1, #64
 187 000e 2046     		mov	r0, r4
 188 0010 FFF7FEFF 		bl	_ZdlPvj
 189              	.LVL11:
  17:parameters/toggleparameter.cpp **** 
 190              		.loc 1 17 38 view .LVU33
 191 0014 2046     		mov	r0, r4
 192 0016 10BD     		pop	{r4, pc}
 193              	.LVL12:
 194              	.L16:
  17:parameters/toggleparameter.cpp **** 
 195              		.loc 1 17 38 view .LVU34
 196              		.align	2
 197              	.L15:
 198 0018 08000000 		.word	_ZTVN11perspective15ToggleParameterE+8
 199              		.cfi_endproc
 200              	.LFE4481:
 202              		.section	.rodata._ZNK11perspective15ToggleParameter16GetValueAsStringEPcj.str1.4,"aMS",%progbits,1
 203              		.align	2
 204              	.LC0:
 205 0000 257300   		.ascii	"%s\000"
 206              		.section	.text._ZNK11perspective15ToggleParameter16GetValueAsStringEPcj,"ax",%progbits
 207              		.align	1
 208              		.p2align 2,,3
 209              		.global	_ZNK11perspective15ToggleParameter16GetValueAsStringEPcj
 210              		.syntax unified
 211              		.thumb
 212              		.thumb_func
 214              	_ZNK11perspective15ToggleParameter16GetValueAsStringEPcj:
 215              	.LVL13:
 216              	.LFB4487:
  41:parameters/toggleparameter.cpp **** 
  42:parameters/toggleparameter.cpp **** void ToggleParameter::GetValueAsString(char* buffer, size_t bufferSize) const {
 217              		.loc 1 42 79 is_stmt 1 view -0
 218              		.cfi_startproc
 219              		@ args = 0, pretend = 0, frame = 0
 220              		@ frame_needed = 0, uses_anonymous_args = 0
 221              		@ link register save eliminated.
  43:parameters/toggleparameter.cpp ****     if (buffer && bufferSize > 0) {
 222              		.loc 1 43 5 view .LVU36
  42:parameters/toggleparameter.cpp ****     if (buffer && bufferSize > 0) {
 223              		.loc 1 42 79 is_stmt 0 view .LVU37
 224 0000 0346     		mov	r3, r0
ARM GAS  C:\Users\Oliver\AppData\Local\Temp\ccEe6N9N.s 			page 6


 225              		.loc 1 43 5 view .LVU38
 226 0002 0846     		mov	r0, r1
 227              	.LVL14:
  42:parameters/toggleparameter.cpp ****     if (buffer && bufferSize > 0) {
 228              		.loc 1 42 79 view .LVU39
 229 0004 1146     		mov	r1, r2
 230              	.LVL15:
 231              		.loc 1 43 5 view .LVU40
 232 0006 38B1     		cbz	r0, .L17
 233 0008 32B1     		cbz	r2, .L17
 234              	.LVL16:
 235              	.LBB19:
 236              	.LBI19:
  42:parameters/toggleparameter.cpp ****     if (buffer && bufferSize > 0) {
 237              		.loc 1 42 6 is_stmt 1 view .LVU41
 238              	.LBB20:
  44:parameters/toggleparameter.cpp ****         snprintf(buffer, bufferSize, "%s", state_ ? trueStr_ : falseStr_);
 239              		.loc 1 44 9 view .LVU42
 240              		.loc 1 44 17 is_stmt 0 view .LVU43
 241 000a 93F82C20 		ldrb	r2, [r3, #44]	@ zero_extendqisi2
 242              	.LVL17:
 243              		.loc 1 44 17 view .LVU44
 244 000e 22B9     		cbnz	r2, .L27
 245              		.loc 1 44 17 discriminator 2 view .LVU45
 246 0010 3533     		adds	r3, r3, #53
 247              	.LVL18:
 248              		.loc 1 44 17 discriminator 4 view .LVU46
 249 0012 044A     		ldr	r2, .L28
 250 0014 FFF7FEBF 		b	snprintf
 251              	.LVL19:
 252              	.L17:
 253              		.loc 1 44 17 discriminator 4 view .LVU47
 254              	.LBE20:
 255              	.LBE19:
  45:parameters/toggleparameter.cpp ****     }
  46:parameters/toggleparameter.cpp **** }
 256              		.loc 1 46 1 view .LVU48
 257 0018 7047     		bx	lr
 258              	.LVL20:
 259              	.L27:
 260              	.LBB22:
 261              	.LBB21:
  44:parameters/toggleparameter.cpp ****         snprintf(buffer, bufferSize, "%s", state_ ? trueStr_ : falseStr_);
 262              		.loc 1 44 17 discriminator 1 view .LVU49
 263 001a 2D33     		adds	r3, r3, #45
 264              	.LVL21:
  44:parameters/toggleparameter.cpp ****         snprintf(buffer, bufferSize, "%s", state_ ? trueStr_ : falseStr_);
 265              		.loc 1 44 17 discriminator 4 view .LVU50
 266 001c 014A     		ldr	r2, .L28
 267 001e FFF7FEBF 		b	snprintf
 268              	.LVL22:
 269              	.L29:
  44:parameters/toggleparameter.cpp ****         snprintf(buffer, bufferSize, "%s", state_ ? trueStr_ : falseStr_);
 270              		.loc 1 44 17 discriminator 4 view .LVU51
 271 0022 00BF     		.align	2
 272              	.L28:
 273 0024 00000000 		.word	.LC0
ARM GAS  C:\Users\Oliver\AppData\Local\Temp\ccEe6N9N.s 			page 7


 274              	.LBE21:
 275              	.LBE22:
 276              		.cfi_endproc
 277              	.LFE4487:
 279              		.section	.text._ZN11perspective15ToggleParameterC2EPKcbiS2_S2_i,"ax",%progbits
 280              		.align	1
 281              		.p2align 2,,3
 282              		.global	_ZN11perspective15ToggleParameterC2EPKcbiS2_S2_i
 283              		.syntax unified
 284              		.thumb
 285              		.thumb_func
 287              	_ZN11perspective15ToggleParameterC2EPKcbiS2_S2_i:
 288              	.LVL23:
 289              	.LFB4476:
   7:parameters/toggleparameter.cpp ****     : EffectParameter(name, 0.0f, 1.0f, defaultValue ? 1.0f : 0.0f, index, displayIndex)
 290              		.loc 1 7 1 is_stmt 1 view -0
 291              		.cfi_startproc
 292              		@ args = 12, pretend = 0, frame = 0
 293              		@ frame_needed = 0, uses_anonymous_args = 0
   7:parameters/toggleparameter.cpp ****     : EffectParameter(name, 0.0f, 1.0f, defaultValue ? 1.0f : 0.0f, index, displayIndex)
 294              		.loc 1 7 1 is_stmt 0 view .LVU53
 295 0000 38B5     		push	{r3, r4, r5, lr}
 296              		.cfi_def_cfa_offset 16
 297              		.cfi_offset 3, -16
 298              		.cfi_offset 4, -12
 299              		.cfi_offset 5, -8
 300              		.cfi_offset 14, -4
   7:parameters/toggleparameter.cpp ****     : EffectParameter(name, 0.0f, 1.0f, defaultValue ? 1.0f : 0.0f, index, displayIndex)
 301              		.loc 1 7 1 view .LVU54
 302 0002 1546     		mov	r5, r2
 303 0004 0446     		mov	r4, r0
 304 0006 1A46     		mov	r2, r3
 305              	.LVL24:
 306              	.LBB23:
   9:parameters/toggleparameter.cpp **** {
 307              		.loc 1 9 26 view .LVU55
 308 0008 05B3     		cbz	r5, .L32
   9:parameters/toggleparameter.cpp **** {
 309              		.loc 1 9 26 discriminator 1 view .LVU56
 310 000a B7EE001A 		vmov.f32	s2, #1.0e+0
 311              	.L31:
   9:parameters/toggleparameter.cpp **** {
 312              		.loc 1 9 26 discriminator 4 view .LVU57
 313 000e F7EE000A 		vmov.f32	s1, #1.0e+0
 314 0012 9FED100A 		vldr.32	s0, .L34
 315 0016 069B     		ldr	r3, [sp, #24]
 316              	.LVL25:
   9:parameters/toggleparameter.cpp **** {
 317              		.loc 1 9 26 discriminator 4 view .LVU58
 318 0018 2046     		mov	r0, r4
 319              	.LVL26:
   9:parameters/toggleparameter.cpp **** {
 320              		.loc 1 9 26 discriminator 4 view .LVU59
 321 001a FFF7FEFF 		bl	_ZN11perspective15EffectParameterC2EPKcfffii
 322              	.LVL27:
   9:parameters/toggleparameter.cpp **** {
 323              		.loc 1 9 26 discriminator 1 view .LVU60
ARM GAS  C:\Users\Oliver\AppData\Local\Temp\ccEe6N9N.s 			page 8


 324 001e 0E4B     		ldr	r3, .L34+4
   9:parameters/toggleparameter.cpp **** {
 325              		.loc 1 9 7 discriminator 1 view .LVU61
 326 0020 84F82C50 		strb	r5, [r4, #44]
  11:parameters/toggleparameter.cpp ****     trueStr_[sizeof(trueStr_) - 1] = '\0';
 327              		.loc 1 11 5 is_stmt 1 view .LVU62
  12:parameters/toggleparameter.cpp ****     strncpy(falseStr_, falseStr, sizeof(falseStr_) - 1);
 328              		.loc 1 12 36 is_stmt 0 view .LVU63
 329 0024 0025     		movs	r5, #0
 330              	.LVL28:
  11:parameters/toggleparameter.cpp ****     trueStr_[sizeof(trueStr_) - 1] = '\0';
 331              		.loc 1 11 12 view .LVU64
 332 0026 0499     		ldr	r1, [sp, #16]
 333 0028 0722     		movs	r2, #7
   9:parameters/toggleparameter.cpp **** {
 334              		.loc 1 9 26 discriminator 1 view .LVU65
 335 002a 2360     		str	r3, [r4]
  11:parameters/toggleparameter.cpp ****     trueStr_[sizeof(trueStr_) - 1] = '\0';
 336              		.loc 1 11 12 view .LVU66
 337 002c 04F12D00 		add	r0, r4, #45
 338 0030 FFF7FEFF 		bl	strncpy
 339              	.LVL29:
  12:parameters/toggleparameter.cpp ****     strncpy(falseStr_, falseStr, sizeof(falseStr_) - 1);
 340              		.loc 1 12 5 is_stmt 1 view .LVU67
  13:parameters/toggleparameter.cpp ****     falseStr_[sizeof(falseStr_) - 1] = '\0';
 341              		.loc 1 13 12 is_stmt 0 view .LVU68
 342 0034 0722     		movs	r2, #7
 343 0036 0599     		ldr	r1, [sp, #20]
 344 0038 04F13500 		add	r0, r4, #53
  12:parameters/toggleparameter.cpp ****     strncpy(falseStr_, falseStr, sizeof(falseStr_) - 1);
 345              		.loc 1 12 36 view .LVU69
 346 003c 84F83450 		strb	r5, [r4, #52]
  13:parameters/toggleparameter.cpp ****     falseStr_[sizeof(falseStr_) - 1] = '\0';
 347              		.loc 1 13 5 is_stmt 1 view .LVU70
  13:parameters/toggleparameter.cpp ****     falseStr_[sizeof(falseStr_) - 1] = '\0';
 348              		.loc 1 13 12 is_stmt 0 view .LVU71
 349 0040 FFF7FEFF 		bl	strncpy
 350              	.LVL30:
  14:parameters/toggleparameter.cpp **** }
 351              		.loc 1 14 5 is_stmt 1 view .LVU72
 352              	.LBE23:
  15:parameters/toggleparameter.cpp **** 
 353              		.loc 1 15 1 is_stmt 0 view .LVU73
 354 0044 2046     		mov	r0, r4
 355              	.LBB24:
  14:parameters/toggleparameter.cpp **** }
 356              		.loc 1 14 38 view .LVU74
 357 0046 84F83C50 		strb	r5, [r4, #60]
 358              	.LBE24:
  15:parameters/toggleparameter.cpp **** 
 359              		.loc 1 15 1 view .LVU75
 360 004a 38BD     		pop	{r3, r4, r5, pc}
 361              	.LVL31:
 362              	.L32:
 363              	.LBB25:
   9:parameters/toggleparameter.cpp **** {
 364              		.loc 1 9 26 discriminator 2 view .LVU76
ARM GAS  C:\Users\Oliver\AppData\Local\Temp\ccEe6N9N.s 			page 9


 365 004c 9FED011A 		vldr.32	s2, .L34
 366 0050 DDE7     		b	.L31
 367              	.L35:
 368 0052 00BF     		.align	2
 369              	.L34:
 370 0054 00000000 		.word	0
 371 0058 08000000 		.word	_ZTVN11perspective15ToggleParameterE+8
 372              	.LBE25:
 373              		.cfi_endproc
 374              	.LFE4476:
 376              		.global	_ZN11perspective15ToggleParameterC1EPKcbiS2_S2_i
 377              		.thumb_set _ZN11perspective15ToggleParameterC1EPKcbiS2_S2_i,_ZN11perspective15ToggleParameterC2EPK
 378              		.section	.text._ZN11perspective15ToggleParameter6ToggleEv,"ax",%progbits
 379              		.align	1
 380              		.p2align 2,,3
 381              		.global	_ZN11perspective15ToggleParameter6ToggleEv
 382              		.syntax unified
 383              		.thumb
 384              		.thumb_func
 386              	_ZN11perspective15ToggleParameter6ToggleEv:
 387              	.LVL32:
 388              	.LFB4482:
  19:parameters/toggleparameter.cpp ****     state_ = !state_;
 389              		.loc 1 19 32 is_stmt 1 view -0
 390              		.cfi_startproc
 391              		@ args = 0, pretend = 0, frame = 0
 392              		@ frame_needed = 0, uses_anonymous_args = 0
 393              		@ link register save eliminated.
  20:parameters/toggleparameter.cpp ****     currentValue_ = state_ ? 1.0f : 0.0f;
 394              		.loc 1 20 5 view .LVU78
  20:parameters/toggleparameter.cpp ****     currentValue_ = state_ ? 1.0f : 0.0f;
 395              		.loc 1 20 14 is_stmt 0 view .LVU79
 396 0000 90F82C30 		ldrb	r3, [r0, #44]	@ zero_extendqisi2
 397 0004 83F00103 		eor	r3, r3, #1
  20:parameters/toggleparameter.cpp ****     currentValue_ = state_ ? 1.0f : 0.0f;
 398              		.loc 1 20 12 view .LVU80
 399 0008 80F82C30 		strb	r3, [r0, #44]
  21:parameters/toggleparameter.cpp **** }
 400              		.loc 1 21 5 is_stmt 1 view .LVU81
  21:parameters/toggleparameter.cpp **** }
 401              		.loc 1 21 28 is_stmt 0 view .LVU82
 402 000c 1BB1     		cbz	r3, .L38
  21:parameters/toggleparameter.cpp **** }
 403              		.loc 1 21 28 discriminator 1 view .LVU83
 404 000e 4FF07E53 		mov	r3, #1065353216
  21:parameters/toggleparameter.cpp **** }
 405              		.loc 1 21 19 discriminator 4 view .LVU84
 406 0012 0361     		str	r3, [r0, #16]	@ float
  22:parameters/toggleparameter.cpp **** 
 407              		.loc 1 22 1 view .LVU85
 408 0014 7047     		bx	lr
 409              	.L38:
  21:parameters/toggleparameter.cpp **** }
 410              		.loc 1 21 28 discriminator 2 view .LVU86
 411 0016 0023     		movs	r3, #0
  21:parameters/toggleparameter.cpp **** }
 412              		.loc 1 21 19 discriminator 4 view .LVU87
ARM GAS  C:\Users\Oliver\AppData\Local\Temp\ccEe6N9N.s 			page 10


 413 0018 0361     		str	r3, [r0, #16]	@ float
  22:parameters/toggleparameter.cpp **** 
 414              		.loc 1 22 1 view .LVU88
 415 001a 7047     		bx	lr
 416              		.cfi_endproc
 417              	.LFE4482:
 419              		.section	.text._ZNK11perspective15ToggleParameter8GetStateEv,"ax",%progbits
 420              		.align	1
 421              		.p2align 2,,3
 422              		.global	_ZNK11perspective15ToggleParameter8GetStateEv
 423              		.syntax unified
 424              		.thumb
 425              		.thumb_func
 427              	_ZNK11perspective15ToggleParameter8GetStateEv:
 428              	.LVL33:
 429              	.LFB4483:
  24:parameters/toggleparameter.cpp ****     return state_;
 430              		.loc 1 24 40 is_stmt 1 view -0
 431              		.cfi_startproc
 432              		@ args = 0, pretend = 0, frame = 0
 433              		@ frame_needed = 0, uses_anonymous_args = 0
 434              		@ link register save eliminated.
  25:parameters/toggleparameter.cpp **** }
 435              		.loc 1 25 5 view .LVU90
  26:parameters/toggleparameter.cpp **** 
 436              		.loc 1 26 1 is_stmt 0 view .LVU91
 437 0000 90F82C00 		ldrb	r0, [r0, #44]	@ zero_extendqisi2
 438              	.LVL34:
  26:parameters/toggleparameter.cpp **** 
 439              		.loc 1 26 1 view .LVU92
 440 0004 7047     		bx	lr
 441              		.cfi_endproc
 442              	.LFE4483:
 444 0006 00BF     		.section	.text._ZN11perspective15ToggleParameter8SetStateEb,"ax",%progbits
 445              		.align	1
 446              		.p2align 2,,3
 447              		.global	_ZN11perspective15ToggleParameter8SetStateEb
 448              		.syntax unified
 449              		.thumb
 450              		.thumb_func
 452              	_ZN11perspective15ToggleParameter8SetStateEb:
 453              	.LVL35:
 454              	.LFB4484:
  28:parameters/toggleparameter.cpp ****     state_ = state;
 455              		.loc 1 28 44 is_stmt 1 view -0
 456              		.cfi_startproc
 457              		@ args = 0, pretend = 0, frame = 0
 458              		@ frame_needed = 0, uses_anonymous_args = 0
 459              		@ link register save eliminated.
  29:parameters/toggleparameter.cpp ****     currentValue_ = state_ ? 1.0f : 0.0f;
 460              		.loc 1 29 5 view .LVU94
  29:parameters/toggleparameter.cpp ****     currentValue_ = state_ ? 1.0f : 0.0f;
 461              		.loc 1 29 12 is_stmt 0 view .LVU95
 462 0000 80F82C10 		strb	r1, [r0, #44]
  30:parameters/toggleparameter.cpp **** }
 463              		.loc 1 30 5 is_stmt 1 view .LVU96
  30:parameters/toggleparameter.cpp **** }
ARM GAS  C:\Users\Oliver\AppData\Local\Temp\ccEe6N9N.s 			page 11


 464              		.loc 1 30 28 is_stmt 0 view .LVU97
 465 0004 19B1     		cbz	r1, .L42
  30:parameters/toggleparameter.cpp **** }
 466              		.loc 1 30 28 discriminator 1 view .LVU98
 467 0006 4FF07E53 		mov	r3, #1065353216
  30:parameters/toggleparameter.cpp **** }
 468              		.loc 1 30 19 discriminator 4 view .LVU99
 469 000a 0361     		str	r3, [r0, #16]	@ float
  31:parameters/toggleparameter.cpp **** 
 470              		.loc 1 31 1 view .LVU100
 471 000c 7047     		bx	lr
 472              	.L42:
  30:parameters/toggleparameter.cpp **** }
 473              		.loc 1 30 28 discriminator 2 view .LVU101
 474 000e 0023     		movs	r3, #0
  30:parameters/toggleparameter.cpp **** }
 475              		.loc 1 30 19 discriminator 4 view .LVU102
 476 0010 0361     		str	r3, [r0, #16]	@ float
  31:parameters/toggleparameter.cpp **** 
 477              		.loc 1 31 1 view .LVU103
 478 0012 7047     		bx	lr
 479              		.cfi_endproc
 480              	.LFE4484:
 482              		.global	_ZTVN11perspective15ToggleParameterE
 483              		.section	.rodata._ZTVN11perspective15ToggleParameterE,"a"
 484              		.align	2
 487              	_ZTVN11perspective15ToggleParameterE:
 488 0000 00000000 		.word	0
 489 0004 00000000 		.word	0
 490 0008 00000000 		.word	_ZN11perspective15ToggleParameterD1Ev
 491 000c 00000000 		.word	_ZN11perspective15ToggleParameterD0Ev
 492 0010 00000000 		.word	_ZNK11perspective15ToggleParameter7GetTypeEv
 493 0014 00000000 		.word	_ZNK11perspective15ToggleParameter16GetValueAsStringEPcj
 494 0018 00000000 		.word	_ZN11perspective15ToggleParameter8SetValueEf
 495              		.text
 496              	.Letext0:
 497              		.file 2 "C:/Program Files (x86)/Arm GNU Toolchain arm-none-eabi/14.3 rel1/arm-none-eabi/include/ma
 498              		.file 3 "C:/Program Files (x86)/Arm GNU Toolchain arm-none-eabi/14.3 rel1/arm-none-eabi/include/sy
 499              		.file 4 "C:/Program Files (x86)/Arm GNU Toolchain arm-none-eabi/14.3 rel1/arm-none-eabi/include/st
 500              		.file 5 "C:/Program Files (x86)/Arm GNU Toolchain arm-none-eabi/14.3 rel1/lib/gcc/arm-none-eabi/14
 501              		.file 6 "C:/Program Files (x86)/Arm GNU Toolchain arm-none-eabi/14.3 rel1/arm-none-eabi/include/c+
 502              		.file 7 "C:/Program Files (x86)/Arm GNU Toolchain arm-none-eabi/14.3 rel1/arm-none-eabi/include/c+
 503              		.file 8 "C:/Program Files (x86)/Arm GNU Toolchain arm-none-eabi/14.3 rel1/arm-none-eabi/include/c+
 504              		.file 9 "C:/Program Files (x86)/Arm GNU Toolchain arm-none-eabi/14.3 rel1/arm-none-eabi/include/c+
 505              		.file 10 "C:/Program Files (x86)/Arm GNU Toolchain arm-none-eabi/14.3 rel1/arm-none-eabi/include/c
 506              		.file 11 "C:/Program Files (x86)/Arm GNU Toolchain arm-none-eabi/14.3 rel1/arm-none-eabi/include/c
 507              		.file 12 "C:/Program Files (x86)/Arm GNU Toolchain arm-none-eabi/14.3 rel1/arm-none-eabi/include/c
 508              		.file 13 "C:/Program Files (x86)/Arm GNU Toolchain arm-none-eabi/14.3 rel1/arm-none-eabi/include/c
 509              		.file 14 "C:/Program Files (x86)/Arm GNU Toolchain arm-none-eabi/14.3 rel1/arm-none-eabi/include/c
 510              		.file 15 "C:/Program Files (x86)/Arm GNU Toolchain arm-none-eabi/14.3 rel1/arm-none-eabi/include/c
 511              		.file 16 "C:/Program Files (x86)/Arm GNU Toolchain arm-none-eabi/14.3 rel1/arm-none-eabi/include/c
 512              		.file 17 "C:/Program Files (x86)/Arm GNU Toolchain arm-none-eabi/14.3 rel1/arm-none-eabi/include/c
 513              		.file 18 "C:/Program Files (x86)/Arm GNU Toolchain arm-none-eabi/14.3 rel1/arm-none-eabi/include/c
 514              		.file 19 "C:/Program Files (x86)/Arm GNU Toolchain arm-none-eabi/14.3 rel1/arm-none-eabi/include/c
 515              		.file 20 "C:/Program Files (x86)/Arm GNU Toolchain arm-none-eabi/14.3 rel1/arm-none-eabi/include/c
 516              		.file 21 "C:/Program Files (x86)/Arm GNU Toolchain arm-none-eabi/14.3 rel1/arm-none-eabi/include/c
 517              		.file 22 "C:/Program Files (x86)/Arm GNU Toolchain arm-none-eabi/14.3 rel1/arm-none-eabi/include/c
ARM GAS  C:\Users\Oliver\AppData\Local\Temp\ccEe6N9N.s 			page 12


 518              		.file 23 "C:/Program Files (x86)/Arm GNU Toolchain arm-none-eabi/14.3 rel1/arm-none-eabi/include/c
 519              		.file 24 "C:/Program Files (x86)/Arm GNU Toolchain arm-none-eabi/14.3 rel1/arm-none-eabi/include/s
 520              		.file 25 "C:/Program Files (x86)/Arm GNU Toolchain arm-none-eabi/14.3 rel1/arm-none-eabi/include/s
 521              		.file 26 "C:/Program Files (x86)/Arm GNU Toolchain arm-none-eabi/14.3 rel1/arm-none-eabi/include/s
 522              		.file 27 "C:/Program Files (x86)/Arm GNU Toolchain arm-none-eabi/14.3 rel1/arm-none-eabi/include/m
 523              		.file 28 "C:/Program Files (x86)/Arm GNU Toolchain arm-none-eabi/14.3 rel1/arm-none-eabi/include/s
 524              		.file 29 "C:/Program Files (x86)/Arm GNU Toolchain arm-none-eabi/14.3 rel1/arm-none-eabi/include/c
 525              		.file 30 "C:/Program Files (x86)/Arm GNU Toolchain arm-none-eabi/14.3 rel1/arm-none-eabi/include/c
 526              		.file 31 "C:/Program Files (x86)/Arm GNU Toolchain arm-none-eabi/14.3 rel1/arm-none-eabi/include/c
 527              		.file 32 "dependencies/libDaisy/src/daisy_core.h"
 528              		.file 33 "dependencies/libDaisy/src/dev/max11300.h"
 529              		.file 34 "dependencies/libDaisy/src/dev/sr_595.h"
 530              		.file 35 "dependencies/libDaisy/src/util/wav_format.h"
 531              		.file 36 "dependencies/libDaisy/src/daisy_seed.h"
 532              		.file 37 "C:/Program Files (x86)/Arm GNU Toolchain arm-none-eabi/14.3 rel1/arm-none-eabi/include/c
 533              		.file 38 "C:/Program Files (x86)/Arm GNU Toolchain arm-none-eabi/14.3 rel1/lib/gcc/arm-none-eabi/1
 534              		.file 39 "C:/Program Files (x86)/Arm GNU Toolchain arm-none-eabi/14.3 rel1/arm-none-eabi/include/s
 535              		.file 40 "C:/Program Files (x86)/Arm GNU Toolchain arm-none-eabi/14.3 rel1/arm-none-eabi/include/s
 536              		.file 41 "C:/Program Files (x86)/Arm GNU Toolchain arm-none-eabi/14.3 rel1/arm-none-eabi/include/w
 537              		.file 42 "dependencies/libDaisy/Middlewares/Third_Party/FatFs/src/integer.h"
 538              		.file 43 "dependencies/libDaisy/Middlewares/Third_Party/FatFs/src/ff.h"
 539              		.file 44 "parameters/effectparameter.h"
 540              		.file 45 "parameters/../controls.h"
 541              		.file 46 "parameters/toggleparameter.h"
 542              		.file 47 "C:/Program Files (x86)/Arm GNU Toolchain arm-none-eabi/14.3 rel1/arm-none-eabi/include/c
 543              		.file 48 "C:/Program Files (x86)/Arm GNU Toolchain arm-none-eabi/14.3 rel1/arm-none-eabi/include/c
 544              		.file 49 "<built-in>"
ARM GAS  C:\Users\Oliver\AppData\Local\Temp\ccEe6N9N.s 			page 13


DEFINED SYMBOLS
                            *ABS*:00000000 toggleparameter.cpp
C:\Users\Oliver\AppData\Local\Temp\ccEe6N9N.s:20     .text._ZN11perspective15ToggleParameter8SetValueEf:00000000 $t
C:\Users\Oliver\AppData\Local\Temp\ccEe6N9N.s:27     .text._ZN11perspective15ToggleParameter8SetValueEf:00000000 _ZN11perspective15ToggleParameter8SetValueEf
C:\Users\Oliver\AppData\Local\Temp\ccEe6N9N.s:73     .text._ZNK11perspective15ToggleParameter7GetTypeEv:00000000 $t
C:\Users\Oliver\AppData\Local\Temp\ccEe6N9N.s:80     .text._ZNK11perspective15ToggleParameter7GetTypeEv:00000000 _ZNK11perspective15ToggleParameter7GetTypeEv
C:\Users\Oliver\AppData\Local\Temp\ccEe6N9N.s:98     .text._ZN11perspective15ToggleParameterD2Ev:00000000 $t
C:\Users\Oliver\AppData\Local\Temp\ccEe6N9N.s:105    .text._ZN11perspective15ToggleParameterD2Ev:00000000 _ZN11perspective15ToggleParameterD2Ev
C:\Users\Oliver\AppData\Local\Temp\ccEe6N9N.s:138    .text._ZN11perspective15ToggleParameterD2Ev:00000010 $d
C:\Users\Oliver\AppData\Local\Temp\ccEe6N9N.s:487    .rodata._ZTVN11perspective15ToggleParameterE:00000000 _ZTVN11perspective15ToggleParameterE
C:\Users\Oliver\AppData\Local\Temp\ccEe6N9N.s:105    .text._ZN11perspective15ToggleParameterD2Ev:00000000 _ZN11perspective15ToggleParameterD1Ev
C:\Users\Oliver\AppData\Local\Temp\ccEe6N9N.s:145    .text._ZN11perspective15ToggleParameterD0Ev:00000000 $t
C:\Users\Oliver\AppData\Local\Temp\ccEe6N9N.s:152    .text._ZN11perspective15ToggleParameterD0Ev:00000000 _ZN11perspective15ToggleParameterD0Ev
C:\Users\Oliver\AppData\Local\Temp\ccEe6N9N.s:198    .text._ZN11perspective15ToggleParameterD0Ev:00000018 $d
C:\Users\Oliver\AppData\Local\Temp\ccEe6N9N.s:203    .rodata._ZNK11perspective15ToggleParameter16GetValueAsStringEPcj.str1.4:00000000 $d
C:\Users\Oliver\AppData\Local\Temp\ccEe6N9N.s:207    .text._ZNK11perspective15ToggleParameter16GetValueAsStringEPcj:00000000 $t
C:\Users\Oliver\AppData\Local\Temp\ccEe6N9N.s:214    .text._ZNK11perspective15ToggleParameter16GetValueAsStringEPcj:00000000 _ZNK11perspective15ToggleParameter16GetValueAsStringEPcj
C:\Users\Oliver\AppData\Local\Temp\ccEe6N9N.s:273    .text._ZNK11perspective15ToggleParameter16GetValueAsStringEPcj:00000024 $d
C:\Users\Oliver\AppData\Local\Temp\ccEe6N9N.s:280    .text._ZN11perspective15ToggleParameterC2EPKcbiS2_S2_i:00000000 $t
C:\Users\Oliver\AppData\Local\Temp\ccEe6N9N.s:287    .text._ZN11perspective15ToggleParameterC2EPKcbiS2_S2_i:00000000 _ZN11perspective15ToggleParameterC2EPKcbiS2_S2_i
C:\Users\Oliver\AppData\Local\Temp\ccEe6N9N.s:370    .text._ZN11perspective15ToggleParameterC2EPKcbiS2_S2_i:00000054 $d
C:\Users\Oliver\AppData\Local\Temp\ccEe6N9N.s:287    .text._ZN11perspective15ToggleParameterC2EPKcbiS2_S2_i:00000000 _ZN11perspective15ToggleParameterC1EPKcbiS2_S2_i
C:\Users\Oliver\AppData\Local\Temp\ccEe6N9N.s:379    .text._ZN11perspective15ToggleParameter6ToggleEv:00000000 $t
C:\Users\Oliver\AppData\Local\Temp\ccEe6N9N.s:386    .text._ZN11perspective15ToggleParameter6ToggleEv:00000000 _ZN11perspective15ToggleParameter6ToggleEv
C:\Users\Oliver\AppData\Local\Temp\ccEe6N9N.s:420    .text._ZNK11perspective15ToggleParameter8GetStateEv:00000000 $t
C:\Users\Oliver\AppData\Local\Temp\ccEe6N9N.s:427    .text._ZNK11perspective15ToggleParameter8GetStateEv:00000000 _ZNK11perspective15ToggleParameter8GetStateEv
C:\Users\Oliver\AppData\Local\Temp\ccEe6N9N.s:445    .text._ZN11perspective15ToggleParameter8SetStateEb:00000000 $t
C:\Users\Oliver\AppData\Local\Temp\ccEe6N9N.s:452    .text._ZN11perspective15ToggleParameter8SetStateEb:00000000 _ZN11perspective15ToggleParameter8SetStateEb
C:\Users\Oliver\AppData\Local\Temp\ccEe6N9N.s:484    .rodata._ZTVN11perspective15ToggleParameterE:00000000 $d

UNDEFINED SYMBOLS
_ZN11perspective15EffectParameterD2Ev
_ZdlPvj
snprintf
_ZN11perspective15EffectParameterC2EPKcfffii
strncpy
